Archive member included to satisfy reference by file (symbol)

c:/program files (x86)/atmel/studio/7.0/toolchain/arm/arm-gnu-toolchain/bin/../lib/gcc/arm-none-eabi/6.3.1/thumb/v6-m\libgcc.a(_udivsi3.o)
                              src/ASF/sam0/drivers/sercom/i2c/i2c_samd20/i2c_master.o (__aeabi_uidiv)
c:/program files (x86)/atmel/studio/7.0/toolchain/arm/arm-gnu-toolchain/bin/../lib/gcc/arm-none-eabi/6.3.1/thumb/v6-m\libgcc.a(_dvmd_tls.o)
                              c:/program files (x86)/atmel/studio/7.0/toolchain/arm/arm-gnu-toolchain/bin/../lib/gcc/arm-none-eabi/6.3.1/thumb/v6-m\libgcc.a(_udivsi3.o) (__aeabi_idiv0)
c:/program files (x86)/atmel/studio/7.0/toolchain/arm/arm-gnu-toolchain/bin/../lib/gcc/arm-none-eabi/6.3.1/thumb/v6-m\libgcc.a(_muldi3.o)
                              src/ASF/sam0/drivers/sercom/sercom.o (__aeabi_lmul)
c:/program files (x86)/atmel/studio/7.0/toolchain/arm/arm-gnu-toolchain/bin/../lib/gcc/arm-none-eabi/6.3.1/../../../../arm-none-eabi/lib/thumb/v6-m\libc_nano.a(lib_a-exit.o)
                              c:/program files (x86)/atmel/studio/7.0/toolchain/arm/arm-gnu-toolchain/bin/../lib/gcc/arm-none-eabi/6.3.1/../../../../arm-none-eabi/lib/thumb/v6-m/crt0.o (exit)
c:/program files (x86)/atmel/studio/7.0/toolchain/arm/arm-gnu-toolchain/bin/../lib/gcc/arm-none-eabi/6.3.1/../../../../arm-none-eabi/lib/thumb/v6-m\libc_nano.a(lib_a-impure.o)
                              c:/program files (x86)/atmel/studio/7.0/toolchain/arm/arm-gnu-toolchain/bin/../lib/gcc/arm-none-eabi/6.3.1/../../../../arm-none-eabi/lib/thumb/v6-m\libc_nano.a(lib_a-exit.o) (_global_impure_ptr)
c:/program files (x86)/atmel/studio/7.0/toolchain/arm/arm-gnu-toolchain/bin/../lib/gcc/arm-none-eabi/6.3.1/../../../../arm-none-eabi/lib/thumb/v6-m\libc_nano.a(lib_a-init.o)
                              c:/program files (x86)/atmel/studio/7.0/toolchain/arm/arm-gnu-toolchain/bin/../lib/gcc/arm-none-eabi/6.3.1/../../../../arm-none-eabi/lib/thumb/v6-m/crt0.o (__libc_init_array)
c:/program files (x86)/atmel/studio/7.0/toolchain/arm/arm-gnu-toolchain/bin/../lib/gcc/arm-none-eabi/6.3.1/../../../../arm-none-eabi/lib/thumb/v6-m\libc_nano.a(lib_a-memset.o)
                              c:/program files (x86)/atmel/studio/7.0/toolchain/arm/arm-gnu-toolchain/bin/../lib/gcc/arm-none-eabi/6.3.1/../../../../arm-none-eabi/lib/thumb/v6-m/crt0.o (memset)

Allocating common symbols
Common symbol       size              file

new_rx_cmds         0xc               src/DC_peripherals.o
write_packet        0xc               src/DC_sercom.o
rx_cmds             0xc               src/DC_peripherals.o
read_packet         0xc               src/DC_sercom.o
isNewData           0x1               src/main.o
rx_buffer           0x100             src/DC_sercom.o
_sercom_instances   0x18              src/ASF/sam0/drivers/sercom/sercom_interrupt.o
wr_cmds             0x8               src/DC_peripherals.o
_extint_dev         0x40              src/ASF/sam0/drivers/extint/extint_sam_d_r_h/extint.o
_current_channel    0x1               src/ASF/sam0/drivers/extint/extint_callback.o
i2c_master_instance
                    0x28              src/DC_sercom.o
config_i2c_master   0x28              src/DC_sercom.o

Discarded input sections

 .text          0x00000000        0x0 c:/program files (x86)/atmel/studio/7.0/toolchain/arm/arm-gnu-toolchain/bin/../lib/gcc/arm-none-eabi/6.3.1/thumb/v6-m/crti.o
 .data          0x00000000        0x0 c:/program files (x86)/atmel/studio/7.0/toolchain/arm/arm-gnu-toolchain/bin/../lib/gcc/arm-none-eabi/6.3.1/thumb/v6-m/crti.o
 .bss           0x00000000        0x0 c:/program files (x86)/atmel/studio/7.0/toolchain/arm/arm-gnu-toolchain/bin/../lib/gcc/arm-none-eabi/6.3.1/thumb/v6-m/crti.o
 .data          0x00000000        0x4 c:/program files (x86)/atmel/studio/7.0/toolchain/arm/arm-gnu-toolchain/bin/../lib/gcc/arm-none-eabi/6.3.1/thumb/v6-m/crtbegin.o
 .text          0x00000000       0x78 c:/program files (x86)/atmel/studio/7.0/toolchain/arm/arm-gnu-toolchain/bin/../lib/gcc/arm-none-eabi/6.3.1/../../../../arm-none-eabi/lib/thumb/v6-m/crt0.o
 .data          0x00000000        0x0 c:/program files (x86)/atmel/studio/7.0/toolchain/arm/arm-gnu-toolchain/bin/../lib/gcc/arm-none-eabi/6.3.1/../../../../arm-none-eabi/lib/thumb/v6-m/crt0.o
 .bss           0x00000000        0x0 c:/program files (x86)/atmel/studio/7.0/toolchain/arm/arm-gnu-toolchain/bin/../lib/gcc/arm-none-eabi/6.3.1/../../../../arm-none-eabi/lib/thumb/v6-m/crt0.o
 .ARM.extab     0x00000000        0x0 c:/program files (x86)/atmel/studio/7.0/toolchain/arm/arm-gnu-toolchain/bin/../lib/gcc/arm-none-eabi/6.3.1/../../../../arm-none-eabi/lib/thumb/v6-m/crt0.o
 .ARM.exidx     0x00000000        0x8 c:/program files (x86)/atmel/studio/7.0/toolchain/arm/arm-gnu-toolchain/bin/../lib/gcc/arm-none-eabi/6.3.1/../../../../arm-none-eabi/lib/thumb/v6-m/crt0.o
 .ARM.attributes
[...]
Memory Configuration

Name             Origin             Length             Attributes
rom              0x00000000         0x00040000         xr
ram              0x20000000         0x00008000         xrw
*default*        0x00000000         0xffffffff

Linker script and memory map

LOAD c:/program files (x86)/atmel/studio/7.0/toolchain/arm/arm-gnu-toolchain/bin/../lib/gcc/arm-none-eabi/6.3.1/thumb/v6-m/crti.o
LOAD c:/program files (x86)/atmel/studio/7.0/toolchain/arm/arm-gnu-toolchain/bin/../lib/gcc/arm-none-eabi/6.3.1/thumb/v6-m/crtbegin.o
LOAD c:/program files (x86)/atmel/studio/7.0/toolchain/arm/arm-gnu-toolchain/bin/../lib/gcc/arm-none-eabi/6.3.1/../../../../arm-none-eabi/lib/thumb/v6-m/crt0.o
LOAD src/ASF/sam0/drivers/sercom/i2c/i2c_samd20/i2c_master.o
LOAD src/ASF/sam0/drivers/sercom/i2c/i2c_samd20/i2c_master_interrupt.o
LOAD src/ASF/sam0/drivers/sercom/sercom.o
LOAD src/ASF/sam0/drivers/sercom/sercom_interrupt.o
LOAD src/DC_sercom.o
LOAD src/ASF/common2/services/delay/sam0/systick_counter.o
LOAD src/ASF/sam0/drivers/extint/extint_sam_d_r_h/extint.o
LOAD src/ASF/sam0/drivers/port/port.o
LOAD src/ASF/sam0/drivers/extint/extint_callback.o
LOAD src/ASF/common2/boards/user_board/init.o
LOAD src/ASF/common/utils/interrupt/interrupt_sam_nvic.o
LOAD src/ASF/sam0/drivers/system/clock/clock_samd20/clock.o
LOAD src/ASF/sam0/drivers/system/clock/clock_samd20/gclk.o
LOAD src/ASF/sam0/drivers/system/interrupt/system_interrupt.o
LOAD src/ASF/sam0/drivers/system/pinmux/pinmux.o
LOAD src/ASF/sam0/drivers/system/system.o
LOAD src/ASF/sam0/utils/cmsis/samd20/source/gcc/startup_samd20.o
LOAD src/ASF/sam0/utils/cmsis/samd20/source/system_samd20.o
LOAD src/ASF/sam0/utils/syscalls/gcc/syscalls.o
LOAD src/DC_peripherals.o
LOAD src/main.o
START GROUP
LOAD ../src/ASF/thirdparty/CMSIS/Lib/GCC\libarm_cortexM0l_math.a
LOAD c:/program files (x86)/atmel/studio/7.0/toolchain/arm/arm-gnu-toolchain/bin/../lib/gcc/arm-none-eabi/6.3.1/../../../../arm-none-eabi/lib/thumb/v6-m\libm.a
END GROUP
START GROUP
LOAD c:/program files (x86)/atmel/studio/7.0/toolchain/arm/arm-gnu-toolchain/bin/../lib/gcc/arm-none-eabi/6.3.1/thumb/v6-m\libgcc.a
LOAD c:/program files (x86)/atmel/studio/7.0/toolchain/arm/arm-gnu-toolchain/bin/../lib/gcc/arm-none-eabi/6.3.1/../../../../arm-none-eabi/lib/thumb/v6-m\libc_nano.a
END GROUP
START GROUP
LOAD c:/program files (x86)/atmel/studio/7.0/toolchain/arm/arm-gnu-toolchain/bin/../lib/gcc/arm-none-eabi/6.3.1/thumb/v6-m\libgcc.a
LOAD c:/program files (x86)/atmel/studio/7.0/toolchain/arm/arm-gnu-toolchain/bin/../lib/gcc/arm-none-eabi/6.3.1/../../../../arm-none-eabi/lib/thumb/v6-m\libc_nano.a
END GROUP
LOAD c:/program files (x86)/atmel/studio/7.0/toolchain/arm/arm-gnu-toolchain/bin/../lib/gcc/arm-none-eabi/6.3.1/thumb/v6-m/crtend.o
LOAD c:/program files (x86)/atmel/studio/7.0/toolchain/arm/arm-gnu-toolchain/bin/../lib/gcc/arm-none-eabi/6.3.1/thumb/v6-m/crtn.o
                0x00002000                STACK_SIZE = DEFINED (STACK_SIZE)?STACK_SIZE:DEFINED (__stack_size__)?__stack_size__:0x2000

.text           0x00000000     0x18e4
                0x00000000                . = ALIGN (0x4)
                0x00000000                _sfixed = .
 *(.vectors .vectors.*)
 .vectors       0x00000000       0xa4 src/ASF/sam0/utils/cmsis/samd20/source/gcc/startup_samd20.o
                0x00000000                exception_table
 *(.text .text.* .gnu.linkonce.t.*)
 .text          0x000000a4       0x60 c:/program files (x86)/atmel/studio/7.0/toolchain/arm/arm-gnu-toolchain/bin/../lib/gcc/arm-none-eabi/6.3.1/thumb/v6-m/crtbegin.o
 .text._i2c_master_wait_for_sync
                0x00000104        0xc src/ASF/sam0/drivers/sercom/i2c/i2c_samd20/i2c_master.o
 .text._i2c_master_address_response
                0x00000110       0x30 src/ASF/sam0/drivers/sercom/i2c/i2c_samd20/i2c_master.o
 .text._i2c_master_wait_for_bus
                0x00000140       0x2c src/ASF/sam0/drivers/sercom/i2c/i2c_samd20/i2c_master.o
 .text._i2c_master_write_packet
                0x0000016c       0xb4 src/ASF/sam0/drivers/sercom/i2c/i2c_samd20/i2c_master.o
 .text.i2c_master_init
                0x00000220      0x194 src/ASF/sam0/drivers/sercom/i2c/i2c_samd20/i2c_master.o
                0x00000220                i2c_master_init
 .text.i2c_master_write_packet_wait
                0x000003b4       0x24 src/ASF/sam0/drivers/sercom/i2c/i2c_samd20/i2c_master.o
                0x000003b4                i2c_master_write_packet_wait
 .text._i2c_master_wait_for_sync
                0x000003d8        0xc src/ASF/sam0/drivers/sercom/i2c/i2c_samd20/i2c_master_interrupt.o
 .text._i2c_master_read
                0x000003e4       0x7c src/ASF/sam0/drivers/sercom/i2c/i2c_samd20/i2c_master_interrupt.o
 .text._i2c_master_write
                0x00000460       0x38 src/ASF/sam0/drivers/sercom/i2c/i2c_samd20/i2c_master_interrupt.o
 .text._i2c_master_interrupt_handler
                0x00000498      0x1d0 src/ASF/sam0/drivers/sercom/i2c/i2c_samd20/i2c_master_interrupt.o
                0x00000498                _i2c_master_interrupt_handler
 .text.sercom_set_gclk_generator
                0x00000668       0x4c src/ASF/sam0/drivers/sercom/sercom.o
                0x00000668                sercom_set_gclk_generator
 .text._sercom_get_default_pad
                0x000006b4      0x178 src/ASF/sam0/drivers/sercom/sercom.o
                0x000006b4                _sercom_get_default_pad
 .text._sercom_get_sercom_inst_index
                0x0000082c       0x38 src/ASF/sam0/drivers/sercom/sercom.o
                0x0000082c                _sercom_get_sercom_inst_index
 .text._sercom_default_handler
                0x00000864        0x2 src/ASF/sam0/drivers/sercom/sercom_interrupt.o
 *fill*         0x00000866        0x2 
 .text._sercom_set_handler
                0x00000868       0x3c src/ASF/sam0/drivers/sercom/sercom_interrupt.o
                0x00000868                _sercom_set_handler
 .text._sercom_get_interrupt_vector
                0x000008a4       0x30 src/ASF/sam0/drivers/sercom/sercom_interrupt.o
                0x000008a4                _sercom_get_interrupt_vector
 .text.SERCOM0_Handler
                0x000008d4       0x10 src/ASF/sam0/drivers/sercom/sercom_interrupt.o
                0x000008d4                SERCOM0_Handler
 .text.SERCOM1_Handler
                0x000008e4       0x10 src/ASF/sam0/drivers/sercom/sercom_interrupt.o
                0x000008e4                SERCOM1_Handler
 .text.SERCOM2_Handler
                0x000008f4       0x10 src/ASF/sam0/drivers/sercom/sercom_interrupt.o
                0x000008f4                SERCOM2_Handler
 .text.SERCOM3_Handler
                0x00000904       0x10 src/ASF/sam0/drivers/sercom/sercom_interrupt.o
                0x00000904                SERCOM3_Handler
 .text.SERCOM4_Handler
                0x00000914       0x10 src/ASF/sam0/drivers/sercom/sercom_interrupt.o
                0x00000914                SERCOM4_Handler
 .text.SERCOM5_Handler
                0x00000924       0x10 src/ASF/sam0/drivers/sercom/sercom_interrupt.o
                0x00000924                SERCOM5_Handler
 .text.configure_i2c_master
                0x00000934       0x9c src/DC_sercom.o
                0x00000934                configure_i2c_master
 .text.i2c_slWriteA
                0x000009d0       0x70 src/DC_sercom.o
                0x000009d0                i2c_slWriteA
 .text.delay_init
                0x00000a40       0x40 src/ASF/common2/services/delay/sam0/systick_counter.o
                0x00000a40                delay_init
 .text.delay_cycles_ms
                0x00000a80       0x2c src/ASF/common2/services/delay/sam0/systick_counter.o
                0x00000a80                delay_cycles_ms
 .text._extint_enable
                0x00000aac       0x18 src/ASF/sam0/drivers/extint/extint_sam_d_r_h/extint.o
 .text._system_extint_init
                0x00000ac4       0x6c src/ASF/sam0/drivers/extint/extint_sam_d_r_h/extint.o
                0x00000ac4                _system_extint_init
 .text.extint_chan_get_config_defaults
                0x00000b30       0x14 src/ASF/sam0/drivers/extint/extint_sam_d_r_h/extint.o
                0x00000b30                extint_chan_get_config_defaults
 .text.extint_chan_set_config
                0x00000b44       0x78 src/ASF/sam0/drivers/extint/extint_sam_d_r_h/extint.o
                0x00000b44                extint_chan_set_config
 .text.port_pin_set_config
                0x00000bbc       0x24 src/ASF/sam0/drivers/port/port.o
                0x00000bbc                port_pin_set_config
 .text.extint_register_callback
                0x00000be0       0x2c src/ASF/sam0/drivers/extint/extint_callback.o
                0x00000be0                extint_register_callback
 .text.extint_chan_enable_callback
                0x00000c0c       0x20 src/ASF/sam0/drivers/extint/extint_callback.o
                0x00000c0c                extint_chan_enable_callback
 .text.EIC_Handler
                0x00000c2c       0x54 src/ASF/sam0/drivers/extint/extint_callback.o
                0x00000c2c                EIC_Handler
 .text.config_led
                0x00000c80       0x2c src/ASF/common2/boards/user_board/init.o
                0x00000c80                config_led
 .text.config_btn
                0x00000cac       0x20 src/ASF/common2/boards/user_board/init.o
                0x00000cac                config_btn
 .text.system_board_init
                0x00000ccc       0x58 src/ASF/common2/boards/user_board/init.o
                0x00000ccc                board_init
                0x00000ccc                system_board_init
 .text.cpu_irq_enter_critical
                0x00000d24       0x40 src/ASF/common/utils/interrupt/interrupt_sam_nvic.o
                0x00000d24                cpu_irq_enter_critical
 .text.cpu_irq_leave_critical
                0x00000d64       0x30 src/ASF/common/utils/interrupt/interrupt_sam_nvic.o
                0x00000d64                cpu_irq_leave_critical
 .text.system_clock_source_get_hz
                0x00000d94       0x7c src/ASF/sam0/drivers/system/clock/clock_samd20/clock.o
                0x00000d94                system_clock_source_get_hz
 .text.system_clock_source_osc8m_set_config
                0x00000e10       0x3c src/ASF/sam0/drivers/system/clock/clock_samd20/clock.o
                0x00000e10                system_clock_source_osc8m_set_config
 .text.system_clock_source_enable
                0x00000e4c       0x90 src/ASF/sam0/drivers/system/clock/clock_samd20/clock.o
                0x00000e4c                system_clock_source_enable
 .text.system_clock_init
                0x00000edc       0x98 src/ASF/sam0/drivers/system/clock/clock_samd20/clock.o
                0x00000edc                system_clock_init
 .text.system_gclk_init
                0x00000f74       0x24 src/ASF/sam0/drivers/system/clock/clock_samd20/gclk.o
                0x00000f74                system_gclk_init
 .text.system_gclk_gen_set_config
                0x00000f98       0xb8 src/ASF/sam0/drivers/system/clock/clock_samd20/gclk.o
                0x00000f98                system_gclk_gen_set_config
 .text.system_gclk_gen_enable
                0x00001050       0x44 src/ASF/sam0/drivers/system/clock/clock_samd20/gclk.o
                0x00001050                system_gclk_gen_enable
 .text.system_gclk_gen_get_hz
                0x00001094       0x8c src/ASF/sam0/drivers/system/clock/clock_samd20/gclk.o
                0x00001094                system_gclk_gen_get_hz
 .text.system_gclk_chan_enable
                0x00001120       0x30 src/ASF/sam0/drivers/system/clock/clock_samd20/gclk.o
                0x00001120                system_gclk_chan_enable
 .text.system_gclk_chan_disable
                0x00001150       0x5c src/ASF/sam0/drivers/system/clock/clock_samd20/gclk.o
                0x00001150                system_gclk_chan_disable
 .text.system_gclk_chan_set_config
                0x000011ac       0x1c src/ASF/sam0/drivers/system/clock/clock_samd20/gclk.o
                0x000011ac                system_gclk_chan_set_config
 .text.system_gclk_chan_get_hz
                0x000011c8       0x34 src/ASF/sam0/drivers/system/clock/clock_samd20/gclk.o
                0x000011c8                system_gclk_chan_get_hz
 .text._system_pinmux_config
                0x000011fc       0xa8 src/ASF/sam0/drivers/system/pinmux/pinmux.o
 .text.system_pinmux_pin_set_config
                0x000012a4       0x30 src/ASF/sam0/drivers/system/pinmux/pinmux.o
                0x000012a4                system_pinmux_pin_set_config
 .text._system_dummy_init
                0x000012d4        0x2 src/ASF/sam0/drivers/system/system.o
                0x000012d4                _system_events_init
                0x000012d4                _system_dummy_init
                0x000012d4                _system_divas_init
 *fill*         0x000012d6        0x2 
 .text.system_init
                0x000012d8       0x2c src/ASF/sam0/drivers/system/system.o
                0x000012d8                system_init
 .text.Dummy_Handler
                0x00001304        0x2 src/ASF/sam0/utils/cmsis/samd20/source/gcc/startup_samd20.o
                0x00001304                HardFault_Handler
                0x00001304                TC2_Handler
                0x00001304                AC_Handler
                0x00001304                PendSV_Handler
                0x00001304                NMI_Handler
                0x00001304                TC7_Handler
                0x00001304                ADC_Handler
                0x00001304                RTC_Handler
                0x00001304                TC6_Handler
                0x00001304                WDT_Handler
                0x00001304                TC4_Handler
                0x00001304                TC1_Handler
                0x00001304                TC3_Handler
                0x00001304                Dummy_Handler
                0x00001304                PM_Handler
                0x00001304                SVC_Handler
                0x00001304                EVSYS_Handler
                0x00001304                NVMCTRL_Handler
                0x00001304                DAC_Handler
                0x00001304                PTC_Handler
                0x00001304                TC0_Handler
                0x00001304                TC5_Handler
                0x00001304                SYSCTRL_Handler
 *fill*         0x00001306        0x2 
 .text.Reset_Handler
                0x00001308       0x98 src/ASF/sam0/utils/cmsis/samd20/source/gcc/startup_samd20.o
                0x00001308                Reset_Handler
 .text.extint_detection_callback
                0x000013a0       0x44 src/DC_peripherals.o
                0x000013a0                extint_detection_callback
 .text.extint_detection_callback_estop
                0x000013e4       0x54 src/DC_peripherals.o
                0x000013e4                extint_detection_callback_estop
 .text.configure_extint_channel
                0x00001438       0x30 src/DC_peripherals.o
                0x00001438                configure_extint_channel
 .text.configure_extint_EStop
                0x00001468       0x30 src/DC_peripherals.o
                0x00001468                configure_extint_EStop
 .text.configure_extint_callbacks
                0x00001498       0x34 src/DC_peripherals.o
                0x00001498                configure_extint_callbacks
 .text.SysTick_Handler
                0x000014cc        0x2 src/DC_peripherals.o
                0x000014cc                SysTick_Handler
 *fill*         0x000014ce        0x2 
 .text.config_IO_Panel
                0x000014d0       0x7c src/DC_peripherals.o
                0x000014d0                config_IO_Panel
 .text.IOPanel_Powerup
                0x0000154c       0x34 src/DC_peripherals.o
                0x0000154c                IOPanel_Powerup
 .text.sys_config
                0x00001580       0x58 src/DC_peripherals.o
                0x00001580                sys_config
 .text.clear_wrCMDS
                0x000015d8       0x10 src/main.o
                0x000015d8                clear_wrCMDS
 .text.main     0x000015e8      0x124 src/main.o
                0x000015e8                main
 .text          0x0000170c      0x114 c:/program files (x86)/atmel/studio/7.0/toolchain/arm/arm-gnu-toolchain/bin/../lib/gcc/arm-none-eabi/6.3.1/thumb/v6-m\libgcc.a(_udivsi3.o)
                0x0000170c                __aeabi_uidiv
                0x0000170c                __udivsi3
                0x00001818                __aeabi_uidivmod
 .text          0x00001820        0x4 c:/program files (x86)/atmel/studio/7.0/toolchain/arm/arm-gnu-toolchain/bin/../lib/gcc/arm-none-eabi/6.3.1/thumb/v6-m\libgcc.a(_dvmd_tls.o)
                0x00001820                __aeabi_idiv0
                0x00001820                __aeabi_ldiv0
 .text.__libc_init_array
                0x00001824       0x48 c:/program files (x86)/atmel/studio/7.0/toolchain/arm/arm-gnu-toolchain/bin/../lib/gcc/arm-none-eabi/6.3.1/../../../../arm-none-eabi/lib/thumb/v6-m\libc_nano.a(lib_a-init.o)
                0x00001824                __libc_init_array
 *(.glue_7t)
 .glue_7t       0x0000186c        0x0 linker stubs
 *(.glue_7)
 .glue_7        0x0000186c        0x0 linker stubs
 *(.rodata .rodata* .gnu.linkonce.r.*)
 .rodata        0x0000186c       0x18 src/ASF/sam0/drivers/sercom/sercom.o
 .rodata.system_clock_source_get_hz
                0x00001884       0x20 src/ASF/sam0/drivers/system/clock/clock_samd20/clock.o
 .rodata.system_clock_source_enable
                0x000018a4       0x20 src/ASF/sam0/drivers/system/clock/clock_samd20/clock.o
 *(.ARM.extab* .gnu.linkonce.armextab.*)
                0x000018c4                . = ALIGN (0x4)
 *(.init)
 .init          0x000018c4        0x4 c:/program files (x86)/atmel/studio/7.0/toolchain/arm/arm-gnu-toolchain/bin/../lib/gcc/arm-none-eabi/6.3.1/thumb/v6-m/crti.o
                0x000018c4                _init
 .init          0x000018c8        0x8 c:/program files (x86)/atmel/studio/7.0/toolchain/arm/arm-gnu-toolchain/bin/../lib/gcc/arm-none-eabi/6.3.1/thumb/v6-m/crtn.o
                0x000018d0                . = ALIGN (0x4)
                0x000018d0                __preinit_array_start = .
 *(.preinit_array)
                0x000018d0                __preinit_array_end = .
                0x000018d0                . = ALIGN (0x4)
                0x000018d0                __init_array_start = .
 *(SORT(.init_array.*))
 *(.init_array)
 .init_array    0x000018d0        0x4 c:/program files (x86)/atmel/studio/7.0/toolchain/arm/arm-gnu-toolchain/bin/../lib/gcc/arm-none-eabi/6.3.1/thumb/v6-m/crtbegin.o
                0x000018d4                __init_array_end = .
                0x000018d4                . = ALIGN (0x4)
 *crtbegin.o(.ctors)
 *(EXCLUDE_FILE(*crtend.o) .ctors)
 *(SORT(.ctors.*))
 *crtend.o(.ctors)
                0x000018d4                . = ALIGN (0x4)
 *(.fini)
 .fini          0x000018d4        0x4 c:/program files (x86)/atmel/studio/7.0/toolchain/arm/arm-gnu-toolchain/bin/../lib/gcc/arm-none-eabi/6.3.1/thumb/v6-m/crti.o
                0x000018d4                _fini
 .fini          0x000018d8        0x8 c:/program files (x86)/atmel/studio/7.0/toolchain/arm/arm-gnu-toolchain/bin/../lib/gcc/arm-none-eabi/6.3.1/thumb/v6-m/crtn.o
                0x000018e0                . = ALIGN (0x4)
                0x000018e0                __fini_array_start = .
 *(.fini_array)
 .fini_array    0x000018e0        0x4 c:/program files (x86)/atmel/studio/7.0/toolchain/arm/arm-gnu-toolchain/bin/../lib/gcc/arm-none-eabi/6.3.1/thumb/v6-m/crtbegin.o
 *(SORT(.fini_array.*))
                0x000018e4                __fini_array_end = .
 *crtbegin.o(.dtors)
 *(EXCLUDE_FILE(*crtend.o) .dtors)
 *(SORT(.dtors.*))
 *crtend.o(.dtors)
                0x000018e4                . = ALIGN (0x4)
                0x000018e4                _efixed = .
                [!provide]                PROVIDE (__exidx_start, .)

.vfp11_veneer   0x000018e4        0x0
 .vfp11_veneer  0x000018e4        0x0 linker stubs

.v4_bx          0x000018e4        0x0
 .v4_bx         0x000018e4        0x0 linker stubs

.iplt           0x000018e4        0x0
 .iplt          0x000018e4        0x0 c:/program files (x86)/atmel/studio/7.0/toolchain/arm/arm-gnu-toolchain/bin/../lib/gcc/arm-none-eabi/6.3.1/thumb/v6-m/crtbegin.o

.eh_frame       0x000018e4        0x0
 .eh_frame      0x000018e4        0x0 c:/program files (x86)/atmel/studio/7.0/toolchain/arm/arm-gnu-toolchain/bin/../lib/gcc/arm-none-eabi/6.3.1/thumb/v6-m/crtbegin.o

.rel.dyn        0x000018e4        0x0
 .rel.iplt      0x000018e4        0x0 c:/program files (x86)/atmel/studio/7.0/toolchain/arm/arm-gnu-toolchain/bin/../lib/gcc/arm-none-eabi/6.3.1/thumb/v6-m/crtbegin.o

.jcr            0x000018e4        0x0
 .jcr           0x000018e4        0x0 c:/program files (x86)/atmel/studio/7.0/toolchain/arm/arm-gnu-toolchain/bin/../lib/gcc/arm-none-eabi/6.3.1/thumb/v6-m/crtbegin.o

.igot.plt       0x000018e4        0x0
 .igot.plt      0x000018e4        0x0 c:/program files (x86)/atmel/studio/7.0/toolchain/arm/arm-gnu-toolchain/bin/../lib/gcc/arm-none-eabi/6.3.1/thumb/v6-m/crtbegin.o

.ARM.exidx
 *(.ARM.exidx* .gnu.linkonce.armexidx.*)
                [!provide]                PROVIDE (__exidx_end, .)
                0x000018e4                . = ALIGN (0x4)
                0x000018e4                _etext = .

.relocate       0x20000000        0xc load address 0x000018e4
                0x20000000                . = ALIGN (0x4)
                0x20000000                _srelocate = .
 *(.ramfunc .ramfunc.*)
 *(.data .data.*)
 .data.cycles_per_ms
                0x20000000        0x4 src/ASF/common2/services/delay/sam0/systick_counter.o
 .data.cycles_per_us
                0x20000004        0x4 src/ASF/common2/services/delay/sam0/systick_counter.o
 .data.g_interrupt_enabled
                0x20000008        0x1 src/ASF/common/utils/interrupt/interrupt_sam_nvic.o
                0x20000008                g_interrupt_enabled
                0x2000000c                . = ALIGN (0x4)
 *fill*         0x20000009        0x3 
                0x2000000c                _erelocate = .

.bss            0x2000000c      0x23c load address 0x000018f0
                0x2000000c                . = ALIGN (0x4)
                0x2000000c                _sbss = .
                0x2000000c                _szero = .
 *(.bss .bss.*)
 .bss           0x2000000c       0x1c c:/program files (x86)/atmel/studio/7.0/toolchain/arm/arm-gnu-toolchain/bin/../lib/gcc/arm-none-eabi/6.3.1/thumb/v6-m/crtbegin.o
 .bss._sercom_config
                0x20000028        0x2 src/ASF/sam0/drivers/sercom/sercom.o
 .bss._handler_table_initialized
                0x2000002a        0x1 src/ASF/sam0/drivers/sercom/sercom_interrupt.o
 *fill*         0x2000002b        0x1 
 .bss._sercom_interrupt_handlers
                0x2000002c       0x18 src/ASF/sam0/drivers/sercom/sercom_interrupt.o
 .bss.timeout   0x20000044        0x2 src/DC_sercom.o
                0x20000044                timeout
 *fill*         0x20000046        0x2 
 .bss.cpu_irq_critical_section_counter
                0x20000048        0x4 src/ASF/common/utils/interrupt/interrupt_sam_nvic.o
 .bss.cpu_irq_prev_interrupt_state
                0x2000004c        0x1 src/ASF/common/utils/interrupt/interrupt_sam_nvic.o
 *fill*         0x2000004d        0x3 
 .bss._system_clock_inst
                0x20000050       0x14 src/ASF/sam0/drivers/system/clock/clock_samd20/clock.o
 *(COMMON)
 COMMON         0x20000064       0x18 src/ASF/sam0/drivers/sercom/sercom_interrupt.o
                0x20000064                _sercom_instances
 COMMON         0x2000007c      0x168 src/DC_sercom.o
                0x2000007c                write_packet
                0x20000088                read_packet
                0x20000094                rx_buffer
                0x20000194                i2c_master_instance
                0x200001bc                config_i2c_master
 COMMON         0x200001e4       0x40 src/ASF/sam0/drivers/extint/extint_sam_d_r_h/extint.o
                0x200001e4                _extint_dev
 COMMON         0x20000224        0x1 src/ASF/sam0/drivers/extint/extint_callback.o
                0x20000224                _current_channel
 *fill*         0x20000225        0x3 
 COMMON         0x20000228       0x20 src/DC_peripherals.o
                0x20000228                new_rx_cmds
                0x20000234                rx_cmds
                0x20000240                wr_cmds
                0x20000248                . = ALIGN (0x4)
                0x20000248                _ebss = .
                0x20000248                _ezero = .

.stack          0x20000248     0x2000 load address 0x00001b2c
                0x20000248                . = ALIGN (0x8)
                0x20000248                _sstack = .
                0x20002248                . = (. + STACK_SIZE)
 *fill*         0x20000248     0x2000 
                0x20002248                . = ALIGN (0x8)
                0x20002248                _estack = .
                0x20002248                . = ALIGN (0x4)
                0x20002248                _end = .
OUTPUT(External_Interrupt_Test_MCU.elf elf32-littlearm)

.ARM.attributes
                0x00000000       0x28
 .ARM.attributes
                0x00000000       0x1e c:/program files (x86)/atmel/studio/7.0/toolchain/arm/arm-gnu-toolchain/bin/../lib/gcc/arm-none-eabi/6.3.1/thumb/v6-m/crti.o
 .ARM.attributes
                0x0000001e       0x2c c:/program files (x86)/atmel/studio/7.0/toolchain/arm/arm-gnu-toolchain/bin/../lib/gcc/arm-none-eabi/6.3.1/thumb/v6-m/crtbegin.o
 .ARM.attributes
                0x0000004a       0x32 src/ASF/sam0/drivers/sercom/i2c/i2c_samd20/i2c_master.o
 .ARM.attributes
                0x0000007c       0x32 src/ASF/sam0/drivers/sercom/i2c/i2c_samd20/i2c_master_interrupt.o
 .ARM.attributes
                0x000000ae       0x32 src/ASF/sam0/drivers/sercom/sercom.o
 .ARM.attributes
                0x000000e0       0x32 src/ASF/sam0/drivers/sercom/sercom_interrupt.o
 .ARM.attributes
                0x00000112       0x32 src/DC_sercom.o
 .ARM.attributes
                0x00000144       0x32 src/ASF/common2/services/delay/sam0/systick_counter.o
 .ARM.attributes
                0x00000176       0x32 src/ASF/sam0/drivers/extint/extint_sam_d_r_h/extint.o
 .ARM.attributes
                0x000001a8       0x32 src/ASF/sam0/drivers/port/port.o
 .ARM.attributes
                0x000001da       0x32 src/ASF/sam0/drivers/extint/extint_callback.o
 .ARM.attributes
                0x0000020c       0x32 src/ASF/common2/boards/user_board/init.o
 .ARM.attributes
                0x0000023e       0x32 src/ASF/common/utils/interrupt/interrupt_sam_nvic.o
 .ARM.attributes
                0x00000270       0x32 src/ASF/sam0/drivers/system/clock/clock_samd20/clock.o
 .ARM.attributes
                0x000002a2       0x32 src/ASF/sam0/drivers/system/clock/clock_samd20/gclk.o
 .ARM.attributes
                0x000002d4       0x32 src/ASF/sam0/drivers/system/pinmux/pinmux.o
 .ARM.attributes
                0x00000306       0x32 src/ASF/sam0/drivers/system/system.o
 .ARM.attributes
                0x00000338       0x32 src/ASF/sam0/utils/cmsis/samd20/source/gcc/startup_samd20.o
 .ARM.attributes
                0x0000036a       0x32 src/DC_peripherals.o
 .ARM.attributes
                0x0000039c       0x32 src/main.o
 .ARM.attributes
                0x000003ce       0x1e c:/program files (x86)/atmel/studio/7.0/toolchain/arm/arm-gnu-toolchain/bin/../lib/gcc/arm-none-eabi/6.3.1/thumb/v6-m\libgcc.a(_udivsi3.o)
 .ARM.attributes
                0x000003ec       0x1e c:/program files (x86)/atmel/studio/7.0/toolchain/arm/arm-gnu-toolchain/bin/../lib/gcc/arm-none-eabi/6.3.1/thumb/v6-m\libgcc.a(_dvmd_tls.o)
 .ARM.attributes
                0x0000040a       0x2c c:/program files (x86)/atmel/studio/7.0/toolchain/arm/arm-gnu-toolchain/bin/../lib/gcc/arm-none-eabi/6.3.1/../../../../arm-none-eabi/lib/thumb/v6-m\libc_nano.a(lib_a-init.o)
 .ARM.attributes
                0x00000436       0x1e c:/program files (x86)/atmel/studio/7.0/toolchain/arm/arm-gnu-toolchain/bin/../lib/gcc/arm-none-eabi/6.3.1/thumb/v6-m/crtn.o

.comment        0x00000000       0x59
 .comment       0x00000000       0x59 src/ASF/sam0/drivers/sercom/i2c/i2c_samd20/i2c_master.o
                                 0x5a (size before relaxing)
 .comment       0x00000059       0x5a src/ASF/sam0/drivers/sercom/i2c/i2c_samd20/i2c_master_interrupt.o
 .comment       0x00000059       0x5a src/ASF/sam0/drivers/sercom/sercom.o
 .comment       0x00000059       0x5a src/ASF/sam0/drivers/sercom/sercom_interrupt.o
 .comment       0x00000059       0x5a src/DC_sercom.o
 .comment       0x00000059       0x5a src/ASF/common2/services/delay/sam0/systick_counter.o
 .comment       0x00000059       0x5a src/ASF/sam0/drivers/extint/extint_sam_d_r_h/extint.o
 .comment       0x00000059       0x5a src/ASF/sam0/drivers/port/port.o
 .comment       0x00000059       0x5a src/ASF/sam0/drivers/extint/extint_callback.o
 .comment       0x00000059       0x5a src/ASF/common2/boards/user_board/init.o
 .comment       0x00000059       0x5a src/ASF/common/utils/interrupt/interrupt_sam_nvic.o
 .comment       0x00000059       0x5a src/ASF/sam0/drivers/system/clock/clock_samd20/clock.o
 .comment       0x00000059       0x5a src/ASF/sam0/drivers/system/clock/clock_samd20/gclk.o
 .comment       0x00000059       0x5a src/ASF/sam0/drivers/system/pinmux/pinmux.o
 .comment       0x00000059       0x5a src/ASF/sam0/drivers/system/system.o
 .comment       0x00000059       0x5a src/ASF/sam0/utils/cmsis/samd20/source/gcc/startup_samd20.o
 .comment       0x00000059       0x5a src/DC_peripherals.o
 .comment       0x00000059       0x5a src/main.o

.debug_info     0x00000000    0x263d8
 .debug_info    0x00000000     0x4680 src/ASF/sam0/drivers/sercom/i2c/i2c_samd20/i2c_master.o
 .debug_info    0x00004680     0x29c6 src/ASF/sam0/drivers/sercom/i2c/i2c_samd20/i2c_master_interrupt.o
 .debug_info    0x00007046     0x2660 src/ASF/sam0/drivers/sercom/sercom.o
 .debug_info    0x000096a6     0x2456 src/ASF/sam0/drivers/sercom/sercom_interrupt.o
 .debug_info    0x0000bafc     0x36eb src/DC_sercom.o
 .debug_info    0x0000f1e7      0xb8d src/ASF/common2/services/delay/sam0/systick_counter.o
 .debug_info    0x0000fd74     0x2a12 src/ASF/sam0/drivers/extint/extint_sam_d_r_h/extint.o
 .debug_info    0x00012786     0x12b6 src/ASF/sam0/drivers/port/port.o
 .debug_info    0x00013a3c     0x19a7 src/ASF/sam0/drivers/extint/extint_callback.o
 .debug_info    0x000153e3     0x1718 src/ASF/common2/boards/user_board/init.o
 .debug_info    0x00016afb      0xb07 src/ASF/common/utils/interrupt/interrupt_sam_nvic.o
 .debug_info    0x00017602     0x3d15 src/ASF/sam0/drivers/system/clock/clock_samd20/clock.o
 .debug_info    0x0001b317     0x1de7 src/ASF/sam0/drivers/system/clock/clock_samd20/gclk.o
 .debug_info    0x0001d0fe     0x1374 src/ASF/sam0/drivers/system/pinmux/pinmux.o
 .debug_info    0x0001e472      0xa73 src/ASF/sam0/drivers/system/system.o
 .debug_info    0x0001eee5      0x9c9 src/ASF/sam0/utils/cmsis/samd20/source/gcc/startup_samd20.o
 .debug_info    0x0001f8ae     0x3793 src/DC_peripherals.o
 .debug_info    0x00023041     0x3397 src/main.o

.debug_abbrev   0x00000000     0x3cbe
 .debug_abbrev  0x00000000      0x521 src/ASF/sam0/drivers/sercom/i2c/i2c_samd20/i2c_master.o
 .debug_abbrev  0x00000521      0x3fa src/ASF/sam0/drivers/sercom/i2c/i2c_samd20/i2c_master_interrupt.o
 .debug_abbrev  0x0000091b      0x378 src/ASF/sam0/drivers/sercom/sercom.o
 .debug_abbrev  0x00000c93      0x2d8 src/ASF/sam0/drivers/sercom/sercom_interrupt.o
 .debug_abbrev  0x00000f6b      0x409 src/DC_sercom.o
 .debug_abbrev  0x00001374      0x24b src/ASF/common2/services/delay/sam0/systick_counter.o
 .debug_abbrev  0x000015bf      0x4b4 src/ASF/sam0/drivers/extint/extint_sam_d_r_h/extint.o
 .debug_abbrev  0x00001a73      0x298 src/ASF/sam0/drivers/port/port.o
 .debug_abbrev  0x00001d0b      0x333 src/ASF/sam0/drivers/extint/extint_callback.o
 .debug_abbrev  0x0000203e      0x311 src/ASF/common2/boards/user_board/init.o
 .debug_abbrev  0x0000234f      0x22c src/ASF/common/utils/interrupt/interrupt_sam_nvic.o
 .debug_abbrev  0x0000257b      0x4a1 src/ASF/sam0/drivers/system/clock/clock_samd20/clock.o
 .debug_abbrev  0x00002a1c      0x40d src/ASF/sam0/drivers/system/clock/clock_samd20/gclk.o
 .debug_abbrev  0x00002e29      0x332 src/ASF/sam0/drivers/system/pinmux/pinmux.o
 .debug_abbrev  0x0000315b      0x1e1 src/ASF/sam0/drivers/system/system.o
 .debug_abbrev  0x0000333c      0x1e4 src/ASF/sam0/utils/cmsis/samd20/source/gcc/startup_samd20.o
 .debug_abbrev  0x00003520      0x3c2 src/DC_peripherals.o
 .debug_abbrev  0x000038e2      0x3dc src/main.o

.debug_loc      0x00000000     0x4e98
 .debug_loc     0x00000000      0xcad src/ASF/sam0/drivers/sercom/i2c/i2c_samd20/i2c_master.o
 .debug_loc     0x00000cad      0x64e src/ASF/sam0/drivers/sercom/i2c/i2c_samd20/i2c_master_interrupt.o
 .debug_loc     0x000012fb      0x9d5 src/ASF/sam0/drivers/sercom/sercom.o
 .debug_loc     0x00001cd0      0x161 src/ASF/sam0/drivers/sercom/sercom_interrupt.o
 .debug_loc     0x00001e31      0x63d src/DC_sercom.o
 .debug_loc     0x0000246e       0xe4 src/ASF/common2/services/delay/sam0/systick_counter.o
 .debug_loc     0x00002552      0x43d src/ASF/sam0/drivers/extint/extint_sam_d_r_h/extint.o
 .debug_loc     0x0000298f      0x13d src/ASF/sam0/drivers/port/port.o
 .debug_loc     0x00002acc      0x2ac src/ASF/sam0/drivers/extint/extint_callback.o
 .debug_loc     0x00002d78      0x14f src/ASF/common2/boards/user_board/init.o
 .debug_loc     0x00002ec7      0xe1c src/ASF/sam0/drivers/system/clock/clock_samd20/clock.o
 .debug_loc     0x00003ce3      0x504 src/ASF/sam0/drivers/system/clock/clock_samd20/gclk.o
 .debug_loc     0x000041e7      0x322 src/ASF/sam0/drivers/system/pinmux/pinmux.o
 .debug_loc     0x00004509       0x20 src/ASF/sam0/drivers/system/system.o
 .debug_loc     0x00004529       0x40 src/ASF/sam0/utils/cmsis/samd20/source/gcc/startup_samd20.o
 .debug_loc     0x00004569      0x571 src/DC_peripherals.o
 .debug_loc     0x00004ada      0x3be src/main.o

.debug_aranges  0x00000000      0x568
 .debug_aranges
                0x00000000       0x98 src/ASF/sam0/drivers/sercom/i2c/i2c_samd20/i2c_master.o
 .debug_aranges
                0x00000098       0x80 src/ASF/sam0/drivers/sercom/i2c/i2c_samd20/i2c_master_interrupt.o
 .debug_aranges
                0x00000118       0x48 src/ASF/sam0/drivers/sercom/sercom.o
 .debug_aranges
                0x00000160       0x60 src/ASF/sam0/drivers/sercom/sercom_interrupt.o
 .debug_aranges
                0x000001c0       0x58 src/DC_sercom.o
 .debug_aranges
                0x00000218       0x30 src/ASF/common2/services/delay/sam0/systick_counter.o
 .debug_aranges
                0x00000248       0x50 src/ASF/sam0/drivers/extint/extint_sam_d_r_h/extint.o
 .debug_aranges
                0x00000298       0x28 src/ASF/sam0/drivers/port/port.o
 .debug_aranges
                0x000002c0       0x48 src/ASF/sam0/drivers/extint/extint_callback.o
 .debug_aranges
                0x00000308       0x30 src/ASF/common2/boards/user_board/init.o
 .debug_aranges
                0x00000338       0x28 src/ASF/common/utils/interrupt/interrupt_sam_nvic.o
 .debug_aranges
                0x00000360       0x70 src/ASF/sam0/drivers/system/clock/clock_samd20/clock.o
 .debug_aranges
                0x000003d0       0x80 src/ASF/sam0/drivers/system/clock/clock_samd20/gclk.o
 .debug_aranges
                0x00000450       0x38 src/ASF/sam0/drivers/system/pinmux/pinmux.o
 .debug_aranges
                0x00000488       0x28 src/ASF/sam0/drivers/system/system.o
 .debug_aranges
                0x000004b0       0x28 src/ASF/sam0/utils/cmsis/samd20/source/gcc/startup_samd20.o
 .debug_aranges
                0x000004d8       0x60 src/DC_peripherals.o
 .debug_aranges
                0x00000538       0x30 src/main.o

.debug_ranges   0x00000000      0x578
 .debug_ranges  0x00000000       0xa0 src/ASF/sam0/drivers/sercom/i2c/i2c_samd20/i2c_master.o
 .debug_ranges  0x000000a0       0x70 src/ASF/sam0/drivers/sercom/i2c/i2c_samd20/i2c_master_interrupt.o
 .debug_ranges  0x00000110       0x50 src/ASF/sam0/drivers/sercom/sercom.o
 .debug_ranges  0x00000160       0x50 src/ASF/sam0/drivers/sercom/sercom_interrupt.o
 .debug_ranges  0x000001b0       0x48 src/DC_sercom.o
 .debug_ranges  0x000001f8       0x50 src/ASF/common2/services/delay/sam0/systick_counter.o
 .debug_ranges  0x00000248       0x40 src/ASF/sam0/drivers/extint/extint_sam_d_r_h/extint.o
 .debug_ranges  0x00000288       0x18 src/ASF/sam0/drivers/port/port.o
 .debug_ranges  0x000002a0       0x90 src/ASF/sam0/drivers/extint/extint_callback.o
 .debug_ranges  0x00000330       0x20 src/ASF/common2/boards/user_board/init.o
 .debug_ranges  0x00000350       0x18 src/ASF/common/utils/interrupt/interrupt_sam_nvic.o
 .debug_ranges  0x00000368       0x60 src/ASF/sam0/drivers/system/clock/clock_samd20/clock.o
 .debug_ranges  0x000003c8       0x88 src/ASF/sam0/drivers/system/clock/clock_samd20/gclk.o
 .debug_ranges  0x00000450       0x28 src/ASF/sam0/drivers/system/pinmux/pinmux.o
 .debug_ranges  0x00000478       0x18 src/ASF/sam0/drivers/system/system.o
 .debug_ranges  0x00000490       0x18 src/ASF/sam0/utils/cmsis/samd20/source/gcc/startup_samd20.o
 .debug_ranges  0x000004a8       0x80 src/DC_peripherals.o
 .debug_ranges  0x00000528       0x50 src/main.o

.debug_macro    0x00000000    0x13e3f
 .debug_macro   0x00000000      0x54f src/ASF/sam0/drivers/sercom/i2c/i2c_samd20/i2c_master.o
 .debug_macro   0x0000054f      0x8bc src/ASF/sam0/drivers/sercom/i2c/i2c_samd20/i2c_master.o
 .debug_macro   0x00000e0b      0x16d src/ASF/sam0/drivers/sercom/i2c/i2c_samd20/i2c_master.o
 .debug_macro   0x00000f78      0x6d7 src/ASF/sam0/drivers/sercom/i2c/i2c_samd20/i2c_master.o
 .debug_macro   0x0000164f       0x22 src/ASF/sam0/drivers/sercom/i2c/i2c_samd20/i2c_master.o
 .debug_macro   0x00001671       0x87 src/ASF/sam0/drivers/sercom/i2c/i2c_samd20/i2c_master.o
 .debug_macro   0x000016f8       0x51 src/ASF/sam0/drivers/sercom/i2c/i2c_samd20/i2c_master.o
 .debug_macro   0x00001749       0xef src/ASF/sam0/drivers/sercom/i2c/i2c_samd20/i2c_master.o
 .debug_macro   0x00001838       0x6a src/ASF/sam0/drivers/sercom/i2c/i2c_samd20/i2c_master.o
 .debug_macro   0x000018a2      0x1df src/ASF/sam0/drivers/sercom/i2c/i2c_samd20/i2c_master.o
 .debug_macro   0x00001a81       0x10 src/ASF/sam0/drivers/sercom/i2c/i2c_samd20/i2c_master.o
 .debug_macro   0x00001a91       0x76 src/ASF/sam0/drivers/sercom/i2c/i2c_samd20/i2c_master.o
 .debug_macro   0x00001b07       0x16 src/ASF/sam0/drivers/sercom/i2c/i2c_samd20/i2c_master.o
 .debug_macro   0x00001b1d      0x6db src/ASF/sam0/drivers/sercom/i2c/i2c_samd20/i2c_master.o
 .debug_macro   0x000021f8      0xdd8 src/ASF/sam0/drivers/sercom/i2c/i2c_samd20/i2c_master.o
 .debug_macro   0x00002fd0       0x22 src/ASF/sam0/drivers/sercom/i2c/i2c_samd20/i2c_master.o
 .debug_macro   0x00002ff2       0x40 src/ASF/sam0/drivers/sercom/i2c/i2c_samd20/i2c_master.o
 .debug_macro   0x00003032       0x3a src/ASF/sam0/drivers/sercom/i2c/i2c_samd20/i2c_master.o
 .debug_macro   0x0000306c       0x1f src/ASF/sam0/drivers/sercom/i2c/i2c_samd20/i2c_master.o
 .debug_macro   0x0000308b      0x250 src/ASF/sam0/drivers/sercom/i2c/i2c_samd20/i2c_master.o
 .debug_macro   0x000032db      0x682 src/ASF/sam0/drivers/sercom/i2c/i2c_samd20/i2c_master.o
 .debug_macro   0x0000395d      0x8b8 src/ASF/sam0/drivers/sercom/i2c/i2c_samd20/i2c_master.o
 .debug_macro   0x00004215      0x224 src/ASF/sam0/drivers/sercom/i2c/i2c_samd20/i2c_master.o
 .debug_macro   0x00004439      0x61a src/ASF/sam0/drivers/sercom/i2c/i2c_samd20/i2c_master.o
 .debug_macro   0x00004a53      0x9f8 src/ASF/sam0/drivers/sercom/i2c/i2c_samd20/i2c_master.o
 .debug_macro   0x0000544b      0x5ca src/ASF/sam0/drivers/sercom/i2c/i2c_samd20/i2c_master.o
 .debug_macro   0x00005a15      0x4ac src/ASF/sam0/drivers/sercom/i2c/i2c_samd20/i2c_master.o
 .debug_macro   0x00005ec1      0x743 src/ASF/sam0/drivers/sercom/i2c/i2c_samd20/i2c_master.o
 .debug_macro   0x00006604       0x5e src/ASF/sam0/drivers/sercom/i2c/i2c_samd20/i2c_master.o
 .debug_macro   0x00006662      0x5e0 src/ASF/sam0/drivers/sercom/i2c/i2c_samd20/i2c_master.o
 .debug_macro   0x00006c42      0x3b6 src/ASF/sam0/drivers/sercom/i2c/i2c_samd20/i2c_master.o
 .debug_macro   0x00006ff8      0xc7d src/ASF/sam0/drivers/sercom/i2c/i2c_samd20/i2c_master.o
 .debug_macro   0x00007c75      0xd29 src/ASF/sam0/drivers/sercom/i2c/i2c_samd20/i2c_master.o
 .debug_macro   0x0000899e      0x7b3 src/ASF/sam0/drivers/sercom/i2c/i2c_samd20/i2c_master.o
 .debug_macro   0x00009151      0x6ba src/ASF/sam0/drivers/sercom/i2c/i2c_samd20/i2c_master.o
 .debug_macro   0x0000980b      0x347 src/ASF/sam0/drivers/sercom/i2c/i2c_samd20/i2c_master.o
 .debug_macro   0x00009b52       0x7c src/ASF/sam0/drivers/sercom/i2c/i2c_samd20/i2c_master.o
 .debug_macro   0x00009bce       0x9a src/ASF/sam0/drivers/sercom/i2c/i2c_samd20/i2c_master.o
 .debug_macro   0x00009c68       0x46 src/ASF/sam0/drivers/sercom/i2c/i2c_samd20/i2c_master.o
 .debug_macro   0x00009cae       0xb2 src/ASF/sam0/drivers/sercom/i2c/i2c_samd20/i2c_master.o
 .debug_macro   0x00009d60       0x6a src/ASF/sam0/drivers/sercom/i2c/i2c_samd20/i2c_master.o
 .debug_macro   0x00009dca      0x27d src/ASF/sam0/drivers/sercom/i2c/i2c_samd20/i2c_master.o
 .debug_macro   0x0000a047       0x7c src/ASF/sam0/drivers/sercom/i2c/i2c_samd20/i2c_master.o
 .debug_macro   0x0000a0c3       0xc4 src/ASF/sam0/drivers/sercom/i2c/i2c_samd20/i2c_master.o
 .debug_macro   0x0000a187       0x1c src/ASF/sam0/drivers/sercom/i2c/i2c_samd20/i2c_master.o
 .debug_macro   0x0000a1a3       0x1c src/ASF/sam0/drivers/sercom/i2c/i2c_samd20/i2c_master.o
 .debug_macro   0x0000a1bf       0x1c src/ASF/sam0/drivers/sercom/i2c/i2c_samd20/i2c_master.o
 .debug_macro   0x0000a1db       0x82 src/ASF/sam0/drivers/sercom/i2c/i2c_samd20/i2c_master.o
 .debug_macro   0x0000a25d      0x15a src/ASF/sam0/drivers/sercom/i2c/i2c_samd20/i2c_master.o
 .debug_macro   0x0000a3b7       0xdc src/ASF/sam0/drivers/sercom/i2c/i2c_samd20/i2c_master.o
 .debug_macro   0x0000a493      0x100 src/ASF/sam0/drivers/sercom/i2c/i2c_samd20/i2c_master.o
 .debug_macro   0x0000a593      0x100 src/ASF/sam0/drivers/sercom/i2c/i2c_samd20/i2c_master.o
 .debug_macro   0x0000a693      0x100 src/ASF/sam0/drivers/sercom/i2c/i2c_samd20/i2c_master.o
 .debug_macro   0x0000a793      0x100 src/ASF/sam0/drivers/sercom/i2c/i2c_samd20/i2c_master.o
 .debug_macro   0x0000a893      0x100 src/ASF/sam0/drivers/sercom/i2c/i2c_samd20/i2c_master.o
 .debug_macro   0x0000a993      0x100 src/ASF/sam0/drivers/sercom/i2c/i2c_samd20/i2c_master.o
 .debug_macro   0x0000aa93       0xfa src/ASF/sam0/drivers/sercom/i2c/i2c_samd20/i2c_master.o
 .debug_macro   0x0000ab8d       0xbe src/ASF/sam0/drivers/sercom/i2c/i2c_samd20/i2c_master.o
 .debug_macro   0x0000ac4b       0xbe src/ASF/sam0/drivers/sercom/i2c/i2c_samd20/i2c_master.o
 .debug_macro   0x0000ad09       0xbe src/ASF/sam0/drivers/sercom/i2c/i2c_samd20/i2c_master.o
 .debug_macro   0x0000adc7       0xbe src/ASF/sam0/drivers/sercom/i2c/i2c_samd20/i2c_master.o
 .debug_macro   0x0000ae85       0xbe src/ASF/sam0/drivers/sercom/i2c/i2c_samd20/i2c_master.o
 .debug_macro   0x0000af43       0xbe src/ASF/sam0/drivers/sercom/i2c/i2c_samd20/i2c_master.o
 .debug_macro   0x0000b001       0xbe src/ASF/sam0/drivers/sercom/i2c/i2c_samd20/i2c_master.o
 .debug_macro   0x0000b0bf       0xbe src/ASF/sam0/drivers/sercom/i2c/i2c_samd20/i2c_master.o
 .debug_macro   0x0000b17d       0x40 src/ASF/sam0/drivers/sercom/i2c/i2c_samd20/i2c_master.o
 .debug_macro   0x0000b1bd      0x2e3 src/ASF/sam0/drivers/sercom/i2c/i2c_samd20/i2c_master.o
 .debug_macro   0x0000b4a0     0x19ba src/ASF/sam0/drivers/sercom/i2c/i2c_samd20/i2c_master.o
 .debug_macro   0x0000ce5a       0x4a src/ASF/sam0/drivers/sercom/i2c/i2c_samd20/i2c_master.o
 .debug_macro   0x0000cea4       0x58 src/ASF/sam0/drivers/sercom/i2c/i2c_samd20/i2c_master.o
 .debug_macro   0x0000cefc       0x35 src/ASF/sam0/drivers/sercom/i2c/i2c_samd20/i2c_master.o
 .debug_macro   0x0000cf31       0x9c src/ASF/sam0/drivers/sercom/i2c/i2c_samd20/i2c_master.o
 .debug_macro   0x0000cfcd       0x16 src/ASF/sam0/drivers/sercom/i2c/i2c_samd20/i2c_master.o
 .debug_macro   0x0000cfe3       0x35 src/ASF/sam0/drivers/sercom/i2c/i2c_samd20/i2c_master.o
 .debug_macro   0x0000d018      0x353 src/ASF/sam0/drivers/sercom/i2c/i2c_samd20/i2c_master.o
 .debug_macro   0x0000d36b       0x10 src/ASF/sam0/drivers/sercom/i2c/i2c_samd20/i2c_master.o
 .debug_macro   0x0000d37b       0x58 src/ASF/sam0/drivers/sercom/i2c/i2c_samd20/i2c_master.o
 .debug_macro   0x0000d3d3       0x1f src/ASF/sam0/drivers/sercom/i2c/i2c_samd20/i2c_master.o
 .debug_macro   0x0000d3f2       0x43 src/ASF/sam0/drivers/sercom/i2c/i2c_samd20/i2c_master.o
 .debug_macro   0x0000d435       0x20 src/ASF/sam0/drivers/sercom/i2c/i2c_samd20/i2c_master.o
 .debug_macro   0x0000d455      0x187 src/ASF/sam0/drivers/sercom/i2c/i2c_samd20/i2c_master.o
 .debug_macro   0x0000d5dc       0x10 src/ASF/sam0/drivers/sercom/i2c/i2c_samd20/i2c_master.o
 .debug_macro   0x0000d5ec       0x1c src/ASF/sam0/drivers/sercom/i2c/i2c_samd20/i2c_master.o
 .debug_macro   0x0000d608       0x52 src/ASF/sam0/drivers/sercom/i2c/i2c_samd20/i2c_master.o
 .debug_macro   0x0000d65a       0x40 src/ASF/sam0/drivers/sercom/i2c/i2c_samd20/i2c_master.o
 .debug_macro   0x0000d69a       0x10 src/ASF/sam0/drivers/sercom/i2c/i2c_samd20/i2c_master.o
 .debug_macro   0x0000d6aa       0x40 src/ASF/sam0/drivers/sercom/i2c/i2c_samd20/i2c_master.o
 .debug_macro   0x0000d6ea       0xd7 src/ASF/sam0/drivers/sercom/i2c/i2c_samd20/i2c_master.o
 .debug_macro   0x0000d7c1       0x16 src/ASF/sam0/drivers/sercom/i2c/i2c_samd20/i2c_master.o
 .debug_macro   0x0000d7d7      0x18b src/ASF/sam0/drivers/sercom/i2c/i2c_samd20/i2c_master.o
 .debug_macro   0x0000d962       0x16 src/ASF/sam0/drivers/sercom/i2c/i2c_samd20/i2c_master.o
 .debug_macro   0x0000d978       0x16 src/ASF/sam0/drivers/sercom/i2c/i2c_samd20/i2c_master.o
 .debug_macro   0x0000d98e       0x29 src/ASF/sam0/drivers/sercom/i2c/i2c_samd20/i2c_master.o
 .debug_macro   0x0000d9b7       0x51 src/ASF/sam0/drivers/sercom/i2c/i2c_samd20/i2c_master.o
 .debug_macro   0x0000da08       0x3e src/ASF/sam0/drivers/sercom/i2c/i2c_samd20/i2c_master.o
 .debug_macro   0x0000da46      0x3df src/ASF/sam0/drivers/sercom/i2c/i2c_samd20/i2c_master.o
 .debug_macro   0x0000de25       0x11 src/ASF/sam0/drivers/sercom/i2c/i2c_samd20/i2c_master.o
 .debug_macro   0x0000de36       0x16 src/ASF/sam0/drivers/sercom/i2c/i2c_samd20/i2c_master.o
 .debug_macro   0x0000de4c       0x2e src/ASF/sam0/drivers/sercom/i2c/i2c_samd20/i2c_master.o
 .debug_macro   0x0000de7a       0xb2 src/ASF/sam0/drivers/sercom/i2c/i2c_samd20/i2c_master.o
 .debug_macro   0x0000df2c       0x10 src/ASF/sam0/drivers/sercom/i2c/i2c_samd20/i2c_master.o
 .debug_macro   0x0000df3c      0x54b src/ASF/sam0/drivers/sercom/i2c/i2c_samd20/i2c_master_interrupt.o
 .debug_macro   0x0000e487      0x532 src/ASF/sam0/drivers/sercom/sercom.o
 .debug_macro   0x0000e9b9      0x52f src/ASF/sam0/drivers/sercom/sercom_interrupt.o
 .debug_macro   0x0000eee8      0x61d src/DC_sercom.o
 .debug_macro   0x0000f505      0x1c5 src/DC_sercom.o
 .debug_macro   0x0000f6ca       0x16 src/DC_sercom.o
 .debug_macro   0x0000f6e0       0x16 src/DC_sercom.o
 .debug_macro   0x0000f6f6       0x12 src/DC_sercom.o
 .debug_macro   0x0000f708      0x2c3 src/DC_sercom.o
 .debug_macro   0x0000f9cb       0x18 src/DC_sercom.o
 .debug_macro   0x0000f9e3       0x9a src/DC_sercom.o
 .debug_macro   0x0000fa7d       0x16 src/DC_sercom.o
 .debug_macro   0x0000fa93       0x1c src/DC_sercom.o
 .debug_macro   0x0000faaf      0x4e0 src/ASF/common2/services/delay/sam0/systick_counter.o
 .debug_macro   0x0000ff8f      0x524 src/ASF/sam0/drivers/extint/extint_sam_d_r_h/extint.o
 .debug_macro   0x000104b3       0x18 src/ASF/sam0/drivers/extint/extint_sam_d_r_h/extint.o
 .debug_macro   0x000104cb       0x16 src/ASF/sam0/drivers/extint/extint_sam_d_r_h/extint.o
 .debug_macro   0x000104e1      0x4be src/ASF/sam0/drivers/port/port.o
 .debug_macro   0x0001099f       0x12 src/ASF/sam0/drivers/port/port.o
 .debug_macro   0x000109b1      0x4c9 src/ASF/sam0/drivers/extint/extint_callback.o
 .debug_macro   0x00010e7a      0x5c5 src/ASF/common2/boards/user_board/init.o
 .debug_macro   0x0001143f      0x4a4 src/ASF/common/utils/interrupt/interrupt_sam_nvic.o
 .debug_macro   0x000118e3      0x5b9 src/ASF/sam0/drivers/system/clock/clock_samd20/clock.o
 .debug_macro   0x00011e9c      0x213 src/ASF/sam0/drivers/system/clock/clock_samd20/clock.o
 .debug_macro   0x000120af      0x4db src/ASF/sam0/drivers/system/clock/clock_samd20/gclk.o
 .debug_macro   0x0001258a      0x4b6 src/ASF/sam0/drivers/system/pinmux/pinmux.o
 .debug_macro   0x00012a40      0x4e8 src/ASF/sam0/drivers/system/system.o
 .debug_macro   0x00012f28      0x28b src/ASF/sam0/utils/cmsis/samd20/source/gcc/startup_samd20.o
 .debug_macro   0x000131b3       0x3a src/ASF/sam0/utils/cmsis/samd20/source/gcc/startup_samd20.o
 .debug_macro   0x000131ed      0x61d src/DC_peripherals.o
 .debug_macro   0x0001380a      0x613 src/main.o
 .debug_macro   0x00013e1d       0x22 src/main.o

.debug_line     0x00000000     0xc520
 .debug_line    0x00000000      0xd6b src/ASF/sam0/drivers/sercom/i2c/i2c_samd20/i2c_master.o
 .debug_line    0x00000d6b      0xd08 src/ASF/sam0/drivers/sercom/i2c/i2c_samd20/i2c_master_interrupt.o
 .debug_line    0x00001a73      0xb5e src/ASF/sam0/drivers/sercom/sercom.o
 .debug_line    0x000025d1      0xb02 src/ASF/sam0/drivers/sercom/sercom_interrupt.o
 .debug_line    0x000030d3      0xdb9 src/DC_sercom.o
 .debug_line    0x00003e8c      0x94f src/ASF/common2/services/delay/sam0/systick_counter.o
 .debug_line    0x000047db      0xbbb src/ASF/sam0/drivers/extint/extint_sam_d_r_h/extint.o
 .debug_line    0x00005396      0x890 src/ASF/sam0/drivers/port/port.o
 .debug_line    0x00005c26      0x966 src/ASF/sam0/drivers/extint/extint_callback.o
 .debug_line    0x0000658c      0xc6b src/ASF/common2/boards/user_board/init.o
 .debug_line    0x000071f7      0x863 src/ASF/common/utils/interrupt/interrupt_sam_nvic.o
 .debug_line    0x00007a5a      0xba5 src/ASF/sam0/drivers/system/clock/clock_samd20/clock.o
 .debug_line    0x000085ff      0xc01 src/ASF/sam0/drivers/system/clock/clock_samd20/gclk.o
 .debug_line    0x00009200      0x8c0 src/ASF/sam0/drivers/system/pinmux/pinmux.o
 .debug_line    0x00009ac0      0x97c src/ASF/sam0/drivers/system/system.o
 .debug_line    0x0000a43c      0x5dc src/ASF/sam0/utils/cmsis/samd20/source/gcc/startup_samd20.o
 .debug_line    0x0000aa18      0xdc4 src/DC_peripherals.o
 .debug_line    0x0000b7dc      0xd44 src/main.o

.debug_str      0x00000000    0x602e3
 .debug_str     0x00000000    0x5a774 src/ASF/sam0/drivers/sercom/i2c/i2c_samd20/i2c_master.o
                              0x5ad9c (size before relaxing)
 .debug_str     0x0005a774      0x258 src/ASF/sam0/drivers/sercom/i2c/i2c_samd20/i2c_master_interrupt.o
                              0x59e7b (size before relaxing)
 .debug_str     0x0005a9cc      0x4ba src/ASF/sam0/drivers/sercom/sercom.o
                              0x5a024 (size before relaxing)
 .debug_str     0x0005ae86      0x158 src/ASF/sam0/drivers/sercom/sercom_interrupt.o
                              0x59e5d (size before relaxing)
 .debug_str     0x0005afde     0x1842 src/DC_sercom.o
                              0x5be6b (size before relaxing)
 .debug_str     0x0005c820       0xac src/ASF/common2/services/delay/sam0/systick_counter.o
                              0x58cf0 (size before relaxing)
 .debug_str     0x0005c8cc      0x7a0 src/ASF/sam0/drivers/extint/extint_sam_d_r_h/extint.o
                              0x5a251 (size before relaxing)
 .debug_str     0x0005d06c      0x118 src/ASF/sam0/drivers/port/port.o
                              0x58f01 (size before relaxing)
 .debug_str     0x0005d184      0x131 src/ASF/sam0/drivers/extint/extint_callback.o
                              0x592fc (size before relaxing)
 .debug_str     0x0005d2b5       0xd5 src/ASF/common2/boards/user_board/init.o
                              0x5aaf9 (size before relaxing)
 .debug_str     0x0005d38a       0x66 src/ASF/common/utils/interrupt/interrupt_sam_nvic.o
                              0x58afb (size before relaxing)
 .debug_str     0x0005d3f0     0x26c5 src/ASF/sam0/drivers/system/clock/clock_samd20/clock.o
                              0x5bd37 (size before relaxing)
 .debug_str     0x0005fab5      0x1b7 src/ASF/sam0/drivers/system/clock/clock_samd20/gclk.o
                              0x5972e (size before relaxing)
 .debug_str     0x0005fc6c       0xf4 src/ASF/sam0/drivers/system/pinmux/pinmux.o
                              0x58ef2 (size before relaxing)
 .debug_str     0x0005fd60       0x47 src/ASF/sam0/drivers/system/system.o
                              0x58b97 (size before relaxing)
 .debug_str     0x0005fda7      0x362 src/ASF/sam0/utils/cmsis/samd20/source/gcc/startup_samd20.o
                              0x43344 (size before relaxing)
 .debug_str     0x00060109      0x162 src/DC_peripherals.o
                              0x5bc53 (size before relaxing)
 .debug_str     0x0006026b       0x78 src/main.o
                              0x5b8d0 (size before relaxing)

.debug_frame    0x00000000      0xd20
 .debug_frame   0x00000000      0x1d4 src/ASF/sam0/drivers/sercom/i2c/i2c_samd20/i2c_master.o
 .debug_frame   0x000001d4      0x134 src/ASF/sam0/drivers/sercom/i2c/i2c_samd20/i2c_master_interrupt.o
 .debug_frame   0x00000308       0xbc src/ASF/sam0/drivers/sercom/sercom.o
 .debug_frame   0x000003c4       0xe8 src/ASF/sam0/drivers/sercom/sercom_interrupt.o
 .debug_frame   0x000004ac      0x108 src/DC_sercom.o
 .debug_frame   0x000005b4       0x64 src/ASF/common2/services/delay/sam0/systick_counter.o
 .debug_frame   0x00000618       0xb8 src/ASF/sam0/drivers/extint/extint_sam_d_r_h/extint.o
 .debug_frame   0x000006d0       0x44 src/ASF/sam0/drivers/port/port.o
 .debug_frame   0x00000714       0x7c src/ASF/sam0/drivers/extint/extint_callback.o
 .debug_frame   0x00000790       0x58 src/ASF/common2/boards/user_board/init.o
 .debug_frame   0x000007e8       0x30 src/ASF/common/utils/interrupt/interrupt_sam_nvic.o
 .debug_frame   0x00000818      0x12c src/ASF/sam0/drivers/system/clock/clock_samd20/clock.o
 .debug_frame   0x00000944      0x148 src/ASF/sam0/drivers/system/clock/clock_samd20/gclk.o
 .debug_frame   0x00000a8c       0x74 src/ASF/sam0/drivers/system/pinmux/pinmux.o
 .debug_frame   0x00000b00       0x38 src/ASF/sam0/drivers/system/system.o
 .debug_frame   0x00000b38       0x38 src/ASF/sam0/utils/cmsis/samd20/source/gcc/startup_samd20.o
 .debug_frame   0x00000b70      0x104 src/DC_peripherals.o
 .debug_frame   0x00000c74       0x60 src/main.o
 .debug_frame   0x00000cd4       0x20 c:/program files (x86)/atmel/studio/7.0/toolchain/arm/arm-gnu-toolchain/bin/../lib/gcc/arm-none-eabi/6.3.1/thumb/v6-m\libgcc.a(_udivsi3.o)
 .debug_frame   0x00000cf4       0x2c c:/program files (x86)/atmel/studio/7.0/toolchain/arm/arm-gnu-toolchain/bin/../lib/gcc/arm-none-eabi/6.3.1/../../../../arm-none-eabi/lib/thumb/v6-m\libc_nano.a(lib_a-init.o)

Cross Reference Table

Symbol                                            File
AC_Handler                                        src/ASF/sam0/utils/cmsis/samd20/source/gcc/startup_samd20.o
ADC_Handler                                       src/ASF/sam0/utils/cmsis/samd20/source/gcc/startup_samd20.o
DAC_Handler                                       src/ASF/sam0/utils/cmsis/samd20/source/gcc/startup_samd20.o
Dummy_Handler                                     src/ASF/sam0/utils/cmsis/samd20/source/gcc/startup_samd20.o
EIC_Handler                                       src/ASF/sam0/drivers/extint/extint_callback.o
EVSYS_Handler                                     src/ASF/sam0/utils/cmsis/samd20/source/gcc/startup_samd20.o
HardFault_Handler                                 src/ASF/sam0/utils/cmsis/samd20/source/gcc/startup_samd20.o
IOPanel_Powerup                                   src/DC_peripherals.o
NMI_Handler                                       src/ASF/sam0/utils/cmsis/samd20/source/gcc/startup_samd20.o
NVMCTRL_Handler                                   src/ASF/sam0/utils/cmsis/samd20/source/gcc/startup_samd20.o
PM_Handler                                        src/ASF/sam0/utils/cmsis/samd20/source/gcc/startup_samd20.o
PTC_Handler                                       src/ASF/sam0/utils/cmsis/samd20/source/gcc/startup_samd20.o
PendSV_Handler                                    src/ASF/sam0/utils/cmsis/samd20/source/gcc/startup_samd20.o
RTC_Handler                                       src/ASF/sam0/utils/cmsis/samd20/source/gcc/startup_samd20.o
Reset_Handler                                     src/ASF/sam0/utils/cmsis/samd20/source/gcc/startup_samd20.o
SERCOM0_Handler                                   src/ASF/sam0/drivers/sercom/sercom_interrupt.o
SERCOM1_Handler                                   src/ASF/sam0/drivers/sercom/sercom_interrupt.o
SERCOM2_Handler                                   src/ASF/sam0/drivers/sercom/sercom_interrupt.o
SERCOM3_Handler                                   src/ASF/sam0/drivers/sercom/sercom_interrupt.o
SERCOM4_Handler                                   src/ASF/sam0/drivers/sercom/sercom_interrupt.o
SERCOM5_Handler                                   src/ASF/sam0/drivers/sercom/sercom_interrupt.o
SVC_Handler                                       src/ASF/sam0/utils/cmsis/samd20/source/gcc/startup_samd20.o
SYSCTRL_Handler                                   src/ASF/sam0/utils/cmsis/samd20/source/gcc/startup_samd20.o
SysTick_Handler                                   src/DC_peripherals.o
                                                  src/ASF/sam0/utils/cmsis/samd20/source/gcc/startup_samd20.o
SystemCoreClock                                   src/ASF/sam0/utils/cmsis/samd20/source/system_samd20.o
SystemCoreClockUpdate                             src/ASF/sam0/utils/cmsis/samd20/source/system_samd20.o
SystemInit                                        src/ASF/sam0/utils/cmsis/samd20/source/system_samd20.o
TC0_Handler                                       src/ASF/sam0/utils/cmsis/samd20/source/gcc/startup_samd20.o
TC1_Handler                                       src/ASF/sam0/utils/cmsis/samd20/source/gcc/startup_samd20.o
TC2_Handler                                       src/ASF/sam0/utils/cmsis/samd20/source/gcc/startup_samd20.o
TC3_Handler                                       src/ASF/sam0/utils/cmsis/samd20/source/gcc/startup_samd20.o
TC4_Handler                                       src/ASF/sam0/utils/cmsis/samd20/source/gcc/startup_samd20.o
TC5_Handler                                       src/ASF/sam0/utils/cmsis/samd20/source/gcc/startup_samd20.o
TC6_Handler                                       src/ASF/sam0/utils/cmsis/samd20/source/gcc/startup_samd20.o
TC7_Handler                                       src/ASF/sam0/utils/cmsis/samd20/source/gcc/startup_samd20.o
WDT_Handler                                       src/ASF/sam0/utils/cmsis/samd20/source/gcc/startup_samd20.o
_Jv_RegisterClasses                               c:/program files (x86)/atmel/studio/7.0/toolchain/arm/arm-gnu-toolchain/bin/../lib/gcc/arm-none-eabi/6.3.1/thumb/v6-m/crtbegin.o
__aeabi_idiv0                                     c:/program files (x86)/atmel/studio/7.0/toolchain/arm/arm-gnu-toolchain/bin/../lib/gcc/arm-none-eabi/6.3.1/thumb/v6-m\libgcc.a(_dvmd_tls.o)
                                                  c:/program files (x86)/atmel/studio/7.0/toolchain/arm/arm-gnu-toolchain/bin/../lib/gcc/arm-none-eabi/6.3.1/thumb/v6-m\libgcc.a(_udivsi3.o)
__aeabi_ldiv0                                     c:/program files (x86)/atmel/studio/7.0/toolchain/arm/arm-gnu-toolchain/bin/../lib/gcc/arm-none-eabi/6.3.1/thumb/v6-m\libgcc.a(_dvmd_tls.o)
__aeabi_lmul                                      c:/program files (x86)/atmel/studio/7.0/toolchain/arm/arm-gnu-toolchain/bin/../lib/gcc/arm-none-eabi/6.3.1/thumb/v6-m\libgcc.a(_muldi3.o)
                                                  src/ASF/sam0/drivers/sercom/sercom.o
__aeabi_uidiv                                     c:/program files (x86)/atmel/studio/7.0/toolchain/arm/arm-gnu-toolchain/bin/../lib/gcc/arm-none-eabi/6.3.1/thumb/v6-m\libgcc.a(_udivsi3.o)
                                                  src/ASF/sam0/drivers/system/clock/clock_samd20/gclk.o
                                                  src/ASF/common2/services/delay/sam0/systick_counter.o
                                                  src/ASF/sam0/drivers/sercom/i2c/i2c_samd20/i2c_master.o
__aeabi_uidivmod                                  c:/program files (x86)/atmel/studio/7.0/toolchain/arm/arm-gnu-toolchain/bin/../lib/gcc/arm-none-eabi/6.3.1/thumb/v6-m\libgcc.a(_udivsi3.o)
__bss_end__                                       c:/program files (x86)/atmel/studio/7.0/toolchain/arm/arm-gnu-toolchain/bin/../lib/gcc/arm-none-eabi/6.3.1/../../../../arm-none-eabi/lib/thumb/v6-m/crt0.o
__bss_start__                                     c:/program files (x86)/atmel/studio/7.0/toolchain/arm/arm-gnu-toolchain/bin/../lib/gcc/arm-none-eabi/6.3.1/../../../../arm-none-eabi/lib/thumb/v6-m/crt0.o
__call_exitprocs                                  c:/program files (x86)/atmel/studio/7.0/toolchain/arm/arm-gnu-toolchain/bin/../lib/gcc/arm-none-eabi/6.3.1/../../../../arm-none-eabi/lib/thumb/v6-m\libc_nano.a(lib_a-exit.o)
__deregister_frame_info                           c:/program files (x86)/atmel/studio/7.0/toolchain/arm/arm-gnu-toolchain/bin/../lib/gcc/arm-none-eabi/6.3.1/thumb/v6-m/crtbegin.o
__dso_handle                                      c:/program files (x86)/atmel/studio/7.0/toolchain/arm/arm-gnu-toolchain/bin/../lib/gcc/arm-none-eabi/6.3.1/thumb/v6-m/crtbegin.o
__init_array_end                                  c:/program files (x86)/atmel/studio/7.0/toolchain/arm/arm-gnu-toolchain/bin/../lib/gcc/arm-none-eabi/6.3.1/../../../../arm-none-eabi/lib/thumb/v6-m\libc_nano.a(lib_a-init.o)
__init_array_start                                c:/program files (x86)/atmel/studio/7.0/toolchain/arm/arm-gnu-toolchain/bin/../lib/gcc/arm-none-eabi/6.3.1/../../../../arm-none-eabi/lib/thumb/v6-m\libc_nano.a(lib_a-init.o)
__libc_fini_array                                 c:/program files (x86)/atmel/studio/7.0/toolchain/arm/arm-gnu-toolchain/bin/../lib/gcc/arm-none-eabi/6.3.1/../../../../arm-none-eabi/lib/thumb/v6-m/crt0.o
__libc_init_array                                 c:/program files (x86)/atmel/studio/7.0/toolchain/arm/arm-gnu-toolchain/bin/../lib/gcc/arm-none-eabi/6.3.1/../../../../arm-none-eabi/lib/thumb/v6-m\libc_nano.a(lib_a-init.o)
                                                  src/ASF/sam0/utils/cmsis/samd20/source/gcc/startup_samd20.o
                                                  c:/program files (x86)/atmel/studio/7.0/toolchain/arm/arm-gnu-toolchain/bin/../lib/gcc/arm-none-eabi/6.3.1/../../../../arm-none-eabi/lib/thumb/v6-m/crt0.o
__muldi3                                          c:/program files (x86)/atmel/studio/7.0/toolchain/arm/arm-gnu-toolchain/bin/../lib/gcc/arm-none-eabi/6.3.1/thumb/v6-m\libgcc.a(_muldi3.o)
__preinit_array_end                               c:/program files (x86)/atmel/studio/7.0/toolchain/arm/arm-gnu-toolchain/bin/../lib/gcc/arm-none-eabi/6.3.1/../../../../arm-none-eabi/lib/thumb/v6-m\libc_nano.a(lib_a-init.o)
__preinit_array_start                             c:/program files (x86)/atmel/studio/7.0/toolchain/arm/arm-gnu-toolchain/bin/../lib/gcc/arm-none-eabi/6.3.1/../../../../arm-none-eabi/lib/thumb/v6-m\libc_nano.a(lib_a-init.o)
__register_frame_info                             c:/program files (x86)/atmel/studio/7.0/toolchain/arm/arm-gnu-toolchain/bin/../lib/gcc/arm-none-eabi/6.3.1/thumb/v6-m/crtbegin.o
__sf_fake_stderr                                  c:/program files (x86)/atmel/studio/7.0/toolchain/arm/arm-gnu-toolchain/bin/../lib/gcc/arm-none-eabi/6.3.1/../../../../arm-none-eabi/lib/thumb/v6-m\libc_nano.a(lib_a-impure.o)
__sf_fake_stdin                                   c:/program files (x86)/atmel/studio/7.0/toolchain/arm/arm-gnu-toolchain/bin/../lib/gcc/arm-none-eabi/6.3.1/../../../../arm-none-eabi/lib/thumb/v6-m\libc_nano.a(lib_a-impure.o)
__sf_fake_stdout                                  c:/program files (x86)/atmel/studio/7.0/toolchain/arm/arm-gnu-toolchain/bin/../lib/gcc/arm-none-eabi/6.3.1/../../../../arm-none-eabi/lib/thumb/v6-m\libc_nano.a(lib_a-impure.o)
__stack                                           c:/program files (x86)/atmel/studio/7.0/toolchain/arm/arm-gnu-toolchain/bin/../lib/gcc/arm-none-eabi/6.3.1/../../../../arm-none-eabi/lib/thumb/v6-m/crt0.o
__udivsi3                                         c:/program files (x86)/atmel/studio/7.0/toolchain/arm/arm-gnu-toolchain/bin/../lib/gcc/arm-none-eabi/6.3.1/thumb/v6-m\libgcc.a(_udivsi3.o)
_close                                            src/ASF/sam0/utils/syscalls/gcc/syscalls.o
_current_channel                                  src/ASF/sam0/drivers/extint/extint_callback.o
_end                                              src/ASF/sam0/utils/syscalls/gcc/syscalls.o
_erelocate                                        src/ASF/sam0/utils/cmsis/samd20/source/gcc/startup_samd20.o
_estack                                           src/ASF/sam0/utils/cmsis/samd20/source/gcc/startup_samd20.o
_etext                                            src/ASF/sam0/utils/cmsis/samd20/source/gcc/startup_samd20.o
_exit                                             src/ASF/sam0/utils/syscalls/gcc/syscalls.o
                                                  c:/program files (x86)/atmel/studio/7.0/toolchain/arm/arm-gnu-toolchain/bin/../lib/gcc/arm-none-eabi/6.3.1/../../../../arm-none-eabi/lib/thumb/v6-m\libc_nano.a(lib_a-exit.o)
_extint_dev                                       src/ASF/sam0/drivers/extint/extint_sam_d_r_h/extint.o
                                                  src/ASF/sam0/drivers/extint/extint_callback.o
_ezero                                            src/ASF/sam0/utils/cmsis/samd20/source/gcc/startup_samd20.o
_fini                                             c:/program files (x86)/atmel/studio/7.0/toolchain/arm/arm-gnu-toolchain/bin/../lib/gcc/arm-none-eabi/6.3.1/thumb/v6-m/crti.o
_fstat                                            src/ASF/sam0/utils/syscalls/gcc/syscalls.o
_getpid                                           src/ASF/sam0/utils/syscalls/gcc/syscalls.o
_global_impure_ptr                                c:/program files (x86)/atmel/studio/7.0/toolchain/arm/arm-gnu-toolchain/bin/../lib/gcc/arm-none-eabi/6.3.1/../../../../arm-none-eabi/lib/thumb/v6-m\libc_nano.a(lib_a-impure.o)
                                                  c:/program files (x86)/atmel/studio/7.0/toolchain/arm/arm-gnu-toolchain/bin/../lib/gcc/arm-none-eabi/6.3.1/../../../../arm-none-eabi/lib/thumb/v6-m\libc_nano.a(lib_a-exit.o)
_i2c_master_interrupt_handler                     src/ASF/sam0/drivers/sercom/i2c/i2c_samd20/i2c_master_interrupt.o
                                                  src/ASF/sam0/drivers/sercom/i2c/i2c_samd20/i2c_master.o
_impure_ptr                                       c:/program files (x86)/atmel/studio/7.0/toolchain/arm/arm-gnu-toolchain/bin/../lib/gcc/arm-none-eabi/6.3.1/../../../../arm-none-eabi/lib/thumb/v6-m\libc_nano.a(lib_a-impure.o)
_init                                             c:/program files (x86)/atmel/studio/7.0/toolchain/arm/arm-gnu-toolchain/bin/../lib/gcc/arm-none-eabi/6.3.1/thumb/v6-m/crti.o
                                                  c:/program files (x86)/atmel/studio/7.0/toolchain/arm/arm-gnu-toolchain/bin/../lib/gcc/arm-none-eabi/6.3.1/../../../../arm-none-eabi/lib/thumb/v6-m\libc_nano.a(lib_a-init.o)
_isatty                                           src/ASF/sam0/utils/syscalls/gcc/syscalls.o
_kill                                             src/ASF/sam0/utils/syscalls/gcc/syscalls.o
_lseek                                            src/ASF/sam0/utils/syscalls/gcc/syscalls.o
_mainCRTStartup                                   c:/program files (x86)/atmel/studio/7.0/toolchain/arm/arm-gnu-toolchain/bin/../lib/gcc/arm-none-eabi/6.3.1/../../../../arm-none-eabi/lib/thumb/v6-m/crt0.o
_sbrk                                             src/ASF/sam0/utils/syscalls/gcc/syscalls.o
_sercom_get_async_baud_val                        src/ASF/sam0/drivers/sercom/sercom.o
_sercom_get_default_pad                           src/ASF/sam0/drivers/sercom/sercom.o
                                                  src/ASF/sam0/drivers/sercom/i2c/i2c_samd20/i2c_master.o
_sercom_get_interrupt_vector                      src/ASF/sam0/drivers/sercom/sercom_interrupt.o
                                                  src/DC_sercom.o
                                                  src/ASF/sam0/drivers/sercom/i2c/i2c_samd20/i2c_master.o
_sercom_get_sercom_inst_index                     src/ASF/sam0/drivers/sercom/sercom.o
                                                  src/ASF/sam0/drivers/sercom/sercom_interrupt.o
                                                  src/ASF/sam0/drivers/sercom/i2c/i2c_samd20/i2c_master.o
_sercom_get_sync_baud_val                         src/ASF/sam0/drivers/sercom/sercom.o
_sercom_instances                                 src/ASF/sam0/drivers/sercom/sercom_interrupt.o
                                                  src/ASF/sam0/drivers/sercom/i2c/i2c_samd20/i2c_master_interrupt.o
                                                  src/ASF/sam0/drivers/sercom/i2c/i2c_samd20/i2c_master.o
_sercom_set_handler                               src/ASF/sam0/drivers/sercom/sercom_interrupt.o
                                                  src/ASF/sam0/drivers/sercom/i2c/i2c_samd20/i2c_master.o
_sfixed                                           src/ASF/sam0/utils/cmsis/samd20/source/gcc/startup_samd20.o
_srelocate                                        src/ASF/sam0/utils/cmsis/samd20/source/gcc/startup_samd20.o
_start                                            c:/program files (x86)/atmel/studio/7.0/toolchain/arm/arm-gnu-toolchain/bin/../lib/gcc/arm-none-eabi/6.3.1/../../../../arm-none-eabi/lib/thumb/v6-m/crt0.o
_system_divas_init                                src/ASF/sam0/drivers/system/system.o
_system_dummy_init                                src/ASF/sam0/drivers/system/system.o
_system_events_init                               src/ASF/sam0/drivers/system/system.o
_system_extint_init                               src/ASF/sam0/drivers/extint/extint_sam_d_r_h/extint.o
_szero                                            src/ASF/sam0/utils/cmsis/samd20/source/gcc/startup_samd20.o
atexit                                            c:/program files (x86)/atmel/studio/7.0/toolchain/arm/arm-gnu-toolchain/bin/../lib/gcc/arm-none-eabi/6.3.1/../../../../arm-none-eabi/lib/thumb/v6-m/crt0.o
board_init                                        src/ASF/common2/boards/user_board/init.o
cfgReg                                            src/main.o
clear_wrCMDS                                      src/main.o
                                                  src/DC_peripherals.o
config_IO_Panel                                   src/DC_peripherals.o
config_btn                                        src/ASF/common2/boards/user_board/init.o
config_i2c_master                                 src/main.o
                                                  src/DC_peripherals.o
                                                  src/DC_sercom.o
config_led                                        src/ASF/common2/boards/user_board/init.o
configure_extint_EStop                            src/DC_peripherals.o
configure_extint_callbacks                        src/DC_peripherals.o
configure_extint_channel                          src/DC_peripherals.o
configure_i2c_callbacks                           src/DC_sercom.o
configure_i2c_master                              src/DC_sercom.o
                                                  src/DC_peripherals.o
cpu_irq_enter_critical                            src/ASF/common/utils/interrupt/interrupt_sam_nvic.o
                                                  src/ASF/sam0/drivers/system/clock/clock_samd20/gclk.o
                                                  src/ASF/sam0/drivers/sercom/i2c/i2c_samd20/i2c_master.o
cpu_irq_leave_critical                            src/ASF/common/utils/interrupt/interrupt_sam_nvic.o
                                                  src/ASF/sam0/drivers/system/clock/clock_samd20/gclk.o
                                                  src/ASF/sam0/drivers/sercom/i2c/i2c_samd20/i2c_master.o
delay_cycles_ms                                   src/ASF/common2/services/delay/sam0/systick_counter.o
                                                  src/main.o
                                                  src/DC_peripherals.o
                                                  src/DC_sercom.o
delay_cycles_us                                   src/ASF/common2/services/delay/sam0/systick_counter.o
delay_init                                        src/ASF/common2/services/delay/sam0/systick_counter.o
                                                  src/ASF/common2/boards/user_board/init.o
exception_table                                   src/ASF/sam0/utils/cmsis/samd20/source/gcc/startup_samd20.o
exit                                              c:/program files (x86)/atmel/studio/7.0/toolchain/arm/arm-gnu-toolchain/bin/../lib/gcc/arm-none-eabi/6.3.1/../../../../arm-none-eabi/lib/thumb/v6-m\libc_nano.a(lib_a-exit.o)
                                                  c:/program files (x86)/atmel/studio/7.0/toolchain/arm/arm-gnu-toolchain/bin/../lib/gcc/arm-none-eabi/6.3.1/../../../../arm-none-eabi/lib/thumb/v6-m/crt0.o
extint_chan_disable_callback                      src/ASF/sam0/drivers/extint/extint_callback.o
extint_chan_enable_callback                       src/ASF/sam0/drivers/extint/extint_callback.o
                                                  src/DC_peripherals.o
extint_chan_get_config_defaults                   src/ASF/sam0/drivers/extint/extint_sam_d_r_h/extint.o
                                                  src/DC_peripherals.o
extint_chan_set_config                            src/ASF/sam0/drivers/extint/extint_sam_d_r_h/extint.o
                                                  src/DC_peripherals.o
extint_detection_callback                         src/DC_peripherals.o
extint_detection_callback_estop                   src/DC_peripherals.o
extint_disable_events                             src/ASF/sam0/drivers/extint/extint_sam_d_r_h/extint.o
extint_enable_events                              src/ASF/sam0/drivers/extint/extint_sam_d_r_h/extint.o
extint_get_current_channel                        src/ASF/sam0/drivers/extint/extint_callback.o
extint_nmi_set_config                             src/ASF/sam0/drivers/extint/extint_sam_d_r_h/extint.o
extint_register_callback                          src/ASF/sam0/drivers/extint/extint_callback.o
                                                  src/DC_peripherals.o
extint_unregister_callback                        src/ASF/sam0/drivers/extint/extint_callback.o
g_interrupt_enabled                               src/ASF/common/utils/interrupt/interrupt_sam_nvic.o
                                                  src/DC_peripherals.o
hardware_init_hook                                c:/program files (x86)/atmel/studio/7.0/toolchain/arm/arm-gnu-toolchain/bin/../lib/gcc/arm-none-eabi/6.3.1/../../../../arm-none-eabi/lib/thumb/v6-m/crt0.o
i2c_Read                                          src/DC_sercom.o
                                                  src/main.o
i2c_Write                                         src/DC_sercom.o
i2c_master_init                                   src/ASF/sam0/drivers/sercom/i2c/i2c_samd20/i2c_master.o
                                                  src/DC_sercom.o
i2c_master_instance                               src/main.o
                                                  src/DC_peripherals.o
                                                  src/DC_sercom.o
i2c_master_read_byte                              src/ASF/sam0/drivers/sercom/i2c/i2c_samd20/i2c_master.o
i2c_master_read_bytes                             src/ASF/sam0/drivers/sercom/i2c/i2c_samd20/i2c_master_interrupt.o
i2c_master_read_packet_job                        src/ASF/sam0/drivers/sercom/i2c/i2c_samd20/i2c_master_interrupt.o
                                                  src/DC_sercom.o
i2c_master_read_packet_job_no_nack                src/ASF/sam0/drivers/sercom/i2c/i2c_samd20/i2c_master_interrupt.o
i2c_master_read_packet_job_no_stop                src/ASF/sam0/drivers/sercom/i2c/i2c_samd20/i2c_master_interrupt.o
i2c_master_read_packet_wait                       src/ASF/sam0/drivers/sercom/i2c/i2c_samd20/i2c_master.o
                                                  src/DC_sercom.o
i2c_master_read_packet_wait_no_nack               src/ASF/sam0/drivers/sercom/i2c/i2c_samd20/i2c_master.o
i2c_master_read_packet_wait_no_stop               src/ASF/sam0/drivers/sercom/i2c/i2c_samd20/i2c_master.o
i2c_master_register_callback                      src/ASF/sam0/drivers/sercom/i2c/i2c_samd20/i2c_master_interrupt.o
                                                  src/DC_sercom.o
i2c_master_reset                                  src/ASF/sam0/drivers/sercom/i2c/i2c_samd20/i2c_master.o
i2c_master_send_nack                              src/ASF/sam0/drivers/sercom/i2c/i2c_samd20/i2c_master.o
i2c_master_send_stop                              src/ASF/sam0/drivers/sercom/i2c/i2c_samd20/i2c_master.o
i2c_master_unregister_callback                    src/ASF/sam0/drivers/sercom/i2c/i2c_samd20/i2c_master_interrupt.o
i2c_master_write_byte                             src/ASF/sam0/drivers/sercom/i2c/i2c_samd20/i2c_master.o
i2c_master_write_bytes                            src/ASF/sam0/drivers/sercom/i2c/i2c_samd20/i2c_master_interrupt.o
i2c_master_write_packet_job                       src/ASF/sam0/drivers/sercom/i2c/i2c_samd20/i2c_master_interrupt.o
                                                  src/DC_sercom.o
i2c_master_write_packet_job_no_stop               src/ASF/sam0/drivers/sercom/i2c/i2c_samd20/i2c_master_interrupt.o
i2c_master_write_packet_wait                      src/ASF/sam0/drivers/sercom/i2c/i2c_samd20/i2c_master.o
                                                  src/DC_sercom.o
i2c_master_write_packet_wait_no_stop              src/ASF/sam0/drivers/sercom/i2c/i2c_samd20/i2c_master.o
i2c_read_complete_callback                        src/DC_sercom.o
i2c_slReadA                                       src/DC_sercom.o
i2c_slWriteA                                      src/DC_sercom.o
                                                  src/main.o
                                                  src/DC_peripherals.o
i2c_write_complete_callback                       src/DC_sercom.o
isNewData                                         src/main.o
link                                              src/ASF/sam0/utils/syscalls/gcc/syscalls.o
main                                              src/main.o
                                                  src/ASF/sam0/utils/cmsis/samd20/source/gcc/startup_samd20.o
                                                  c:/program files (x86)/atmel/studio/7.0/toolchain/arm/arm-gnu-toolchain/bin/../lib/gcc/arm-none-eabi/6.3.1/../../../../arm-none-eabi/lib/thumb/v6-m/crt0.o
memset                                            c:/program files (x86)/atmel/studio/7.0/toolchain/arm/arm-gnu-toolchain/bin/../lib/gcc/arm-none-eabi/6.3.1/../../../../arm-none-eabi/lib/thumb/v6-m\libc_nano.a(lib_a-memset.o)
                                                  c:/program files (x86)/atmel/studio/7.0/toolchain/arm/arm-gnu-toolchain/bin/../lib/gcc/arm-none-eabi/6.3.1/../../../../arm-none-eabi/lib/thumb/v6-m/crt0.o
new_rx_cmds                                       src/main.o
                                                  src/DC_peripherals.o
                                                  src/DC_sercom.o
port_group_set_config                             src/ASF/sam0/drivers/port/port.o
port_pin_set_config                               src/ASF/sam0/drivers/port/port.o
                                                  src/DC_peripherals.o
                                                  src/ASF/common2/boards/user_board/init.o
rd_buffer                                         src/main.o
read_packet                                       src/main.o
                                                  src/DC_peripherals.o
                                                  src/DC_sercom.o
rx_buffer                                         src/main.o
                                                  src/DC_peripherals.o
                                                  src/DC_sercom.o
rx_cmds                                           src/main.o
                                                  src/DC_peripherals.o
                                                  src/DC_sercom.o
sensorADDR                                        src/main.o
sensorRead                                        src/main.o
sercom_set_gclk_generator                         src/ASF/sam0/drivers/sercom/sercom.o
                                                  src/ASF/sam0/drivers/sercom/i2c/i2c_samd20/i2c_master.o
software_init_hook                                c:/program files (x86)/atmel/studio/7.0/toolchain/arm/arm-gnu-toolchain/bin/../lib/gcc/arm-none-eabi/6.3.1/../../../../arm-none-eabi/lib/thumb/v6-m/crt0.o
sys_config                                        src/DC_peripherals.o
                                                  src/main.o
system_board_init                                 src/ASF/common2/boards/user_board/init.o
system_clock_init                                 src/ASF/sam0/drivers/system/clock/clock_samd20/clock.o
system_clock_source_dfll_set_config               src/ASF/sam0/drivers/system/clock/clock_samd20/clock.o
system_clock_source_disable                       src/ASF/sam0/drivers/system/clock/clock_samd20/clock.o
system_clock_source_enable                        src/ASF/sam0/drivers/system/clock/clock_samd20/clock.o
system_clock_source_get_hz                        src/ASF/sam0/drivers/system/clock/clock_samd20/clock.o
                                                  src/ASF/sam0/drivers/system/clock/clock_samd20/gclk.o
system_clock_source_is_ready                      src/ASF/sam0/drivers/system/clock/clock_samd20/clock.o
system_clock_source_osc32k_set_config             src/ASF/sam0/drivers/system/clock/clock_samd20/clock.o
system_clock_source_osc8m_set_config              src/ASF/sam0/drivers/system/clock/clock_samd20/clock.o
system_clock_source_write_calibration             src/ASF/sam0/drivers/system/clock/clock_samd20/clock.o
system_clock_source_xosc32k_set_config            src/ASF/sam0/drivers/system/clock/clock_samd20/clock.o
system_clock_source_xosc_set_config               src/ASF/sam0/drivers/system/clock/clock_samd20/clock.o
system_gclk_chan_disable                          src/ASF/sam0/drivers/system/clock/clock_samd20/gclk.o
                                                  src/ASF/sam0/drivers/extint/extint_sam_d_r_h/extint.o
system_gclk_chan_enable                           src/ASF/sam0/drivers/system/clock/clock_samd20/gclk.o
                                                  src/ASF/sam0/drivers/extint/extint_sam_d_r_h/extint.o
                                                  src/ASF/sam0/drivers/sercom/sercom.o
                                                  src/ASF/sam0/drivers/sercom/i2c/i2c_samd20/i2c_master.o
system_gclk_chan_get_hz                           src/ASF/sam0/drivers/system/clock/clock_samd20/gclk.o
                                                  src/ASF/sam0/drivers/system/clock/clock_samd20/clock.o
                                                  src/ASF/sam0/drivers/sercom/i2c/i2c_samd20/i2c_master.o
system_gclk_chan_is_enabled                       src/ASF/sam0/drivers/system/clock/clock_samd20/gclk.o
system_gclk_chan_is_locked                        src/ASF/sam0/drivers/system/clock/clock_samd20/gclk.o
system_gclk_chan_lock                             src/ASF/sam0/drivers/system/clock/clock_samd20/gclk.o
system_gclk_chan_set_config                       src/ASF/sam0/drivers/system/clock/clock_samd20/gclk.o
                                                  src/ASF/sam0/drivers/system/clock/clock_samd20/clock.o
                                                  src/ASF/sam0/drivers/extint/extint_sam_d_r_h/extint.o
                                                  src/ASF/sam0/drivers/sercom/sercom.o
                                                  src/ASF/sam0/drivers/sercom/i2c/i2c_samd20/i2c_master.o
system_gclk_gen_disable                           src/ASF/sam0/drivers/system/clock/clock_samd20/gclk.o
system_gclk_gen_enable                            src/ASF/sam0/drivers/system/clock/clock_samd20/gclk.o
                                                  src/ASF/sam0/drivers/system/clock/clock_samd20/clock.o
system_gclk_gen_get_hz                            src/ASF/sam0/drivers/system/clock/clock_samd20/gclk.o
                                                  src/ASF/common2/boards/user_board/init.o
                                                  src/ASF/common2/services/delay/sam0/systick_counter.o
system_gclk_gen_is_enabled                        src/ASF/sam0/drivers/system/clock/clock_samd20/gclk.o
system_gclk_gen_set_config                        src/ASF/sam0/drivers/system/clock/clock_samd20/gclk.o
                                                  src/ASF/sam0/drivers/system/clock/clock_samd20/clock.o
system_gclk_init                                  src/ASF/sam0/drivers/system/clock/clock_samd20/gclk.o
                                                  src/ASF/sam0/drivers/system/clock/clock_samd20/clock.o
system_init                                       src/ASF/sam0/drivers/system/system.o
                                                  src/main.o
system_interrupt_clear_pending                    src/ASF/sam0/drivers/system/interrupt/system_interrupt.o
                                                  src/ASF/sam0/drivers/sercom/i2c/i2c_samd20/i2c_master.o
system_interrupt_get_priority                     src/ASF/sam0/drivers/system/interrupt/system_interrupt.o
system_interrupt_is_pending                       src/ASF/sam0/drivers/system/interrupt/system_interrupt.o
system_interrupt_set_pending                      src/ASF/sam0/drivers/system/interrupt/system_interrupt.o
system_interrupt_set_priority                     src/ASF/sam0/drivers/system/interrupt/system_interrupt.o
system_pinmux_group_set_config                    src/ASF/sam0/drivers/system/pinmux/pinmux.o
                                                  src/ASF/sam0/drivers/port/port.o
system_pinmux_group_set_input_sample_mode         src/ASF/sam0/drivers/system/pinmux/pinmux.o
system_pinmux_pin_set_config                      src/ASF/sam0/drivers/system/pinmux/pinmux.o
                                                  src/ASF/sam0/drivers/port/port.o
                                                  src/ASF/sam0/drivers/extint/extint_sam_d_r_h/extint.o
                                                  src/ASF/sam0/drivers/sercom/i2c/i2c_samd20/i2c_master.o
timeout                                           src/DC_sercom.o
wr_buffer                                         src/main.o
wr_cmds                                           src/main.o
                                                  src/DC_peripherals.o
                                                  src/DC_sercom.o
write_packet                                      src/main.o
                                                  src/DC_peripherals.o
                                                  src/DC_sercom.o
