Archive member included to satisfy reference by file (symbol)

c:/program files (x86)/atmel/studio/7.0/toolchain/arm/arm-gnu-toolchain/bin/../lib/gcc/arm-none-eabi/6.3.1/thumb/v6-m\libgcc.a(_thumb1_case_uqi.o)
                              src/ASF/sam0/drivers/sercom/sercom.o (__gnu_thumb1_case_uqi)
c:/program files (x86)/atmel/studio/7.0/toolchain/arm/arm-gnu-toolchain/bin/../lib/gcc/arm-none-eabi/6.3.1/thumb/v6-m\libgcc.a(_udivsi3.o)
                              src/ASF/sam0/drivers/sercom/i2c/i2c_samd20/i2c_master.o (__aeabi_uidiv)
c:/program files (x86)/atmel/studio/7.0/toolchain/arm/arm-gnu-toolchain/bin/../lib/gcc/arm-none-eabi/6.3.1/thumb/v6-m\libgcc.a(_dvmd_tls.o)
                              c:/program files (x86)/atmel/studio/7.0/toolchain/arm/arm-gnu-toolchain/bin/../lib/gcc/arm-none-eabi/6.3.1/thumb/v6-m\libgcc.a(_udivsi3.o) (__aeabi_idiv0)
c:/program files (x86)/atmel/studio/7.0/toolchain/arm/arm-gnu-toolchain/bin/../lib/gcc/arm-none-eabi/6.3.1/thumb/v6-m\libgcc.a(_ashldi3.o)
                              src/ASF/sam0/drivers/sercom/sercom.o (__aeabi_llsl)
c:/program files (x86)/atmel/studio/7.0/toolchain/arm/arm-gnu-toolchain/bin/../lib/gcc/arm-none-eabi/6.3.1/thumb/v6-m\libgcc.a(_muldi3.o)
                              src/ASF/sam0/drivers/sercom/sercom.o (__aeabi_lmul)
c:/program files (x86)/atmel/studio/7.0/toolchain/arm/arm-gnu-toolchain/bin/../lib/gcc/arm-none-eabi/6.3.1/../../../../arm-none-eabi/lib/thumb/v6-m\libc_nano.a(lib_a-exit.o)
                              c:/program files (x86)/atmel/studio/7.0/toolchain/arm/arm-gnu-toolchain/bin/../lib/gcc/arm-none-eabi/6.3.1/../../../../arm-none-eabi/lib/thumb/v6-m/crt0.o (exit)
c:/program files (x86)/atmel/studio/7.0/toolchain/arm/arm-gnu-toolchain/bin/../lib/gcc/arm-none-eabi/6.3.1/../../../../arm-none-eabi/lib/thumb/v6-m\libc_nano.a(lib_a-impure.o)
                              c:/program files (x86)/atmel/studio/7.0/toolchain/arm/arm-gnu-toolchain/bin/../lib/gcc/arm-none-eabi/6.3.1/../../../../arm-none-eabi/lib/thumb/v6-m\libc_nano.a(lib_a-exit.o) (_global_impure_ptr)
c:/program files (x86)/atmel/studio/7.0/toolchain/arm/arm-gnu-toolchain/bin/../lib/gcc/arm-none-eabi/6.3.1/../../../../arm-none-eabi/lib/thumb/v6-m\libc_nano.a(lib_a-init.o)
                              c:/program files (x86)/atmel/studio/7.0/toolchain/arm/arm-gnu-toolchain/bin/../lib/gcc/arm-none-eabi/6.3.1/../../../../arm-none-eabi/lib/thumb/v6-m/crt0.o (__libc_init_array)
c:/program files (x86)/atmel/studio/7.0/toolchain/arm/arm-gnu-toolchain/bin/../lib/gcc/arm-none-eabi/6.3.1/../../../../arm-none-eabi/lib/thumb/v6-m\libc_nano.a(lib_a-memset.o)
                              c:/program files (x86)/atmel/studio/7.0/toolchain/arm/arm-gnu-toolchain/bin/../lib/gcc/arm-none-eabi/6.3.1/../../../../arm-none-eabi/lib/thumb/v6-m/crt0.o (memset)

Allocating common symbols
Common symbol       size              file

write_packet        0xc               src/DC_sercom.o
read_packet         0xc               src/DC_sercom.o
rx_buffer           0x5               src/DC_sercom.o
_sercom_instances   0x18              src/ASF/sam0/drivers/sercom/sercom_interrupt.o
wr_cmds             0x5               src/DC_peripherals.o
_extint_dev         0x40              src/ASF/sam0/drivers/extint/extint_sam_d_r_h/extint.o
_current_channel    0x1               src/ASF/sam0/drivers/extint/extint_callback.o
i2c_master_instance
                    0x28              src/DC_sercom.o
config_i2c_master   0x28              src/DC_sercom.o
slrd_buffer         0x5               src/DC_peripherals.o

Discarded input sections

 .text          0x00000000        0x0 c:/program files (x86)/atmel/studio/7.0/toolchain/arm/arm-gnu-toolchain/bin/../lib/gcc/arm-none-eabi/6.3.1/thumb/v6-m/crti.o
 .data          0x00000000        0x0 c:/program files (x86)/atmel/studio/7.0/toolchain/arm/arm-gnu-toolchain/bin/../lib/gcc/arm-none-eabi/6.3.1/thumb/v6-m/crti.o
 .bss           0x00000000        0x0 c:/program files (x86)/atmel/studio/7.0/toolchain/arm/arm-gnu-toolchain/bin/../lib/gcc/arm-none-eabi/6.3.1/thumb/v6-m/crti.o
 .data          0x00000000        0x4 c:/program files (x86)/atmel/studio/7.0/toolchain/arm/arm-gnu-toolchain/bin/../lib/gcc/arm-none-eabi/6.3.1/thumb/v6-m/crtbegin.o
 .text          0x00000000       0x78 c:/program files (x86)/atmel/studio/7.0/toolchain/arm/arm-gnu-toolchain/bin/../lib/gcc/arm-none-eabi/6.3.1/../../../../arm-none-eabi/lib/thumb/v6-m/crt0.o
 .data          0x00000000        0x0 c:/program files (x86)/atmel/studio/7.0/toolchain/arm/arm-gnu-toolchain/bin/../lib/gcc/arm-none-eabi/6.3.1/../../../../arm-none-eabi/lib/thumb/v6-m/crt0.o
 .bss           0x00000000        0x0 c:/program files (x86)/atmel/studio/7.0/toolchain/arm/arm-gnu-toolchain/bin/../lib/gcc/arm-none-eabi/6.3.1/../../../../arm-none-eabi/lib/thumb/v6-m/crt0.o
 .ARM.extab     0x00000000        0x0 c:/program files (x86)/atmel/studio/7.0/toolchain/arm/arm-gnu-toolchain/bin/../lib/gcc/arm-none-eabi/6.3.1/../../../../arm-none-eabi/lib/thumb/v6-m/crt0.o
 .ARM.exidx     0x00000000        0x8 c:/program files (x86)/atmel/studio/7.0/toolchain/arm/arm-gnu-toolchain/bin/../lib/gcc/arm-none-eabi/6.3.1/../../../../arm-none-eabi/lib/thumb/v6-m/crt0.o
 .ARM.attributes
                0x00000000       0x1b c:/program files (x86)/atmel/studio/7.0/toolchain/arm/arm-gnu-toolchain/bin/../lib/gcc/arm-none-eabi/6.3.1/../../../../arm-none-eabi/lib/thumb/v6-m/crt0.o
 .text          0x00000000        0x0 src/ASF/sam0/drivers/sercom/i2c/i2c_samd20/i2c_master.o
 .data          0x00000000        0x0 src/ASF/sam0/drivers/sercom/i2c/i2c_samd20/i2c_master.o
 .bss           0x00000000        0x0 src/ASF/sam0/drivers/sercom/i2c/i2c_samd20/i2c_master.o
 .text.i2c_master_reset
                0x00000000       0x68 src/ASF/sam0/drivers/sercom/i2c/i2c_samd20/i2c_master.o
 .text.i2c_master_read_packet_wait_no_stop
                0x00000000       0x20 src/ASF/sam0/drivers/sercom/i2c/i2c_samd20/i2c_master.o
 .text.i2c_master_read_packet_wait_no_nack
                0x00000000       0x20 src/ASF/sam0/drivers/sercom/i2c/i2c_samd20/i2c_master.o
 .text.i2c_master_write_packet_wait_no_stop
                0x00000000       0x20 src/ASF/sam0/drivers/sercom/i2c/i2c_samd20/i2c_master.o
 .text.i2c_master_send_stop
                0x00000000       0x18 src/ASF/sam0/drivers/sercom/i2c/i2c_samd20/i2c_master.o
 .text.i2c_master_send_nack
                0x00000000       0x18 src/ASF/sam0/drivers/sercom/i2c/i2c_samd20/i2c_master.o
 .text.i2c_master_read_byte
                0x00000000       0x2c src/ASF/sam0/drivers/sercom/i2c/i2c_samd20/i2c_master.o
 .text.i2c_master_write_byte
                0x00000000       0x20 src/ASF/sam0/drivers/sercom/i2c/i2c_samd20/i2c_master.o
 .bss.cpu_irq_critical_section_counter
                0x00000000        0x4 src/ASF/sam0/drivers/sercom/i2c/i2c_samd20/i2c_master.o
 .bss.cpu_irq_prev_interrupt_state
                0x00000000        0x1 src/ASF/sam0/drivers/sercom/i2c/i2c_samd20/i2c_master.o
 .text          0x00000000        0x0 src/ASF/sam0/drivers/sercom/i2c/i2c_samd20/i2c_master_interrupt.o
 .data          0x00000000        0x0 src/ASF/sam0/drivers/sercom/i2c/i2c_samd20/i2c_master_interrupt.o
 .bss           0x00000000        0x0 src/ASF/sam0/drivers/sercom/i2c/i2c_samd20/i2c_master_interrupt.o
 .text.i2c_master_register_callback
                0x00000000       0x16 src/ASF/sam0/drivers/sercom/i2c/i2c_samd20/i2c_master_interrupt.o
 .text.i2c_master_unregister_callback
                0x00000000       0x16 src/ASF/sam0/drivers/sercom/i2c/i2c_samd20/i2c_master_interrupt.o
 .text.i2c_master_read_bytes
                0x00000000       0x24 src/ASF/sam0/drivers/sercom/i2c/i2c_samd20/i2c_master_interrupt.o
 .text.i2c_master_read_packet_job
                0x00000000       0x38 src/ASF/sam0/drivers/sercom/i2c/i2c_samd20/i2c_master_interrupt.o
 .text.i2c_master_read_packet_job_no_stop
                0x00000000       0x38 src/ASF/sam0/drivers/sercom/i2c/i2c_samd20/i2c_master_interrupt.o
 .text.i2c_master_read_packet_job_no_nack
                0x00000000       0x38 src/ASF/sam0/drivers/sercom/i2c/i2c_samd20/i2c_master_interrupt.o
 .text.i2c_master_write_bytes
                0x00000000       0x24 src/ASF/sam0/drivers/sercom/i2c/i2c_samd20/i2c_master_interrupt.o
 .text.i2c_master_write_packet_job
                0x00000000       0x36 src/ASF/sam0/drivers/sercom/i2c/i2c_samd20/i2c_master_interrupt.o
 .text.i2c_master_write_packet_job_no_stop
                0x00000000       0x36 src/ASF/sam0/drivers/sercom/i2c/i2c_samd20/i2c_master_interrupt.o
 .bss.cpu_irq_critical_section_counter
                0x00000000        0x4 src/ASF/sam0/drivers/sercom/i2c/i2c_samd20/i2c_master_interrupt.o
 .bss.cpu_irq_prev_interrupt_state
                0x00000000        0x1 src/ASF/sam0/drivers/sercom/i2c/i2c_samd20/i2c_master_interrupt.o
 .text          0x00000000        0x0 src/ASF/sam0/drivers/sercom/sercom.o
 .data          0x00000000        0x0 src/ASF/sam0/drivers/sercom/sercom.o
 .bss           0x00000000        0x0 src/ASF/sam0/drivers/sercom/sercom.o
 .text.long_division
                0x00000000       0x6c src/ASF/sam0/drivers/sercom/sercom.o
 .text._sercom_get_sync_baud_val
                0x00000000       0x28 src/ASF/sam0/drivers/sercom/sercom.o
 .text._sercom_get_async_baud_val
                0x00000000       0x98 src/ASF/sam0/drivers/sercom/sercom.o
 .bss.cpu_irq_critical_section_counter
                0x00000000        0x4 src/ASF/sam0/drivers/sercom/sercom.o
 .bss.cpu_irq_prev_interrupt_state
                0x00000000        0x1 src/ASF/sam0/drivers/sercom/sercom.o
 .text          0x00000000        0x0 src/ASF/sam0/drivers/sercom/sercom_interrupt.o
 .data          0x00000000        0x0 src/ASF/sam0/drivers/sercom/sercom_interrupt.o
 .bss           0x00000000        0x0 src/ASF/sam0/drivers/sercom/sercom_interrupt.o
 .bss.cpu_irq_critical_section_counter
                0x00000000        0x4 src/ASF/sam0/drivers/sercom/sercom_interrupt.o
 .bss.cpu_irq_prev_interrupt_state
                0x00000000        0x1 src/ASF/sam0/drivers/sercom/sercom_interrupt.o
 .text          0x00000000        0x0 src/DC_sercom.o
 .data          0x00000000        0x0 src/DC_sercom.o
 .bss           0x00000000        0x0 src/DC_sercom.o
 .text.i2c_write_complete_callback
                0x00000000       0x18 src/DC_sercom.o
 .text.configure_i2c_callbacks
                0x00000000       0x24 src/DC_sercom.o
 .text.i2c_Write
                0x00000000       0x74 src/DC_sercom.o
 .bss.cpu_irq_critical_section_counter
                0x00000000        0x4 src/DC_sercom.o
 .bss.cpu_irq_prev_interrupt_state
                0x00000000        0x1 src/DC_sercom.o
 .text          0x00000000        0x0 src/ASF/common2/services/delay/sam0/systick_counter.o
 .data          0x00000000        0x0 src/ASF/common2/services/delay/sam0/systick_counter.o
 .bss           0x00000000        0x0 src/ASF/common2/services/delay/sam0/systick_counter.o
 .text.delay_cycles_us
                0x00000000       0x2c src/ASF/common2/services/delay/sam0/systick_counter.o
 .bss.cpu_irq_critical_section_counter
                0x00000000        0x4 src/ASF/common2/services/delay/sam0/systick_counter.o
 .bss.cpu_irq_prev_interrupt_state
                0x00000000        0x1 src/ASF/common2/services/delay/sam0/systick_counter.o
 .text          0x00000000        0x0 src/ASF/sam0/drivers/extint/extint_sam_d_r_h/extint.o
 .data          0x00000000        0x0 src/ASF/sam0/drivers/extint/extint_sam_d_r_h/extint.o
 .bss           0x00000000        0x0 src/ASF/sam0/drivers/extint/extint_sam_d_r_h/extint.o
 .text.extint_nmi_set_config
                0x00000000       0x70 src/ASF/sam0/drivers/extint/extint_sam_d_r_h/extint.o
 .text.extint_enable_events
                0x00000000       0x28 src/ASF/sam0/drivers/extint/extint_sam_d_r_h/extint.o
 .text.extint_disable_events
                0x00000000       0x28 src/ASF/sam0/drivers/extint/extint_sam_d_r_h/extint.o
 .bss.cpu_irq_critical_section_counter
                0x00000000        0x4 src/ASF/sam0/drivers/extint/extint_sam_d_r_h/extint.o
 .bss.cpu_irq_prev_interrupt_state
                0x00000000        0x1 src/ASF/sam0/drivers/extint/extint_sam_d_r_h/extint.o
 .text          0x00000000        0x0 src/ASF/sam0/drivers/port/port.o
 .data          0x00000000        0x0 src/ASF/sam0/drivers/port/port.o
 .bss           0x00000000        0x0 src/ASF/sam0/drivers/port/port.o
 .text.port_group_set_config
                0x00000000       0x20 src/ASF/sam0/drivers/port/port.o
 .bss.cpu_irq_critical_section_counter
                0x00000000        0x4 src/ASF/sam0/drivers/port/port.o
 .bss.cpu_irq_prev_interrupt_state
                0x00000000        0x1 src/ASF/sam0/drivers/port/port.o
 .text          0x00000000        0x0 src/ASF/sam0/drivers/extint/extint_callback.o
 .data          0x00000000        0x0 src/ASF/sam0/drivers/extint/extint_callback.o
 .bss           0x00000000        0x0 src/ASF/sam0/drivers/extint/extint_callback.o
 .text.extint_unregister_callback
                0x00000000       0x20 src/ASF/sam0/drivers/extint/extint_callback.o
 .text.extint_chan_disable_callback
                0x00000000       0x20 src/ASF/sam0/drivers/extint/extint_callback.o
 .text.extint_get_current_channel
                0x00000000        0xc src/ASF/sam0/drivers/extint/extint_callback.o
 .bss.cpu_irq_critical_section_counter
                0x00000000        0x4 src/ASF/sam0/drivers/extint/extint_callback.o
 .bss.cpu_irq_prev_interrupt_state
                0x00000000        0x1 src/ASF/sam0/drivers/extint/extint_callback.o
 .text          0x00000000        0x0 src/ASF/common2/boards/user_board/init.o
 .data          0x00000000        0x0 src/ASF/common2/boards/user_board/init.o
 .bss           0x00000000        0x0 src/ASF/common2/boards/user_board/init.o
 .bss.cpu_irq_critical_section_counter
                0x00000000        0x4 src/ASF/common2/boards/user_board/init.o
 .bss.cpu_irq_prev_interrupt_state
                0x00000000        0x1 src/ASF/common2/boards/user_board/init.o
 .text          0x00000000        0x0 src/ASF/common/utils/interrupt/interrupt_sam_nvic.o
 .data          0x00000000        0x0 src/ASF/common/utils/interrupt/interrupt_sam_nvic.o
 .bss           0x00000000        0x0 src/ASF/common/utils/interrupt/interrupt_sam_nvic.o
 .text          0x00000000        0x0 src/ASF/sam0/drivers/system/clock/clock_samd20/clock.o
 .data          0x00000000        0x0 src/ASF/sam0/drivers/system/clock/clock_samd20/clock.o
 .bss           0x00000000        0x0 src/ASF/sam0/drivers/system/clock/clock_samd20/clock.o
 .text.system_clock_source_osc32k_set_config
                0x00000000       0x70 src/ASF/sam0/drivers/system/clock/clock_samd20/clock.o
 .text.system_clock_source_xosc_set_config
                0x00000000       0xcc src/ASF/sam0/drivers/system/clock/clock_samd20/clock.o
 .text.system_clock_source_xosc32k_set_config
                0x00000000       0x9c src/ASF/sam0/drivers/system/clock/clock_samd20/clock.o
 .text.system_clock_source_dfll_set_config
                0x00000000       0x8c src/ASF/sam0/drivers/system/clock/clock_samd20/clock.o
 .text.system_clock_source_write_calibration
                0x00000000       0x84 src/ASF/sam0/drivers/system/clock/clock_samd20/clock.o
 .text.system_clock_source_disable
                0x00000000       0x64 src/ASF/sam0/drivers/system/clock/clock_samd20/clock.o
 .text.system_clock_source_is_ready
                0x00000000       0x40 src/ASF/sam0/drivers/system/clock/clock_samd20/clock.o
 .bss.cpu_irq_critical_section_counter
                0x00000000        0x4 src/ASF/sam0/drivers/system/clock/clock_samd20/clock.o
 .bss.cpu_irq_prev_interrupt_state
                0x00000000        0x1 src/ASF/sam0/drivers/system/clock/clock_samd20/clock.o
 .text          0x00000000        0x0 src/ASF/sam0/drivers/system/clock/clock_samd20/gclk.o
 .data          0x00000000        0x0 src/ASF/sam0/drivers/system/clock/clock_samd20/gclk.o
 .bss           0x00000000        0x0 src/ASF/sam0/drivers/system/clock/clock_samd20/gclk.o
 .text.system_gclk_gen_disable
                0x00000000       0x4c src/ASF/sam0/drivers/system/clock/clock_samd20/gclk.o
 .text.system_gclk_gen_is_enabled
                0x00000000       0x2c src/ASF/sam0/drivers/system/clock/clock_samd20/gclk.o
 .text.system_gclk_chan_is_enabled
                0x00000000       0x2c src/ASF/sam0/drivers/system/clock/clock_samd20/gclk.o
 .text.system_gclk_chan_lock
                0x00000000       0x30 src/ASF/sam0/drivers/system/clock/clock_samd20/gclk.o
 .text.system_gclk_chan_is_locked
                0x00000000       0x2c src/ASF/sam0/drivers/system/clock/clock_samd20/gclk.o
 .bss.cpu_irq_critical_section_counter
                0x00000000        0x4 src/ASF/sam0/drivers/system/clock/clock_samd20/gclk.o
 .bss.cpu_irq_prev_interrupt_state
                0x00000000        0x1 src/ASF/sam0/drivers/system/clock/clock_samd20/gclk.o
 .text          0x00000000        0x0 src/ASF/sam0/drivers/system/interrupt/system_interrupt.o
 .data          0x00000000        0x0 src/ASF/sam0/drivers/system/interrupt/system_interrupt.o
 .bss           0x00000000        0x0 src/ASF/sam0/drivers/system/interrupt/system_interrupt.o
 .text.system_interrupt_is_pending
                0x00000000       0x30 src/ASF/sam0/drivers/system/interrupt/system_interrupt.o
 .text.system_interrupt_set_pending
                0x00000000       0x38 src/ASF/sam0/drivers/system/interrupt/system_interrupt.o
 .text.system_interrupt_clear_pending
                0x00000000       0x30 src/ASF/sam0/drivers/system/interrupt/system_interrupt.o
 .text.system_interrupt_set_priority
                0x00000000       0x44 src/ASF/sam0/drivers/system/interrupt/system_interrupt.o
 .text.system_interrupt_get_priority
                0x00000000       0x34 src/ASF/sam0/drivers/system/interrupt/system_interrupt.o
 .bss.cpu_irq_critical_section_counter
                0x00000000        0x4 src/ASF/sam0/drivers/system/interrupt/system_interrupt.o
 .bss.cpu_irq_prev_interrupt_state
                0x00000000        0x1 src/ASF/sam0/drivers/system/interrupt/system_interrupt.o
 .comment       0x00000000       0x5a src/ASF/sam0/drivers/system/interrupt/system_interrupt.o
 .ARM.attributes
                0x00000000       0x32 src/ASF/sam0/drivers/system/interrupt/system_interrupt.o
 .text          0x00000000        0x0 src/ASF/sam0/drivers/system/pinmux/pinmux.o
 .data          0x00000000        0x0 src/ASF/sam0/drivers/system/pinmux/pinmux.o
 .bss           0x00000000        0x0 src/ASF/sam0/drivers/system/pinmux/pinmux.o
 .text.system_pinmux_group_set_config
                0x00000000       0x2c src/ASF/sam0/drivers/system/pinmux/pinmux.o
 .text.system_pinmux_group_set_input_sample_mode
                0x00000000       0x12 src/ASF/sam0/drivers/system/pinmux/pinmux.o
 .bss.cpu_irq_critical_section_counter
                0x00000000        0x4 src/ASF/sam0/drivers/system/pinmux/pinmux.o
 .bss.cpu_irq_prev_interrupt_state
                0x00000000        0x1 src/ASF/sam0/drivers/system/pinmux/pinmux.o
 .text          0x00000000        0x0 src/ASF/sam0/drivers/system/system.o
 .data          0x00000000        0x0 src/ASF/sam0/drivers/system/system.o
 .bss           0x00000000        0x0 src/ASF/sam0/drivers/system/system.o
 .bss.cpu_irq_critical_section_counter
                0x00000000        0x4 src/ASF/sam0/drivers/system/system.o
 .bss.cpu_irq_prev_interrupt_state
                0x00000000        0x1 src/ASF/sam0/drivers/system/system.o
 .text          0x00000000        0x0 src/ASF/sam0/utils/cmsis/samd20/source/gcc/startup_samd20.o
 .data          0x00000000        0x0 src/ASF/sam0/utils/cmsis/samd20/source/gcc/startup_samd20.o
 .bss           0x00000000        0x0 src/ASF/sam0/utils/cmsis/samd20/source/gcc/startup_samd20.o
 .text          0x00000000        0x0 src/ASF/sam0/utils/cmsis/samd20/source/system_samd20.o
 .data          0x00000000        0x0 src/ASF/sam0/utils/cmsis/samd20/source/system_samd20.o
 .bss           0x00000000        0x0 src/ASF/sam0/utils/cmsis/samd20/source/system_samd20.o
 .text.SystemInit
                0x00000000       0x10 src/ASF/sam0/utils/cmsis/samd20/source/system_samd20.o
 .text.SystemCoreClockUpdate
                0x00000000       0x10 src/ASF/sam0/utils/cmsis/samd20/source/system_samd20.o
 .data.SystemCoreClock
                0x00000000        0x4 src/ASF/sam0/utils/cmsis/samd20/source/system_samd20.o
 .comment       0x00000000       0x5a src/ASF/sam0/utils/cmsis/samd20/source/system_samd20.o
 .ARM.attributes
                0x00000000       0x32 src/ASF/sam0/utils/cmsis/samd20/source/system_samd20.o
 .text          0x00000000        0x0 src/ASF/sam0/utils/syscalls/gcc/syscalls.o
 .data          0x00000000        0x0 src/ASF/sam0/utils/syscalls/gcc/syscalls.o
 .bss           0x00000000        0x0 src/ASF/sam0/utils/syscalls/gcc/syscalls.o
 .text._sbrk    0x00000000       0x20 src/ASF/sam0/utils/syscalls/gcc/syscalls.o
 .text.link     0x00000000        0x6 src/ASF/sam0/utils/syscalls/gcc/syscalls.o
 .text._close   0x00000000        0x6 src/ASF/sam0/utils/syscalls/gcc/syscalls.o
 .text._fstat   0x00000000        0xa src/ASF/sam0/utils/syscalls/gcc/syscalls.o
 .text._isatty  0x00000000        0x4 src/ASF/sam0/utils/syscalls/gcc/syscalls.o
 .text._lseek   0x00000000        0x4 src/ASF/sam0/utils/syscalls/gcc/syscalls.o
 .text._exit    0x00000000        0x4 src/ASF/sam0/utils/syscalls/gcc/syscalls.o
 .text._kill    0x00000000        0x2 src/ASF/sam0/utils/syscalls/gcc/syscalls.o
 .text._getpid  0x00000000        0x6 src/ASF/sam0/utils/syscalls/gcc/syscalls.o
 .bss.heap.5296
                0x00000000        0x4 src/ASF/sam0/utils/syscalls/gcc/syscalls.o
 .comment       0x00000000       0x5a src/ASF/sam0/utils/syscalls/gcc/syscalls.o
 .ARM.attributes
                0x00000000       0x32 src/ASF/sam0/utils/syscalls/gcc/syscalls.o
 .text          0x00000000        0x0 src/DC_peripherals.o
 .data          0x00000000        0x0 src/DC_peripherals.o
 .bss           0x00000000        0x0 src/DC_peripherals.o
 .bss.cpu_irq_critical_section_counter
                0x00000000        0x4 src/DC_peripherals.o
 .bss.cpu_irq_prev_interrupt_state
                0x00000000        0x1 src/DC_peripherals.o
 .data.slwr_buffer
                0x00000000        0x5 src/DC_peripherals.o
 .text          0x00000000        0x0 src/main.o
 .data          0x00000000        0x0 src/main.o
 .bss           0x00000000        0x0 src/main.o
 .text.sensorRead
                0x00000000       0x1c src/main.o
 .bss.cpu_irq_critical_section_counter
                0x00000000        0x4 src/main.o
 .bss.cpu_irq_prev_interrupt_state
                0x00000000        0x1 src/main.o
 .data.cfgReg   0x00000000        0x1 src/main.o
 .data.rd_buffer
                0x00000000        0x2 src/main.o
 .data.sensorADDR
                0x00000000        0x1 src/main.o
 .data.wr_buffer
                0x00000000        0x1 src/main.o
 .data          0x00000000        0x0 c:/program files (x86)/atmel/studio/7.0/toolchain/arm/arm-gnu-toolchain/bin/../lib/gcc/arm-none-eabi/6.3.1/thumb/v6-m\libgcc.a(_thumb1_case_uqi.o)
 .bss           0x00000000        0x0 c:/program files (x86)/atmel/studio/7.0/toolchain/arm/arm-gnu-toolchain/bin/../lib/gcc/arm-none-eabi/6.3.1/thumb/v6-m\libgcc.a(_thumb1_case_uqi.o)
 .data          0x00000000        0x0 c:/program files (x86)/atmel/studio/7.0/toolchain/arm/arm-gnu-toolchain/bin/../lib/gcc/arm-none-eabi/6.3.1/thumb/v6-m\libgcc.a(_udivsi3.o)
 .bss           0x00000000        0x0 c:/program files (x86)/atmel/studio/7.0/toolchain/arm/arm-gnu-toolchain/bin/../lib/gcc/arm-none-eabi/6.3.1/thumb/v6-m\libgcc.a(_udivsi3.o)
 .data          0x00000000        0x0 c:/program files (x86)/atmel/studio/7.0/toolchain/arm/arm-gnu-toolchain/bin/../lib/gcc/arm-none-eabi/6.3.1/thumb/v6-m\libgcc.a(_dvmd_tls.o)
 .bss           0x00000000        0x0 c:/program files (x86)/atmel/studio/7.0/toolchain/arm/arm-gnu-toolchain/bin/../lib/gcc/arm-none-eabi/6.3.1/thumb/v6-m\libgcc.a(_dvmd_tls.o)
 .text          0x00000000       0x18 c:/program files (x86)/atmel/studio/7.0/toolchain/arm/arm-gnu-toolchain/bin/../lib/gcc/arm-none-eabi/6.3.1/thumb/v6-m\libgcc.a(_ashldi3.o)
 .data          0x00000000        0x0 c:/program files (x86)/atmel/studio/7.0/toolchain/arm/arm-gnu-toolchain/bin/../lib/gcc/arm-none-eabi/6.3.1/thumb/v6-m\libgcc.a(_ashldi3.o)
 .bss           0x00000000        0x0 c:/program files (x86)/atmel/studio/7.0/toolchain/arm/arm-gnu-toolchain/bin/../lib/gcc/arm-none-eabi/6.3.1/thumb/v6-m\libgcc.a(_ashldi3.o)
 .ARM.attributes
                0x00000000       0x1e c:/program files (x86)/atmel/studio/7.0/toolchain/arm/arm-gnu-toolchain/bin/../lib/gcc/arm-none-eabi/6.3.1/thumb/v6-m\libgcc.a(_ashldi3.o)
 .text          0x00000000       0x54 c:/program files (x86)/atmel/studio/7.0/toolchain/arm/arm-gnu-toolchain/bin/../lib/gcc/arm-none-eabi/6.3.1/thumb/v6-m\libgcc.a(_muldi3.o)
 .data          0x00000000        0x0 c:/program files (x86)/atmel/studio/7.0/toolchain/arm/arm-gnu-toolchain/bin/../lib/gcc/arm-none-eabi/6.3.1/thumb/v6-m\libgcc.a(_muldi3.o)
 .bss           0x00000000        0x0 c:/program files (x86)/atmel/studio/7.0/toolchain/arm/arm-gnu-toolchain/bin/../lib/gcc/arm-none-eabi/6.3.1/thumb/v6-m\libgcc.a(_muldi3.o)
 .debug_frame   0x00000000       0x34 c:/program files (x86)/atmel/studio/7.0/toolchain/arm/arm-gnu-toolchain/bin/../lib/gcc/arm-none-eabi/6.3.1/thumb/v6-m\libgcc.a(_muldi3.o)
 .ARM.attributes
                0x00000000       0x2c c:/program files (x86)/atmel/studio/7.0/toolchain/arm/arm-gnu-toolchain/bin/../lib/gcc/arm-none-eabi/6.3.1/thumb/v6-m\libgcc.a(_muldi3.o)
 .text          0x00000000        0x0 c:/program files (x86)/atmel/studio/7.0/toolchain/arm/arm-gnu-toolchain/bin/../lib/gcc/arm-none-eabi/6.3.1/../../../../arm-none-eabi/lib/thumb/v6-m\libc_nano.a(lib_a-exit.o)
 .data          0x00000000        0x0 c:/program files (x86)/atmel/studio/7.0/toolchain/arm/arm-gnu-toolchain/bin/../lib/gcc/arm-none-eabi/6.3.1/../../../../arm-none-eabi/lib/thumb/v6-m\libc_nano.a(lib_a-exit.o)
 .bss           0x00000000        0x0 c:/program files (x86)/atmel/studio/7.0/toolchain/arm/arm-gnu-toolchain/bin/../lib/gcc/arm-none-eabi/6.3.1/../../../../arm-none-eabi/lib/thumb/v6-m\libc_nano.a(lib_a-exit.o)
 .text.exit     0x00000000       0x2c c:/program files (x86)/atmel/studio/7.0/toolchain/arm/arm-gnu-toolchain/bin/../lib/gcc/arm-none-eabi/6.3.1/../../../../arm-none-eabi/lib/thumb/v6-m\libc_nano.a(lib_a-exit.o)
 .debug_frame   0x00000000       0x28 c:/program files (x86)/atmel/studio/7.0/toolchain/arm/arm-gnu-toolchain/bin/../lib/gcc/arm-none-eabi/6.3.1/../../../../arm-none-eabi/lib/thumb/v6-m\libc_nano.a(lib_a-exit.o)
 .ARM.attributes
                0x00000000       0x2c c:/program files (x86)/atmel/studio/7.0/toolchain/arm/arm-gnu-toolchain/bin/../lib/gcc/arm-none-eabi/6.3.1/../../../../arm-none-eabi/lib/thumb/v6-m\libc_nano.a(lib_a-exit.o)
 .text          0x00000000        0x0 c:/program files (x86)/atmel/studio/7.0/toolchain/arm/arm-gnu-toolchain/bin/../lib/gcc/arm-none-eabi/6.3.1/../../../../arm-none-eabi/lib/thumb/v6-m\libc_nano.a(lib_a-impure.o)
 .data          0x00000000        0x0 c:/program files (x86)/atmel/studio/7.0/toolchain/arm/arm-gnu-toolchain/bin/../lib/gcc/arm-none-eabi/6.3.1/../../../../arm-none-eabi/lib/thumb/v6-m\libc_nano.a(lib_a-impure.o)
 .bss           0x00000000        0x0 c:/program files (x86)/atmel/studio/7.0/toolchain/arm/arm-gnu-toolchain/bin/../lib/gcc/arm-none-eabi/6.3.1/../../../../arm-none-eabi/lib/thumb/v6-m\libc_nano.a(lib_a-impure.o)
 .data._impure_ptr
                0x00000000        0x4 c:/program files (x86)/atmel/studio/7.0/toolchain/arm/arm-gnu-toolchain/bin/../lib/gcc/arm-none-eabi/6.3.1/../../../../arm-none-eabi/lib/thumb/v6-m\libc_nano.a(lib_a-impure.o)
 .data.impure_data
                0x00000000       0x60 c:/program files (x86)/atmel/studio/7.0/toolchain/arm/arm-gnu-toolchain/bin/../lib/gcc/arm-none-eabi/6.3.1/../../../../arm-none-eabi/lib/thumb/v6-m\libc_nano.a(lib_a-impure.o)
 .rodata._global_impure_ptr
                0x00000000        0x4 c:/program files (x86)/atmel/studio/7.0/toolchain/arm/arm-gnu-toolchain/bin/../lib/gcc/arm-none-eabi/6.3.1/../../../../arm-none-eabi/lib/thumb/v6-m\libc_nano.a(lib_a-impure.o)
 .ARM.attributes
                0x00000000       0x2c c:/program files (x86)/atmel/studio/7.0/toolchain/arm/arm-gnu-toolchain/bin/../lib/gcc/arm-none-eabi/6.3.1/../../../../arm-none-eabi/lib/thumb/v6-m\libc_nano.a(lib_a-impure.o)
 .text          0x00000000        0x0 c:/program files (x86)/atmel/studio/7.0/toolchain/arm/arm-gnu-toolchain/bin/../lib/gcc/arm-none-eabi/6.3.1/../../../../arm-none-eabi/lib/thumb/v6-m\libc_nano.a(lib_a-init.o)
 .data          0x00000000        0x0 c:/program files (x86)/atmel/studio/7.0/toolchain/arm/arm-gnu-toolchain/bin/../lib/gcc/arm-none-eabi/6.3.1/../../../../arm-none-eabi/lib/thumb/v6-m\libc_nano.a(lib_a-init.o)
 .bss           0x00000000        0x0 c:/program files (x86)/atmel/studio/7.0/toolchain/arm/arm-gnu-toolchain/bin/../lib/gcc/arm-none-eabi/6.3.1/../../../../arm-none-eabi/lib/thumb/v6-m\libc_nano.a(lib_a-init.o)
 .text          0x00000000        0x0 c:/program files (x86)/atmel/studio/7.0/toolchain/arm/arm-gnu-toolchain/bin/../lib/gcc/arm-none-eabi/6.3.1/../../../../arm-none-eabi/lib/thumb/v6-m\libc_nano.a(lib_a-memset.o)
 .data          0x00000000        0x0 c:/program files (x86)/atmel/studio/7.0/toolchain/arm/arm-gnu-toolchain/bin/../lib/gcc/arm-none-eabi/6.3.1/../../../../arm-none-eabi/lib/thumb/v6-m\libc_nano.a(lib_a-memset.o)
 .bss           0x00000000        0x0 c:/program files (x86)/atmel/studio/7.0/toolchain/arm/arm-gnu-toolchain/bin/../lib/gcc/arm-none-eabi/6.3.1/../../../../arm-none-eabi/lib/thumb/v6-m\libc_nano.a(lib_a-memset.o)
 .text.memset   0x00000000       0x10 c:/program files (x86)/atmel/studio/7.0/toolchain/arm/arm-gnu-toolchain/bin/../lib/gcc/arm-none-eabi/6.3.1/../../../../arm-none-eabi/lib/thumb/v6-m\libc_nano.a(lib_a-memset.o)
 .debug_frame   0x00000000       0x20 c:/program files (x86)/atmel/studio/7.0/toolchain/arm/arm-gnu-toolchain/bin/../lib/gcc/arm-none-eabi/6.3.1/../../../../arm-none-eabi/lib/thumb/v6-m\libc_nano.a(lib_a-memset.o)
 .ARM.attributes
                0x00000000       0x2c c:/program files (x86)/atmel/studio/7.0/toolchain/arm/arm-gnu-toolchain/bin/../lib/gcc/arm-none-eabi/6.3.1/../../../../arm-none-eabi/lib/thumb/v6-m\libc_nano.a(lib_a-memset.o)
 .text          0x00000000        0x0 c:/program files (x86)/atmel/studio/7.0/toolchain/arm/arm-gnu-toolchain/bin/../lib/gcc/arm-none-eabi/6.3.1/thumb/v6-m/crtend.o
 .data          0x00000000        0x0 c:/program files (x86)/atmel/studio/7.0/toolchain/arm/arm-gnu-toolchain/bin/../lib/gcc/arm-none-eabi/6.3.1/thumb/v6-m/crtend.o
 .bss           0x00000000        0x0 c:/program files (x86)/atmel/studio/7.0/toolchain/arm/arm-gnu-toolchain/bin/../lib/gcc/arm-none-eabi/6.3.1/thumb/v6-m/crtend.o
 .eh_frame      0x00000000        0x4 c:/program files (x86)/atmel/studio/7.0/toolchain/arm/arm-gnu-toolchain/bin/../lib/gcc/arm-none-eabi/6.3.1/thumb/v6-m/crtend.o
 .jcr           0x00000000        0x4 c:/program files (x86)/atmel/studio/7.0/toolchain/arm/arm-gnu-toolchain/bin/../lib/gcc/arm-none-eabi/6.3.1/thumb/v6-m/crtend.o
 .ARM.attributes
                0x00000000       0x2c c:/program files (x86)/atmel/studio/7.0/toolchain/arm/arm-gnu-toolchain/bin/../lib/gcc/arm-none-eabi/6.3.1/thumb/v6-m/crtend.o
 .text          0x00000000        0x0 c:/program files (x86)/atmel/studio/7.0/toolchain/arm/arm-gnu-toolchain/bin/../lib/gcc/arm-none-eabi/6.3.1/thumb/v6-m/crtn.o
 .data          0x00000000        0x0 c:/program files (x86)/atmel/studio/7.0/toolchain/arm/arm-gnu-toolchain/bin/../lib/gcc/arm-none-eabi/6.3.1/thumb/v6-m/crtn.o
 .bss           0x00000000        0x0 c:/program files (x86)/atmel/studio/7.0/toolchain/arm/arm-gnu-toolchain/bin/../lib/gcc/arm-none-eabi/6.3.1/thumb/v6-m/crtn.o

Memory Configuration

Name             Origin             Length             Attributes
rom              0x00000000         0x00040000         xr
ram              0x20000000         0x00008000         xrw
*default*        0x00000000         0xffffffff

Linker script and memory map

LOAD c:/program files (x86)/atmel/studio/7.0/toolchain/arm/arm-gnu-toolchain/bin/../lib/gcc/arm-none-eabi/6.3.1/thumb/v6-m/crti.o
LOAD c:/program files (x86)/atmel/studio/7.0/toolchain/arm/arm-gnu-toolchain/bin/../lib/gcc/arm-none-eabi/6.3.1/thumb/v6-m/crtbegin.o
LOAD c:/program files (x86)/atmel/studio/7.0/toolchain/arm/arm-gnu-toolchain/bin/../lib/gcc/arm-none-eabi/6.3.1/../../../../arm-none-eabi/lib/thumb/v6-m/crt0.o
LOAD src/ASF/sam0/drivers/sercom/i2c/i2c_samd20/i2c_master.o
LOAD src/ASF/sam0/drivers/sercom/i2c/i2c_samd20/i2c_master_interrupt.o
LOAD src/ASF/sam0/drivers/sercom/sercom.o
LOAD src/ASF/sam0/drivers/sercom/sercom_interrupt.o
LOAD src/DC_sercom.o
LOAD src/ASF/common2/services/delay/sam0/systick_counter.o
LOAD src/ASF/sam0/drivers/extint/extint_sam_d_r_h/extint.o
LOAD src/ASF/sam0/drivers/port/port.o
LOAD src/ASF/sam0/drivers/extint/extint_callback.o
LOAD src/ASF/common2/boards/user_board/init.o
LOAD src/ASF/common/utils/interrupt/interrupt_sam_nvic.o
LOAD src/ASF/sam0/drivers/system/clock/clock_samd20/clock.o
LOAD src/ASF/sam0/drivers/system/clock/clock_samd20/gclk.o
LOAD src/ASF/sam0/drivers/system/interrupt/system_interrupt.o
LOAD src/ASF/sam0/drivers/system/pinmux/pinmux.o
LOAD src/ASF/sam0/drivers/system/system.o
LOAD src/ASF/sam0/utils/cmsis/samd20/source/gcc/startup_samd20.o
LOAD src/ASF/sam0/utils/cmsis/samd20/source/system_samd20.o
LOAD src/ASF/sam0/utils/syscalls/gcc/syscalls.o
LOAD src/DC_peripherals.o
LOAD src/main.o
START GROUP
LOAD ../src/ASF/thirdparty/CMSIS/Lib/GCC\libarm_cortexM0l_math.a
LOAD c:/program files (x86)/atmel/studio/7.0/toolchain/arm/arm-gnu-toolchain/bin/../lib/gcc/arm-none-eabi/6.3.1/../../../../arm-none-eabi/lib/thumb/v6-m\libm.a
END GROUP
START GROUP
LOAD c:/program files (x86)/atmel/studio/7.0/toolchain/arm/arm-gnu-toolchain/bin/../lib/gcc/arm-none-eabi/6.3.1/thumb/v6-m\libgcc.a
LOAD c:/program files (x86)/atmel/studio/7.0/toolchain/arm/arm-gnu-toolchain/bin/../lib/gcc/arm-none-eabi/6.3.1/../../../../arm-none-eabi/lib/thumb/v6-m\libc_nano.a
END GROUP
START GROUP
LOAD c:/program files (x86)/atmel/studio/7.0/toolchain/arm/arm-gnu-toolchain/bin/../lib/gcc/arm-none-eabi/6.3.1/thumb/v6-m\libgcc.a
LOAD c:/program files (x86)/atmel/studio/7.0/toolchain/arm/arm-gnu-toolchain/bin/../lib/gcc/arm-none-eabi/6.3.1/../../../../arm-none-eabi/lib/thumb/v6-m\libc_nano.a
END GROUP
LOAD c:/program files (x86)/atmel/studio/7.0/toolchain/arm/arm-gnu-toolchain/bin/../lib/gcc/arm-none-eabi/6.3.1/thumb/v6-m/crtend.o
LOAD c:/program files (x86)/atmel/studio/7.0/toolchain/arm/arm-gnu-toolchain/bin/../lib/gcc/arm-none-eabi/6.3.1/thumb/v6-m/crtn.o
                0x00002000                STACK_SIZE = DEFINED (STACK_SIZE)?STACK_SIZE:DEFINED (__stack_size__)?__stack_size__:0x2000

.text           0x00000000     0x160c
                0x00000000                . = ALIGN (0x4)
                0x00000000                _sfixed = .
 *(.vectors .vectors.*)
 .vectors       0x00000000       0xa4 src/ASF/sam0/utils/cmsis/samd20/source/gcc/startup_samd20.o
                0x00000000                exception_table
 *(.text .text.* .gnu.linkonce.t.*)
 .text          0x000000a4       0x60 c:/program files (x86)/atmel/studio/7.0/toolchain/arm/arm-gnu-toolchain/bin/../lib/gcc/arm-none-eabi/6.3.1/thumb/v6-m/crtbegin.o
 .text._i2c_master_wait_for_sync
                0x00000104        0xc src/ASF/sam0/drivers/sercom/i2c/i2c_samd20/i2c_master.o
 .text._i2c_master_address_response
                0x00000110       0x2c src/ASF/sam0/drivers/sercom/i2c/i2c_samd20/i2c_master.o
 .text._i2c_master_wait_for_bus
                0x0000013c       0x28 src/ASF/sam0/drivers/sercom/i2c/i2c_samd20/i2c_master.o
 .text._i2c_master_read_packet
                0x00000164       0xd0 src/ASF/sam0/drivers/sercom/i2c/i2c_samd20/i2c_master.o
 .text._i2c_master_write_packet
                0x00000234       0x94 src/ASF/sam0/drivers/sercom/i2c/i2c_samd20/i2c_master.o
 .text.i2c_master_init
                0x000002c8      0x178 src/ASF/sam0/drivers/sercom/i2c/i2c_samd20/i2c_master.o
                0x000002c8                i2c_master_init
 .text.i2c_master_read_packet_wait
                0x00000440       0x20 src/ASF/sam0/drivers/sercom/i2c/i2c_samd20/i2c_master.o
                0x00000440                i2c_master_read_packet_wait
 .text.i2c_master_write_packet_wait
                0x00000460       0x20 src/ASF/sam0/drivers/sercom/i2c/i2c_samd20/i2c_master.o
                0x00000460                i2c_master_write_packet_wait
 .text._i2c_master_wait_for_sync
                0x00000480        0xc src/ASF/sam0/drivers/sercom/i2c/i2c_samd20/i2c_master_interrupt.o
 .text._i2c_master_read
                0x0000048c       0x6c src/ASF/sam0/drivers/sercom/i2c/i2c_samd20/i2c_master_interrupt.o
 .text._i2c_master_write
                0x000004f8       0x38 src/ASF/sam0/drivers/sercom/i2c/i2c_samd20/i2c_master_interrupt.o
 .text._i2c_master_interrupt_handler
                0x00000530      0x16c src/ASF/sam0/drivers/sercom/i2c/i2c_samd20/i2c_master_interrupt.o
                0x00000530                _i2c_master_interrupt_handler
 .text.sercom_set_gclk_generator
                0x0000069c       0x44 src/ASF/sam0/drivers/sercom/sercom.o
                0x0000069c                sercom_set_gclk_generator
 .text._sercom_get_default_pad
                0x000006e0      0x15c src/ASF/sam0/drivers/sercom/sercom.o
                0x000006e0                _sercom_get_default_pad
 .text._sercom_get_sercom_inst_index
                0x0000083c       0x30 src/ASF/sam0/drivers/sercom/sercom.o
                0x0000083c                _sercom_get_sercom_inst_index
 .text._sercom_default_handler
                0x0000086c        0x2 src/ASF/sam0/drivers/sercom/sercom_interrupt.o
 *fill*         0x0000086e        0x2 
 .text._sercom_set_handler
                0x00000870       0x38 src/ASF/sam0/drivers/sercom/sercom_interrupt.o
                0x00000870                _sercom_set_handler
 .text._sercom_get_interrupt_vector
                0x000008a8       0x2c src/ASF/sam0/drivers/sercom/sercom_interrupt.o
                0x000008a8                _sercom_get_interrupt_vector
 .text.SERCOM0_Handler
                0x000008d4       0x10 src/ASF/sam0/drivers/sercom/sercom_interrupt.o
                0x000008d4                SERCOM0_Handler
 .text.SERCOM1_Handler
                0x000008e4       0x10 src/ASF/sam0/drivers/sercom/sercom_interrupt.o
                0x000008e4                SERCOM1_Handler
 .text.SERCOM2_Handler
                0x000008f4       0x10 src/ASF/sam0/drivers/sercom/sercom_interrupt.o
                0x000008f4                SERCOM2_Handler
 .text.SERCOM3_Handler
                0x00000904       0x10 src/ASF/sam0/drivers/sercom/sercom_interrupt.o
                0x00000904                SERCOM3_Handler
 .text.SERCOM4_Handler
                0x00000914       0x10 src/ASF/sam0/drivers/sercom/sercom_interrupt.o
                0x00000914                SERCOM4_Handler
 .text.SERCOM5_Handler
                0x00000924       0x10 src/ASF/sam0/drivers/sercom/sercom_interrupt.o
                0x00000924                SERCOM5_Handler
 .text.configure_i2c_master
                0x00000934       0x98 src/DC_sercom.o
                0x00000934                configure_i2c_master
 .text.i2c_slWrite
                0x000009cc       0x6c src/DC_sercom.o
                0x000009cc                i2c_slWrite
 .text.i2c_Read
                0x00000a38       0x70 src/DC_sercom.o
                0x00000a38                i2c_Read
 .text.delay_init
                0x00000aa8       0x40 src/ASF/common2/services/delay/sam0/systick_counter.o
                0x00000aa8                delay_init
 .text.delay_cycles_ms
                0x00000ae8       0x2c src/ASF/common2/services/delay/sam0/systick_counter.o
                0x00000ae8                delay_cycles_ms
 .text.extint_is_syncing
                0x00000b14        0xc src/ASF/sam0/drivers/extint/extint_sam_d_r_h/extint.o
 .text._extint_enable
                0x00000b20       0x20 src/ASF/sam0/drivers/extint/extint_sam_d_r_h/extint.o
 .text._system_extint_init
                0x00000b40       0x68 src/ASF/sam0/drivers/extint/extint_sam_d_r_h/extint.o
                0x00000b40                _system_extint_init
 .text.extint_chan_get_config_defaults
                0x00000ba8       0x14 src/ASF/sam0/drivers/extint/extint_sam_d_r_h/extint.o
                0x00000ba8                extint_chan_get_config_defaults
 .text.extint_chan_set_config
                0x00000bbc       0x70 src/ASF/sam0/drivers/extint/extint_sam_d_r_h/extint.o
                0x00000bbc                extint_chan_set_config
 .text.port_pin_set_config
                0x00000c2c       0x20 src/ASF/sam0/drivers/port/port.o
                0x00000c2c                port_pin_set_config
 .text.extint_register_callback
                0x00000c4c       0x28 src/ASF/sam0/drivers/extint/extint_callback.o
                0x00000c4c                extint_register_callback
 .text.extint_chan_enable_callback
                0x00000c74       0x20 src/ASF/sam0/drivers/extint/extint_callback.o
                0x00000c74                extint_chan_enable_callback
 .text.EIC_Handler
                0x00000c94       0x40 src/ASF/sam0/drivers/extint/extint_callback.o
                0x00000c94                EIC_Handler
 .text.config_led
                0x00000cd4       0x28 src/ASF/common2/boards/user_board/init.o
                0x00000cd4                config_led
 .text.config_btn
                0x00000cfc       0x1c src/ASF/common2/boards/user_board/init.o
                0x00000cfc                config_btn
 .text.system_board_init
                0x00000d18       0x58 src/ASF/common2/boards/user_board/init.o
                0x00000d18                board_init
                0x00000d18                system_board_init
 .text.cpu_irq_enter_critical
                0x00000d70       0x34 src/ASF/common/utils/interrupt/interrupt_sam_nvic.o
                0x00000d70                cpu_irq_enter_critical
 .text.cpu_irq_leave_critical
                0x00000da4       0x30 src/ASF/common/utils/interrupt/interrupt_sam_nvic.o
                0x00000da4                cpu_irq_leave_critical
 .text.system_clock_source_get_hz
                0x00000dd4       0x78 src/ASF/sam0/drivers/system/clock/clock_samd20/clock.o
                0x00000dd4                system_clock_source_get_hz
 .text.system_clock_source_osc8m_set_config
                0x00000e4c       0x3c src/ASF/sam0/drivers/system/clock/clock_samd20/clock.o
                0x00000e4c                system_clock_source_osc8m_set_config
 .text.system_clock_source_enable
                0x00000e88       0x80 src/ASF/sam0/drivers/system/clock/clock_samd20/clock.o
                0x00000e88                system_clock_source_enable
 .text.system_clock_init
                0x00000f08       0x90 src/ASF/sam0/drivers/system/clock/clock_samd20/clock.o
                0x00000f08                system_clock_init
 .text.system_gclk_is_syncing
                0x00000f98        0xc src/ASF/sam0/drivers/system/clock/clock_samd20/gclk.o
 .text.system_gclk_init
                0x00000fa4       0x20 src/ASF/sam0/drivers/system/clock/clock_samd20/gclk.o
                0x00000fa4                system_gclk_init
 .text.system_gclk_gen_set_config
                0x00000fc4       0xa4 src/ASF/sam0/drivers/system/clock/clock_samd20/gclk.o
                0x00000fc4                system_gclk_gen_set_config
 .text.system_gclk_gen_enable
                0x00001068       0x40 src/ASF/sam0/drivers/system/clock/clock_samd20/gclk.o
                0x00001068                system_gclk_gen_enable
 .text.system_gclk_gen_get_hz
                0x000010a8       0x88 src/ASF/sam0/drivers/system/clock/clock_samd20/gclk.o
                0x000010a8                system_gclk_gen_get_hz
 .text.system_gclk_chan_enable
                0x00001130       0x30 src/ASF/sam0/drivers/system/clock/clock_samd20/gclk.o
                0x00001130                system_gclk_chan_enable
 .text.system_gclk_chan_disable
                0x00001160       0x58 src/ASF/sam0/drivers/system/clock/clock_samd20/gclk.o
                0x00001160                system_gclk_chan_disable
 .text.system_gclk_chan_set_config
                0x000011b8       0x1c src/ASF/sam0/drivers/system/clock/clock_samd20/gclk.o
                0x000011b8                system_gclk_chan_set_config
 .text.system_gclk_chan_get_hz
                0x000011d4       0x34 src/ASF/sam0/drivers/system/clock/clock_samd20/gclk.o
                0x000011d4                system_gclk_chan_get_hz
 .text._system_pinmux_config
                0x00001208       0x84 src/ASF/sam0/drivers/system/pinmux/pinmux.o
 .text.system_pinmux_pin_set_config
                0x0000128c       0x2c src/ASF/sam0/drivers/system/pinmux/pinmux.o
                0x0000128c                system_pinmux_pin_set_config
 .text._system_dummy_init
                0x000012b8        0x2 src/ASF/sam0/drivers/system/system.o
                0x000012b8                _system_events_init
                0x000012b8                _system_dummy_init
                0x000012b8                _system_divas_init
 *fill*         0x000012ba        0x2 
 .text.system_init
                0x000012bc       0x2c src/ASF/sam0/drivers/system/system.o
                0x000012bc                system_init
 .text.Dummy_Handler
                0x000012e8        0x2 src/ASF/sam0/utils/cmsis/samd20/source/gcc/startup_samd20.o
                0x000012e8                HardFault_Handler
                0x000012e8                TC2_Handler
                0x000012e8                AC_Handler
                0x000012e8                PendSV_Handler
                0x000012e8                NMI_Handler
                0x000012e8                TC7_Handler
                0x000012e8                ADC_Handler
                0x000012e8                RTC_Handler
                0x000012e8                TC6_Handler
                0x000012e8                WDT_Handler
                0x000012e8                TC4_Handler
                0x000012e8                TC1_Handler
                0x000012e8                TC3_Handler
                0x000012e8                Dummy_Handler
                0x000012e8                PM_Handler
                0x000012e8                SVC_Handler
                0x000012e8                EVSYS_Handler
                0x000012e8                NVMCTRL_Handler
                0x000012e8                DAC_Handler
                0x000012e8                PTC_Handler
                0x000012e8                TC0_Handler
                0x000012e8                TC5_Handler
                0x000012e8                SYSCTRL_Handler
 *fill*         0x000012ea        0x2 
 .text.Reset_Handler
                0x000012ec       0x70 src/ASF/sam0/utils/cmsis/samd20/source/gcc/startup_samd20.o
                0x000012ec                Reset_Handler
 .text.extint_detection_callback
                0x0000135c       0x58 src/DC_peripherals.o
                0x0000135c                extint_detection_callback
 .text.configure_extint_channel
                0x000013b4       0x28 src/DC_peripherals.o
                0x000013b4                configure_extint_channel
 .text.configure_extint_callbacks
                0x000013dc       0x24 src/DC_peripherals.o
                0x000013dc                configure_extint_callbacks
 .text.SysTick_Handler
                0x00001400        0x2 src/DC_peripherals.o
                0x00001400                SysTick_Handler
 *fill*         0x00001402        0x2 
 .text.sys_config
                0x00001404       0x48 src/DC_peripherals.o
                0x00001404                sys_config
 .text.startup.main
                0x0000144c       0x14 src/main.o
                0x0000144c                main
 .text          0x00001460       0x14 c:/program files (x86)/atmel/studio/7.0/toolchain/arm/arm-gnu-toolchain/bin/../lib/gcc/arm-none-eabi/6.3.1/thumb/v6-m\libgcc.a(_thumb1_case_uqi.o)
                0x00001460                __gnu_thumb1_case_uqi
 .text          0x00001474      0x114 c:/program files (x86)/atmel/studio/7.0/toolchain/arm/arm-gnu-toolchain/bin/../lib/gcc/arm-none-eabi/6.3.1/thumb/v6-m\libgcc.a(_udivsi3.o)
                0x00001474                __aeabi_uidiv
                0x00001474                __udivsi3
                0x00001580                __aeabi_uidivmod
 .text          0x00001588        0x4 c:/program files (x86)/atmel/studio/7.0/toolchain/arm/arm-gnu-toolchain/bin/../lib/gcc/arm-none-eabi/6.3.1/thumb/v6-m\libgcc.a(_dvmd_tls.o)
                0x00001588                __aeabi_idiv0
                0x00001588                __aeabi_ldiv0
 .text.__libc_init_array
                0x0000158c       0x48 c:/program files (x86)/atmel/studio/7.0/toolchain/arm/arm-gnu-toolchain/bin/../lib/gcc/arm-none-eabi/6.3.1/../../../../arm-none-eabi/lib/thumb/v6-m\libc_nano.a(lib_a-init.o)
                0x0000158c                __libc_init_array
 *(.glue_7t)
 .glue_7t       0x000015d4        0x0 linker stubs
 *(.glue_7)
 .glue_7        0x000015d4        0x0 linker stubs
 *(.rodata .rodata* .gnu.linkonce.r.*)
 .rodata        0x000015d4       0x18 src/ASF/sam0/drivers/sercom/sercom.o
 *(.ARM.extab* .gnu.linkonce.armextab.*)
                0x000015ec                . = ALIGN (0x4)
 *(.init)
 .init          0x000015ec        0x4 c:/program files (x86)/atmel/studio/7.0/toolchain/arm/arm-gnu-toolchain/bin/../lib/gcc/arm-none-eabi/6.3.1/thumb/v6-m/crti.o
                0x000015ec                _init
 .init          0x000015f0        0x8 c:/program files (x86)/atmel/studio/7.0/toolchain/arm/arm-gnu-toolchain/bin/../lib/gcc/arm-none-eabi/6.3.1/thumb/v6-m/crtn.o
                0x000015f8                . = ALIGN (0x4)
                0x000015f8                __preinit_array_start = .
 *(.preinit_array)
                0x000015f8                __preinit_array_end = .
                0x000015f8                . = ALIGN (0x4)
                0x000015f8                __init_array_start = .
 *(SORT(.init_array.*))
 *(.init_array)
 .init_array    0x000015f8        0x4 c:/program files (x86)/atmel/studio/7.0/toolchain/arm/arm-gnu-toolchain/bin/../lib/gcc/arm-none-eabi/6.3.1/thumb/v6-m/crtbegin.o
                0x000015fc                __init_array_end = .
                0x000015fc                . = ALIGN (0x4)
 *crtbegin.o(.ctors)
 *(EXCLUDE_FILE(*crtend.o) .ctors)
 *(SORT(.ctors.*))
 *crtend.o(.ctors)
                0x000015fc                . = ALIGN (0x4)
 *(.fini)
 .fini          0x000015fc        0x4 c:/program files (x86)/atmel/studio/7.0/toolchain/arm/arm-gnu-toolchain/bin/../lib/gcc/arm-none-eabi/6.3.1/thumb/v6-m/crti.o
                0x000015fc                _fini
 .fini          0x00001600        0x8 c:/program files (x86)/atmel/studio/7.0/toolchain/arm/arm-gnu-toolchain/bin/../lib/gcc/arm-none-eabi/6.3.1/thumb/v6-m/crtn.o
                0x00001608                . = ALIGN (0x4)
                0x00001608                __fini_array_start = .
 *(.fini_array)
 .fini_array    0x00001608        0x4 c:/program files (x86)/atmel/studio/7.0/toolchain/arm/arm-gnu-toolchain/bin/../lib/gcc/arm-none-eabi/6.3.1/thumb/v6-m/crtbegin.o
 *(SORT(.fini_array.*))
                0x0000160c                __fini_array_end = .
 *crtbegin.o(.dtors)
 *(EXCLUDE_FILE(*crtend.o) .dtors)
 *(SORT(.dtors.*))
 *crtend.o(.dtors)
                0x0000160c                . = ALIGN (0x4)
                0x0000160c                _efixed = .
                [!provide]                PROVIDE (__exidx_start, .)

.vfp11_veneer   0x0000160c        0x0
 .vfp11_veneer  0x0000160c        0x0 linker stubs

.v4_bx          0x0000160c        0x0
 .v4_bx         0x0000160c        0x0 linker stubs

.iplt           0x0000160c        0x0
 .iplt          0x0000160c        0x0 c:/program files (x86)/atmel/studio/7.0/toolchain/arm/arm-gnu-toolchain/bin/../lib/gcc/arm-none-eabi/6.3.1/thumb/v6-m/crtbegin.o

.eh_frame       0x0000160c        0x0
 .eh_frame      0x0000160c        0x0 c:/program files (x86)/atmel/studio/7.0/toolchain/arm/arm-gnu-toolchain/bin/../lib/gcc/arm-none-eabi/6.3.1/thumb/v6-m/crtbegin.o

.rel.dyn        0x0000160c        0x0
 .rel.iplt      0x0000160c        0x0 c:/program files (x86)/atmel/studio/7.0/toolchain/arm/arm-gnu-toolchain/bin/../lib/gcc/arm-none-eabi/6.3.1/thumb/v6-m/crtbegin.o

.jcr            0x0000160c        0x0
 .jcr           0x0000160c        0x0 c:/program files (x86)/atmel/studio/7.0/toolchain/arm/arm-gnu-toolchain/bin/../lib/gcc/arm-none-eabi/6.3.1/thumb/v6-m/crtbegin.o

.igot.plt       0x0000160c        0x0
 .igot.plt      0x0000160c        0x0 c:/program files (x86)/atmel/studio/7.0/toolchain/arm/arm-gnu-toolchain/bin/../lib/gcc/arm-none-eabi/6.3.1/thumb/v6-m/crtbegin.o

.ARM.exidx
 *(.ARM.exidx* .gnu.linkonce.armexidx.*)
                [!provide]                PROVIDE (__exidx_end, .)
                0x0000160c                . = ALIGN (0x4)
                0x0000160c                _etext = .

.relocate       0x20000000        0xc load address 0x0000160c
                0x20000000                . = ALIGN (0x4)
                0x20000000                _srelocate = .
 *(.ramfunc .ramfunc.*)
 *(.data .data.*)
 .data.cycles_per_ms
                0x20000000        0x4 src/ASF/common2/services/delay/sam0/systick_counter.o
 .data.cycles_per_us
                0x20000004        0x4 src/ASF/common2/services/delay/sam0/systick_counter.o
 .data.g_interrupt_enabled
                0x20000008        0x1 src/ASF/common/utils/interrupt/interrupt_sam_nvic.o
                0x20000008                g_interrupt_enabled
 .data.slaveADDR
                0x20000009        0x1 src/DC_peripherals.o
                0x20000009                slaveADDR
                0x2000000c                . = ALIGN (0x4)
 *fill*         0x2000000a        0x2 
                0x2000000c                _erelocate = .

.bss            0x2000000c      0x130 load address 0x00001618
                0x2000000c                . = ALIGN (0x4)
                0x2000000c                _sbss = .
                0x2000000c                _szero = .
 *(.bss .bss.*)
 .bss           0x2000000c       0x1c c:/program files (x86)/atmel/studio/7.0/toolchain/arm/arm-gnu-toolchain/bin/../lib/gcc/arm-none-eabi/6.3.1/thumb/v6-m/crtbegin.o
 .bss._sercom_config
                0x20000028        0x2 src/ASF/sam0/drivers/sercom/sercom.o
 .bss._handler_table_initialized
                0x2000002a        0x1 src/ASF/sam0/drivers/sercom/sercom_interrupt.o
 *fill*         0x2000002b        0x1 
 .bss._sercom_interrupt_handlers
                0x2000002c       0x18 src/ASF/sam0/drivers/sercom/sercom_interrupt.o
 .bss.timeout   0x20000044        0x2 src/DC_sercom.o
                0x20000044                timeout
 *fill*         0x20000046        0x2 
 .bss.cpu_irq_critical_section_counter
                0x20000048        0x4 src/ASF/common/utils/interrupt/interrupt_sam_nvic.o
 .bss.cpu_irq_prev_interrupt_state
                0x2000004c        0x1 src/ASF/common/utils/interrupt/interrupt_sam_nvic.o
 *fill*         0x2000004d        0x3 
 .bss._system_clock_inst
                0x20000050       0x14 src/ASF/sam0/drivers/system/clock/clock_samd20/clock.o
 .bss.slcfgReg  0x20000064        0x1 src/DC_peripherals.o
                0x20000064                slcfgReg
 *(COMMON)
 *fill*         0x20000065        0x3 
 COMMON         0x20000068       0x18 src/ASF/sam0/drivers/sercom/sercom_interrupt.o
                0x20000068                _sercom_instances
 COMMON         0x20000080       0x70 src/DC_sercom.o
                0x20000080                write_packet
                0x2000008c                read_packet
                0x20000098                rx_buffer
                0x200000a0                i2c_master_instance
                0x200000c8                config_i2c_master
 COMMON         0x200000f0       0x40 src/ASF/sam0/drivers/extint/extint_sam_d_r_h/extint.o
                0x200000f0                _extint_dev
 COMMON         0x20000130        0x1 src/ASF/sam0/drivers/extint/extint_callback.o
                0x20000130                _current_channel
 COMMON         0x20000131        0xa src/DC_peripherals.o
                0x20000131                wr_cmds
                0x20000136                slrd_buffer
                0x2000013c                . = ALIGN (0x4)
 *fill*         0x2000013b        0x1 
                0x2000013c                _ebss = .
                0x2000013c                _ezero = .

.stack          0x2000013c     0x2004 load address 0x00001748
                0x20000140                . = ALIGN (0x8)
 *fill*         0x2000013c        0x4 
                0x20000140                _sstack = .
                0x20002140                . = (. + STACK_SIZE)
 *fill*         0x20000140     0x2000 
                0x20002140                . = ALIGN (0x8)
                0x20002140                _estack = .
                0x20002140                . = ALIGN (0x4)
                0x20002140                _end = .
OUTPUT(External_Interrupt_Test_MCU.elf elf32-littlearm)

.ARM.attributes
                0x00000000       0x28
 .ARM.attributes
                0x00000000       0x1e c:/program files (x86)/atmel/studio/7.0/toolchain/arm/arm-gnu-toolchain/bin/../lib/gcc/arm-none-eabi/6.3.1/thumb/v6-m/crti.o
 .ARM.attributes
                0x0000001e       0x2c c:/program files (x86)/atmel/studio/7.0/toolchain/arm/arm-gnu-toolchain/bin/../lib/gcc/arm-none-eabi/6.3.1/thumb/v6-m/crtbegin.o
 .ARM.attributes
                0x0000004a       0x32 src/ASF/sam0/drivers/sercom/i2c/i2c_samd20/i2c_master.o
 .ARM.attributes
                0x0000007c       0x32 src/ASF/sam0/drivers/sercom/i2c/i2c_samd20/i2c_master_interrupt.o
 .ARM.attributes
                0x000000ae       0x32 src/ASF/sam0/drivers/sercom/sercom.o
 .ARM.attributes
                0x000000e0       0x32 src/ASF/sam0/drivers/sercom/sercom_interrupt.o
 .ARM.attributes
                0x00000112       0x32 src/DC_sercom.o
 .ARM.attributes
                0x00000144       0x32 src/ASF/common2/services/delay/sam0/systick_counter.o
 .ARM.attributes
                0x00000176       0x32 src/ASF/sam0/drivers/extint/extint_sam_d_r_h/extint.o
 .ARM.attributes
                0x000001a8       0x32 src/ASF/sam0/drivers/port/port.o
 .ARM.attributes
                0x000001da       0x32 src/ASF/sam0/drivers/extint/extint_callback.o
 .ARM.attributes
                0x0000020c       0x32 src/ASF/common2/boards/user_board/init.o
 .ARM.attributes
                0x0000023e       0x32 src/ASF/common/utils/interrupt/interrupt_sam_nvic.o
 .ARM.attributes
                0x00000270       0x32 src/ASF/sam0/drivers/system/clock/clock_samd20/clock.o
 .ARM.attributes
                0x000002a2       0x32 src/ASF/sam0/drivers/system/clock/clock_samd20/gclk.o
 .ARM.attributes
                0x000002d4       0x32 src/ASF/sam0/drivers/system/pinmux/pinmux.o
 .ARM.attributes
                0x00000306       0x32 src/ASF/sam0/drivers/system/system.o
 .ARM.attributes
                0x00000338       0x32 src/ASF/sam0/utils/cmsis/samd20/source/gcc/startup_samd20.o
 .ARM.attributes
                0x0000036a       0x32 src/DC_peripherals.o
 .ARM.attributes
                0x0000039c       0x32 src/main.o
 .ARM.attributes
                0x000003ce       0x1e c:/program files (x86)/atmel/studio/7.0/toolchain/arm/arm-gnu-toolchain/bin/../lib/gcc/arm-none-eabi/6.3.1/thumb/v6-m\libgcc.a(_thumb1_case_uqi.o)
 .ARM.attributes
                0x000003ec       0x1e c:/program files (x86)/atmel/studio/7.0/toolchain/arm/arm-gnu-toolchain/bin/../lib/gcc/arm-none-eabi/6.3.1/thumb/v6-m\libgcc.a(_udivsi3.o)
 .ARM.attributes
                0x0000040a       0x1e c:/program files (x86)/atmel/studio/7.0/toolchain/arm/arm-gnu-toolchain/bin/../lib/gcc/arm-none-eabi/6.3.1/thumb/v6-m\libgcc.a(_dvmd_tls.o)
 .ARM.attributes
                0x00000428       0x2c c:/program files (x86)/atmel/studio/7.0/toolchain/arm/arm-gnu-toolchain/bin/../lib/gcc/arm-none-eabi/6.3.1/../../../../arm-none-eabi/lib/thumb/v6-m\libc_nano.a(lib_a-init.o)
 .ARM.attributes
                0x00000454       0x1e c:/program files (x86)/atmel/studio/7.0/toolchain/arm/arm-gnu-toolchain/bin/../lib/gcc/arm-none-eabi/6.3.1/thumb/v6-m/crtn.o

.comment        0x00000000       0x59
 .comment       0x00000000       0x59 src/ASF/sam0/drivers/sercom/i2c/i2c_samd20/i2c_master.o
                                 0x5a (size before relaxing)
 .comment       0x00000059       0x5a src/ASF/sam0/drivers/sercom/i2c/i2c_samd20/i2c_master_interrupt.o
 .comment       0x00000059       0x5a src/ASF/sam0/drivers/sercom/sercom.o
 .comment       0x00000059       0x5a src/ASF/sam0/drivers/sercom/sercom_interrupt.o
 .comment       0x00000059       0x5a src/DC_sercom.o
 .comment       0x00000059       0x5a src/ASF/common2/services/delay/sam0/systick_counter.o
 .comment       0x00000059       0x5a src/ASF/sam0/drivers/extint/extint_sam_d_r_h/extint.o
 .comment       0x00000059       0x5a src/ASF/sam0/drivers/port/port.o
 .comment       0x00000059       0x5a src/ASF/sam0/drivers/extint/extint_callback.o
 .comment       0x00000059       0x5a src/ASF/common2/boards/user_board/init.o
 .comment       0x00000059       0x5a src/ASF/common/utils/interrupt/interrupt_sam_nvic.o
 .comment       0x00000059       0x5a src/ASF/sam0/drivers/system/clock/clock_samd20/clock.o
 .comment       0x00000059       0x5a src/ASF/sam0/drivers/system/clock/clock_samd20/gclk.o
 .comment       0x00000059       0x5a src/ASF/sam0/drivers/system/pinmux/pinmux.o
 .comment       0x00000059       0x5a src/ASF/sam0/drivers/system/system.o
 .comment       0x00000059       0x5a src/ASF/sam0/utils/cmsis/samd20/source/gcc/startup_samd20.o
 .comment       0x00000059       0x5a src/DC_peripherals.o
 .comment       0x00000059       0x5a src/main.o

.debug_frame    0x00000000       0x4c
 .debug_frame   0x00000000       0x20 c:/program files (x86)/atmel/studio/7.0/toolchain/arm/arm-gnu-toolchain/bin/../lib/gcc/arm-none-eabi/6.3.1/thumb/v6-m\libgcc.a(_udivsi3.o)
 .debug_frame   0x00000020       0x2c c:/program files (x86)/atmel/studio/7.0/toolchain/arm/arm-gnu-toolchain/bin/../lib/gcc/arm-none-eabi/6.3.1/../../../../arm-none-eabi/lib/thumb/v6-m\libc_nano.a(lib_a-init.o)

Cross Reference Table

Symbol                                            File
AC_Handler                                        src/ASF/sam0/utils/cmsis/samd20/source/gcc/startup_samd20.o
ADC_Handler                                       src/ASF/sam0/utils/cmsis/samd20/source/gcc/startup_samd20.o
DAC_Handler                                       src/ASF/sam0/utils/cmsis/samd20/source/gcc/startup_samd20.o
Dummy_Handler                                     src/ASF/sam0/utils/cmsis/samd20/source/gcc/startup_samd20.o
EIC_Handler                                       src/ASF/sam0/drivers/extint/extint_callback.o
EVSYS_Handler                                     src/ASF/sam0/utils/cmsis/samd20/source/gcc/startup_samd20.o
HardFault_Handler                                 src/ASF/sam0/utils/cmsis/samd20/source/gcc/startup_samd20.o
NMI_Handler                                       src/ASF/sam0/utils/cmsis/samd20/source/gcc/startup_samd20.o
NVMCTRL_Handler                                   src/ASF/sam0/utils/cmsis/samd20/source/gcc/startup_samd20.o
PM_Handler                                        src/ASF/sam0/utils/cmsis/samd20/source/gcc/startup_samd20.o
PTC_Handler                                       src/ASF/sam0/utils/cmsis/samd20/source/gcc/startup_samd20.o
PendSV_Handler                                    src/ASF/sam0/utils/cmsis/samd20/source/gcc/startup_samd20.o
RTC_Handler                                       src/ASF/sam0/utils/cmsis/samd20/source/gcc/startup_samd20.o
Reset_Handler                                     src/ASF/sam0/utils/cmsis/samd20/source/gcc/startup_samd20.o
SERCOM0_Handler                                   src/ASF/sam0/drivers/sercom/sercom_interrupt.o
SERCOM1_Handler                                   src/ASF/sam0/drivers/sercom/sercom_interrupt.o
SERCOM2_Handler                                   src/ASF/sam0/drivers/sercom/sercom_interrupt.o
SERCOM3_Handler                                   src/ASF/sam0/drivers/sercom/sercom_interrupt.o
SERCOM4_Handler                                   src/ASF/sam0/drivers/sercom/sercom_interrupt.o
SERCOM5_Handler                                   src/ASF/sam0/drivers/sercom/sercom_interrupt.o
SVC_Handler                                       src/ASF/sam0/utils/cmsis/samd20/source/gcc/startup_samd20.o
SYSCTRL_Handler                                   src/ASF/sam0/utils/cmsis/samd20/source/gcc/startup_samd20.o
SysTick_Handler                                   src/DC_peripherals.o
                                                  src/ASF/sam0/utils/cmsis/samd20/source/gcc/startup_samd20.o
SystemCoreClock                                   src/ASF/sam0/utils/cmsis/samd20/source/system_samd20.o
SystemCoreClockUpdate                             src/ASF/sam0/utils/cmsis/samd20/source/system_samd20.o
SystemInit                                        src/ASF/sam0/utils/cmsis/samd20/source/system_samd20.o
TC0_Handler                                       src/ASF/sam0/utils/cmsis/samd20/source/gcc/startup_samd20.o
TC1_Handler                                       src/ASF/sam0/utils/cmsis/samd20/source/gcc/startup_samd20.o
TC2_Handler                                       src/ASF/sam0/utils/cmsis/samd20/source/gcc/startup_samd20.o
TC3_Handler                                       src/ASF/sam0/utils/cmsis/samd20/source/gcc/startup_samd20.o
TC4_Handler                                       src/ASF/sam0/utils/cmsis/samd20/source/gcc/startup_samd20.o
TC5_Handler                                       src/ASF/sam0/utils/cmsis/samd20/source/gcc/startup_samd20.o
TC6_Handler                                       src/ASF/sam0/utils/cmsis/samd20/source/gcc/startup_samd20.o
TC7_Handler                                       src/ASF/sam0/utils/cmsis/samd20/source/gcc/startup_samd20.o
WDT_Handler                                       src/ASF/sam0/utils/cmsis/samd20/source/gcc/startup_samd20.o
_Jv_RegisterClasses                               c:/program files (x86)/atmel/studio/7.0/toolchain/arm/arm-gnu-toolchain/bin/../lib/gcc/arm-none-eabi/6.3.1/thumb/v6-m/crtbegin.o
__aeabi_idiv0                                     c:/program files (x86)/atmel/studio/7.0/toolchain/arm/arm-gnu-toolchain/bin/../lib/gcc/arm-none-eabi/6.3.1/thumb/v6-m\libgcc.a(_dvmd_tls.o)
                                                  c:/program files (x86)/atmel/studio/7.0/toolchain/arm/arm-gnu-toolchain/bin/../lib/gcc/arm-none-eabi/6.3.1/thumb/v6-m\libgcc.a(_udivsi3.o)
__aeabi_ldiv0                                     c:/program files (x86)/atmel/studio/7.0/toolchain/arm/arm-gnu-toolchain/bin/../lib/gcc/arm-none-eabi/6.3.1/thumb/v6-m\libgcc.a(_dvmd_tls.o)
__aeabi_llsl                                      c:/program files (x86)/atmel/studio/7.0/toolchain/arm/arm-gnu-toolchain/bin/../lib/gcc/arm-none-eabi/6.3.1/thumb/v6-m\libgcc.a(_ashldi3.o)
                                                  src/ASF/sam0/drivers/sercom/sercom.o
__aeabi_lmul                                      c:/program files (x86)/atmel/studio/7.0/toolchain/arm/arm-gnu-toolchain/bin/../lib/gcc/arm-none-eabi/6.3.1/thumb/v6-m\libgcc.a(_muldi3.o)
                                                  src/ASF/sam0/drivers/sercom/sercom.o
__aeabi_uidiv                                     c:/program files (x86)/atmel/studio/7.0/toolchain/arm/arm-gnu-toolchain/bin/../lib/gcc/arm-none-eabi/6.3.1/thumb/v6-m\libgcc.a(_udivsi3.o)
                                                  src/ASF/sam0/drivers/system/clock/clock_samd20/gclk.o
                                                  src/ASF/common2/services/delay/sam0/systick_counter.o
                                                  src/ASF/sam0/drivers/sercom/i2c/i2c_samd20/i2c_master.o
__aeabi_uidivmod                                  c:/program files (x86)/atmel/studio/7.0/toolchain/arm/arm-gnu-toolchain/bin/../lib/gcc/arm-none-eabi/6.3.1/thumb/v6-m\libgcc.a(_udivsi3.o)
__ashldi3                                         c:/program files (x86)/atmel/studio/7.0/toolchain/arm/arm-gnu-toolchain/bin/../lib/gcc/arm-none-eabi/6.3.1/thumb/v6-m\libgcc.a(_ashldi3.o)
__bss_end__                                       c:/program files (x86)/atmel/studio/7.0/toolchain/arm/arm-gnu-toolchain/bin/../lib/gcc/arm-none-eabi/6.3.1/../../../../arm-none-eabi/lib/thumb/v6-m/crt0.o
__bss_start__                                     c:/program files (x86)/atmel/studio/7.0/toolchain/arm/arm-gnu-toolchain/bin/../lib/gcc/arm-none-eabi/6.3.1/../../../../arm-none-eabi/lib/thumb/v6-m/crt0.o
__call_exitprocs                                  c:/program files (x86)/atmel/studio/7.0/toolchain/arm/arm-gnu-toolchain/bin/../lib/gcc/arm-none-eabi/6.3.1/../../../../arm-none-eabi/lib/thumb/v6-m\libc_nano.a(lib_a-exit.o)
__deregister_frame_info                           c:/program files (x86)/atmel/studio/7.0/toolchain/arm/arm-gnu-toolchain/bin/../lib/gcc/arm-none-eabi/6.3.1/thumb/v6-m/crtbegin.o
__dso_handle                                      c:/program files (x86)/atmel/studio/7.0/toolchain/arm/arm-gnu-toolchain/bin/../lib/gcc/arm-none-eabi/6.3.1/thumb/v6-m/crtbegin.o
__gnu_thumb1_case_uqi                             c:/program files (x86)/atmel/studio/7.0/toolchain/arm/arm-gnu-toolchain/bin/../lib/gcc/arm-none-eabi/6.3.1/thumb/v6-m\libgcc.a(_thumb1_case_uqi.o)
                                                  src/ASF/sam0/drivers/system/clock/clock_samd20/clock.o
                                                  src/ASF/sam0/drivers/sercom/sercom.o
__init_array_end                                  c:/program files (x86)/atmel/studio/7.0/toolchain/arm/arm-gnu-toolchain/bin/../lib/gcc/arm-none-eabi/6.3.1/../../../../arm-none-eabi/lib/thumb/v6-m\libc_nano.a(lib_a-init.o)
__init_array_start                                c:/program files (x86)/atmel/studio/7.0/toolchain/arm/arm-gnu-toolchain/bin/../lib/gcc/arm-none-eabi/6.3.1/../../../../arm-none-eabi/lib/thumb/v6-m\libc_nano.a(lib_a-init.o)
__libc_fini_array                                 c:/program files (x86)/atmel/studio/7.0/toolchain/arm/arm-gnu-toolchain/bin/../lib/gcc/arm-none-eabi/6.3.1/../../../../arm-none-eabi/lib/thumb/v6-m/crt0.o
__libc_init_array                                 c:/program files (x86)/atmel/studio/7.0/toolchain/arm/arm-gnu-toolchain/bin/../lib/gcc/arm-none-eabi/6.3.1/../../../../arm-none-eabi/lib/thumb/v6-m\libc_nano.a(lib_a-init.o)
                                                  src/ASF/sam0/utils/cmsis/samd20/source/gcc/startup_samd20.o
                                                  c:/program files (x86)/atmel/studio/7.0/toolchain/arm/arm-gnu-toolchain/bin/../lib/gcc/arm-none-eabi/6.3.1/../../../../arm-none-eabi/lib/thumb/v6-m/crt0.o
__muldi3                                          c:/program files (x86)/atmel/studio/7.0/toolchain/arm/arm-gnu-toolchain/bin/../lib/gcc/arm-none-eabi/6.3.1/thumb/v6-m\libgcc.a(_muldi3.o)
__preinit_array_end                               c:/program files (x86)/atmel/studio/7.0/toolchain/arm/arm-gnu-toolchain/bin/../lib/gcc/arm-none-eabi/6.3.1/../../../../arm-none-eabi/lib/thumb/v6-m\libc_nano.a(lib_a-init.o)
__preinit_array_start                             c:/program files (x86)/atmel/studio/7.0/toolchain/arm/arm-gnu-toolchain/bin/../lib/gcc/arm-none-eabi/6.3.1/../../../../arm-none-eabi/lib/thumb/v6-m\libc_nano.a(lib_a-init.o)
__register_frame_info                             c:/program files (x86)/atmel/studio/7.0/toolchain/arm/arm-gnu-toolchain/bin/../lib/gcc/arm-none-eabi/6.3.1/thumb/v6-m/crtbegin.o
__sf_fake_stderr                                  c:/program files (x86)/atmel/studio/7.0/toolchain/arm/arm-gnu-toolchain/bin/../lib/gcc/arm-none-eabi/6.3.1/../../../../arm-none-eabi/lib/thumb/v6-m\libc_nano.a(lib_a-impure.o)
__sf_fake_stdin                                   c:/program files (x86)/atmel/studio/7.0/toolchain/arm/arm-gnu-toolchain/bin/../lib/gcc/arm-none-eabi/6.3.1/../../../../arm-none-eabi/lib/thumb/v6-m\libc_nano.a(lib_a-impure.o)
__sf_fake_stdout                                  c:/program files (x86)/atmel/studio/7.0/toolchain/arm/arm-gnu-toolchain/bin/../lib/gcc/arm-none-eabi/6.3.1/../../../../arm-none-eabi/lib/thumb/v6-m\libc_nano.a(lib_a-impure.o)
__stack                                           c:/program files (x86)/atmel/studio/7.0/toolchain/arm/arm-gnu-toolchain/bin/../lib/gcc/arm-none-eabi/6.3.1/../../../../arm-none-eabi/lib/thumb/v6-m/crt0.o
__udivsi3                                         c:/program files (x86)/atmel/studio/7.0/toolchain/arm/arm-gnu-toolchain/bin/../lib/gcc/arm-none-eabi/6.3.1/thumb/v6-m\libgcc.a(_udivsi3.o)
_close                                            src/ASF/sam0/utils/syscalls/gcc/syscalls.o
_current_channel                                  src/ASF/sam0/drivers/extint/extint_callback.o
_end                                              src/ASF/sam0/utils/syscalls/gcc/syscalls.o
_erelocate                                        src/ASF/sam0/utils/cmsis/samd20/source/gcc/startup_samd20.o
_estack                                           src/ASF/sam0/utils/cmsis/samd20/source/gcc/startup_samd20.o
_etext                                            src/ASF/sam0/utils/cmsis/samd20/source/gcc/startup_samd20.o
_exit                                             src/ASF/sam0/utils/syscalls/gcc/syscalls.o
                                                  c:/program files (x86)/atmel/studio/7.0/toolchain/arm/arm-gnu-toolchain/bin/../lib/gcc/arm-none-eabi/6.3.1/../../../../arm-none-eabi/lib/thumb/v6-m\libc_nano.a(lib_a-exit.o)
_extint_dev                                       src/ASF/sam0/drivers/extint/extint_sam_d_r_h/extint.o
                                                  src/ASF/sam0/drivers/extint/extint_callback.o
_ezero                                            src/ASF/sam0/utils/cmsis/samd20/source/gcc/startup_samd20.o
_fini                                             c:/program files (x86)/atmel/studio/7.0/toolchain/arm/arm-gnu-toolchain/bin/../lib/gcc/arm-none-eabi/6.3.1/thumb/v6-m/crti.o
_fstat                                            src/ASF/sam0/utils/syscalls/gcc/syscalls.o
_getpid                                           src/ASF/sam0/utils/syscalls/gcc/syscalls.o
_global_impure_ptr                                c:/program files (x86)/atmel/studio/7.0/toolchain/arm/arm-gnu-toolchain/bin/../lib/gcc/arm-none-eabi/6.3.1/../../../../arm-none-eabi/lib/thumb/v6-m\libc_nano.a(lib_a-impure.o)
                                                  c:/program files (x86)/atmel/studio/7.0/toolchain/arm/arm-gnu-toolchain/bin/../lib/gcc/arm-none-eabi/6.3.1/../../../../arm-none-eabi/lib/thumb/v6-m\libc_nano.a(lib_a-exit.o)
_i2c_master_interrupt_handler                     src/ASF/sam0/drivers/sercom/i2c/i2c_samd20/i2c_master_interrupt.o
                                                  src/ASF/sam0/drivers/sercom/i2c/i2c_samd20/i2c_master.o
_impure_ptr                                       c:/program files (x86)/atmel/studio/7.0/toolchain/arm/arm-gnu-toolchain/bin/../lib/gcc/arm-none-eabi/6.3.1/../../../../arm-none-eabi/lib/thumb/v6-m\libc_nano.a(lib_a-impure.o)
_init                                             c:/program files (x86)/atmel/studio/7.0/toolchain/arm/arm-gnu-toolchain/bin/../lib/gcc/arm-none-eabi/6.3.1/thumb/v6-m/crti.o
                                                  c:/program files (x86)/atmel/studio/7.0/toolchain/arm/arm-gnu-toolchain/bin/../lib/gcc/arm-none-eabi/6.3.1/../../../../arm-none-eabi/lib/thumb/v6-m\libc_nano.a(lib_a-init.o)
_isatty                                           src/ASF/sam0/utils/syscalls/gcc/syscalls.o
_kill                                             src/ASF/sam0/utils/syscalls/gcc/syscalls.o
_lseek                                            src/ASF/sam0/utils/syscalls/gcc/syscalls.o
_mainCRTStartup                                   c:/program files (x86)/atmel/studio/7.0/toolchain/arm/arm-gnu-toolchain/bin/../lib/gcc/arm-none-eabi/6.3.1/../../../../arm-none-eabi/lib/thumb/v6-m/crt0.o
_sbrk                                             src/ASF/sam0/utils/syscalls/gcc/syscalls.o
_sercom_get_async_baud_val                        src/ASF/sam0/drivers/sercom/sercom.o
_sercom_get_default_pad                           src/ASF/sam0/drivers/sercom/sercom.o
                                                  src/ASF/sam0/drivers/sercom/i2c/i2c_samd20/i2c_master.o
_sercom_get_interrupt_vector                      src/ASF/sam0/drivers/sercom/sercom_interrupt.o
                                                  src/DC_sercom.o
                                                  src/ASF/sam0/drivers/sercom/i2c/i2c_samd20/i2c_master.o
_sercom_get_sercom_inst_index                     src/ASF/sam0/drivers/sercom/sercom.o
                                                  src/ASF/sam0/drivers/sercom/sercom_interrupt.o
                                                  src/ASF/sam0/drivers/sercom/i2c/i2c_samd20/i2c_master.o
_sercom_get_sync_baud_val                         src/ASF/sam0/drivers/sercom/sercom.o
_sercom_instances                                 src/ASF/sam0/drivers/sercom/sercom_interrupt.o
                                                  src/ASF/sam0/drivers/sercom/i2c/i2c_samd20/i2c_master_interrupt.o
                                                  src/ASF/sam0/drivers/sercom/i2c/i2c_samd20/i2c_master.o
_sercom_set_handler                               src/ASF/sam0/drivers/sercom/sercom_interrupt.o
                                                  src/ASF/sam0/drivers/sercom/i2c/i2c_samd20/i2c_master.o
_sfixed                                           src/ASF/sam0/utils/cmsis/samd20/source/gcc/startup_samd20.o
_srelocate                                        src/ASF/sam0/utils/cmsis/samd20/source/gcc/startup_samd20.o
_start                                            c:/program files (x86)/atmel/studio/7.0/toolchain/arm/arm-gnu-toolchain/bin/../lib/gcc/arm-none-eabi/6.3.1/../../../../arm-none-eabi/lib/thumb/v6-m/crt0.o
_system_divas_init                                src/ASF/sam0/drivers/system/system.o
_system_dummy_init                                src/ASF/sam0/drivers/system/system.o
_system_events_init                               src/ASF/sam0/drivers/system/system.o
_system_extint_init                               src/ASF/sam0/drivers/extint/extint_sam_d_r_h/extint.o
_szero                                            src/ASF/sam0/utils/cmsis/samd20/source/gcc/startup_samd20.o
atexit                                            c:/program files (x86)/atmel/studio/7.0/toolchain/arm/arm-gnu-toolchain/bin/../lib/gcc/arm-none-eabi/6.3.1/../../../../arm-none-eabi/lib/thumb/v6-m/crt0.o
board_init                                        src/ASF/common2/boards/user_board/init.o
cfgReg                                            src/main.o
config_btn                                        src/ASF/common2/boards/user_board/init.o
config_i2c_master                                 src/main.o
                                                  src/DC_peripherals.o
                                                  src/DC_sercom.o
config_led                                        src/ASF/common2/boards/user_board/init.o
configure_extint_callbacks                        src/DC_peripherals.o
configure_extint_channel                          src/DC_peripherals.o
configure_i2c_callbacks                           src/DC_sercom.o
configure_i2c_master                              src/DC_sercom.o
                                                  src/DC_peripherals.o
cpu_irq_enter_critical                            src/ASF/common/utils/interrupt/interrupt_sam_nvic.o
                                                  src/ASF/sam0/drivers/system/clock/clock_samd20/gclk.o
                                                  src/ASF/sam0/drivers/sercom/i2c/i2c_samd20/i2c_master.o
cpu_irq_leave_critical                            src/ASF/common/utils/interrupt/interrupt_sam_nvic.o
                                                  src/ASF/sam0/drivers/system/clock/clock_samd20/gclk.o
                                                  src/ASF/sam0/drivers/sercom/i2c/i2c_samd20/i2c_master.o
delay_cycles_ms                                   src/ASF/common2/services/delay/sam0/systick_counter.o
                                                  src/DC_peripherals.o
delay_cycles_us                                   src/ASF/common2/services/delay/sam0/systick_counter.o
delay_init                                        src/ASF/common2/services/delay/sam0/systick_counter.o
                                                  src/ASF/common2/boards/user_board/init.o
exception_table                                   src/ASF/sam0/utils/cmsis/samd20/source/gcc/startup_samd20.o
exit                                              c:/program files (x86)/atmel/studio/7.0/toolchain/arm/arm-gnu-toolchain/bin/../lib/gcc/arm-none-eabi/6.3.1/../../../../arm-none-eabi/lib/thumb/v6-m\libc_nano.a(lib_a-exit.o)
                                                  c:/program files (x86)/atmel/studio/7.0/toolchain/arm/arm-gnu-toolchain/bin/../lib/gcc/arm-none-eabi/6.3.1/../../../../arm-none-eabi/lib/thumb/v6-m/crt0.o
extint_chan_disable_callback                      src/ASF/sam0/drivers/extint/extint_callback.o
extint_chan_enable_callback                       src/ASF/sam0/drivers/extint/extint_callback.o
                                                  src/DC_peripherals.o
extint_chan_get_config_defaults                   src/ASF/sam0/drivers/extint/extint_sam_d_r_h/extint.o
                                                  src/DC_peripherals.o
extint_chan_set_config                            src/ASF/sam0/drivers/extint/extint_sam_d_r_h/extint.o
                                                  src/DC_peripherals.o
extint_detection_callback                         src/DC_peripherals.o
extint_disable_events                             src/ASF/sam0/drivers/extint/extint_sam_d_r_h/extint.o
extint_enable_events                              src/ASF/sam0/drivers/extint/extint_sam_d_r_h/extint.o
extint_get_current_channel                        src/ASF/sam0/drivers/extint/extint_callback.o
extint_nmi_set_config                             src/ASF/sam0/drivers/extint/extint_sam_d_r_h/extint.o
extint_register_callback                          src/ASF/sam0/drivers/extint/extint_callback.o
                                                  src/DC_peripherals.o
extint_unregister_callback                        src/ASF/sam0/drivers/extint/extint_callback.o
g_interrupt_enabled                               src/ASF/common/utils/interrupt/interrupt_sam_nvic.o
                                                  src/DC_peripherals.o
hardware_init_hook                                c:/program files (x86)/atmel/studio/7.0/toolchain/arm/arm-gnu-toolchain/bin/../lib/gcc/arm-none-eabi/6.3.1/../../../../arm-none-eabi/lib/thumb/v6-m/crt0.o
i2c_Read                                          src/DC_sercom.o
                                                  src/main.o
                                                  src/DC_peripherals.o
i2c_Write                                         src/DC_sercom.o
i2c_master_init                                   src/ASF/sam0/drivers/sercom/i2c/i2c_samd20/i2c_master.o
                                                  src/DC_sercom.o
i2c_master_instance                               src/main.o
                                                  src/DC_peripherals.o
                                                  src/DC_sercom.o
i2c_master_read_byte                              src/ASF/sam0/drivers/sercom/i2c/i2c_samd20/i2c_master.o
i2c_master_read_bytes                             src/ASF/sam0/drivers/sercom/i2c/i2c_samd20/i2c_master_interrupt.o
i2c_master_read_packet_job                        src/ASF/sam0/drivers/sercom/i2c/i2c_samd20/i2c_master_interrupt.o
                                                  src/DC_sercom.o
i2c_master_read_packet_job_no_nack                src/ASF/sam0/drivers/sercom/i2c/i2c_samd20/i2c_master_interrupt.o
i2c_master_read_packet_job_no_stop                src/ASF/sam0/drivers/sercom/i2c/i2c_samd20/i2c_master_interrupt.o
i2c_master_read_packet_wait                       src/ASF/sam0/drivers/sercom/i2c/i2c_samd20/i2c_master.o
                                                  src/DC_sercom.o
i2c_master_read_packet_wait_no_nack               src/ASF/sam0/drivers/sercom/i2c/i2c_samd20/i2c_master.o
i2c_master_read_packet_wait_no_stop               src/ASF/sam0/drivers/sercom/i2c/i2c_samd20/i2c_master.o
i2c_master_register_callback                      src/ASF/sam0/drivers/sercom/i2c/i2c_samd20/i2c_master_interrupt.o
                                                  src/DC_sercom.o
i2c_master_reset                                  src/ASF/sam0/drivers/sercom/i2c/i2c_samd20/i2c_master.o
i2c_master_send_nack                              src/ASF/sam0/drivers/sercom/i2c/i2c_samd20/i2c_master.o
i2c_master_send_stop                              src/ASF/sam0/drivers/sercom/i2c/i2c_samd20/i2c_master.o
i2c_master_unregister_callback                    src/ASF/sam0/drivers/sercom/i2c/i2c_samd20/i2c_master_interrupt.o
i2c_master_write_byte                             src/ASF/sam0/drivers/sercom/i2c/i2c_samd20/i2c_master.o
i2c_master_write_bytes                            src/ASF/sam0/drivers/sercom/i2c/i2c_samd20/i2c_master_interrupt.o
i2c_master_write_packet_job                       src/ASF/sam0/drivers/sercom/i2c/i2c_samd20/i2c_master_interrupt.o
i2c_master_write_packet_job_no_stop               src/ASF/sam0/drivers/sercom/i2c/i2c_samd20/i2c_master_interrupt.o
i2c_master_write_packet_wait                      src/ASF/sam0/drivers/sercom/i2c/i2c_samd20/i2c_master.o
                                                  src/DC_sercom.o
i2c_master_write_packet_wait_no_stop              src/ASF/sam0/drivers/sercom/i2c/i2c_samd20/i2c_master.o
i2c_slWrite                                       src/DC_sercom.o
                                                  src/DC_peripherals.o
i2c_write_complete_callback                       src/DC_sercom.o
link                                              src/ASF/sam0/utils/syscalls/gcc/syscalls.o
main                                              src/main.o
                                                  src/ASF/sam0/utils/cmsis/samd20/source/gcc/startup_samd20.o
                                                  c:/program files (x86)/atmel/studio/7.0/toolchain/arm/arm-gnu-toolchain/bin/../lib/gcc/arm-none-eabi/6.3.1/../../../../arm-none-eabi/lib/thumb/v6-m/crt0.o
memset                                            c:/program files (x86)/atmel/studio/7.0/toolchain/arm/arm-gnu-toolchain/bin/../lib/gcc/arm-none-eabi/6.3.1/../../../../arm-none-eabi/lib/thumb/v6-m\libc_nano.a(lib_a-memset.o)
                                                  c:/program files (x86)/atmel/studio/7.0/toolchain/arm/arm-gnu-toolchain/bin/../lib/gcc/arm-none-eabi/6.3.1/../../../../arm-none-eabi/lib/thumb/v6-m/crt0.o
port_group_set_config                             src/ASF/sam0/drivers/port/port.o
port_pin_set_config                               src/ASF/sam0/drivers/port/port.o
                                                  src/ASF/common2/boards/user_board/init.o
rd_buffer                                         src/main.o
read_packet                                       src/main.o
                                                  src/DC_peripherals.o
                                                  src/DC_sercom.o
rx_buffer                                         src/main.o
                                                  src/DC_peripherals.o
                                                  src/DC_sercom.o
sensorADDR                                        src/main.o
sensorRead                                        src/main.o
sercom_set_gclk_generator                         src/ASF/sam0/drivers/sercom/sercom.o
                                                  src/ASF/sam0/drivers/sercom/i2c/i2c_samd20/i2c_master.o
slaveADDR                                         src/DC_peripherals.o
slcfgReg                                          src/DC_peripherals.o
slrd_buffer                                       src/DC_peripherals.o
slwr_buffer                                       src/DC_peripherals.o
software_init_hook                                c:/program files (x86)/atmel/studio/7.0/toolchain/arm/arm-gnu-toolchain/bin/../lib/gcc/arm-none-eabi/6.3.1/../../../../arm-none-eabi/lib/thumb/v6-m/crt0.o
sys_config                                        src/DC_peripherals.o
                                                  src/main.o
system_board_init                                 src/ASF/common2/boards/user_board/init.o
system_clock_init                                 src/ASF/sam0/drivers/system/clock/clock_samd20/clock.o
system_clock_source_dfll_set_config               src/ASF/sam0/drivers/system/clock/clock_samd20/clock.o
system_clock_source_disable                       src/ASF/sam0/drivers/system/clock/clock_samd20/clock.o
system_clock_source_enable                        src/ASF/sam0/drivers/system/clock/clock_samd20/clock.o
system_clock_source_get_hz                        src/ASF/sam0/drivers/system/clock/clock_samd20/clock.o
                                                  src/ASF/sam0/drivers/system/clock/clock_samd20/gclk.o
system_clock_source_is_ready                      src/ASF/sam0/drivers/system/clock/clock_samd20/clock.o
system_clock_source_osc32k_set_config             src/ASF/sam0/drivers/system/clock/clock_samd20/clock.o
system_clock_source_osc8m_set_config              src/ASF/sam0/drivers/system/clock/clock_samd20/clock.o
system_clock_source_write_calibration             src/ASF/sam0/drivers/system/clock/clock_samd20/clock.o
system_clock_source_xosc32k_set_config            src/ASF/sam0/drivers/system/clock/clock_samd20/clock.o
system_clock_source_xosc_set_config               src/ASF/sam0/drivers/system/clock/clock_samd20/clock.o
system_gclk_chan_disable                          src/ASF/sam0/drivers/system/clock/clock_samd20/gclk.o
                                                  src/ASF/sam0/drivers/extint/extint_sam_d_r_h/extint.o
system_gclk_chan_enable                           src/ASF/sam0/drivers/system/clock/clock_samd20/gclk.o
                                                  src/ASF/sam0/drivers/extint/extint_sam_d_r_h/extint.o
                                                  src/ASF/sam0/drivers/sercom/sercom.o
                                                  src/ASF/sam0/drivers/sercom/i2c/i2c_samd20/i2c_master.o
system_gclk_chan_get_hz                           src/ASF/sam0/drivers/system/clock/clock_samd20/gclk.o
                                                  src/ASF/sam0/drivers/system/clock/clock_samd20/clock.o
                                                  src/ASF/sam0/drivers/sercom/i2c/i2c_samd20/i2c_master.o
system_gclk_chan_is_enabled                       src/ASF/sam0/drivers/system/clock/clock_samd20/gclk.o
system_gclk_chan_is_locked                        src/ASF/sam0/drivers/system/clock/clock_samd20/gclk.o
system_gclk_chan_lock                             src/ASF/sam0/drivers/system/clock/clock_samd20/gclk.o
system_gclk_chan_set_config                       src/ASF/sam0/drivers/system/clock/clock_samd20/gclk.o
                                                  src/ASF/sam0/drivers/system/clock/clock_samd20/clock.o
                                                  src/ASF/sam0/drivers/extint/extint_sam_d_r_h/extint.o
                                                  src/ASF/sam0/drivers/sercom/sercom.o
                                                  src/ASF/sam0/drivers/sercom/i2c/i2c_samd20/i2c_master.o
system_gclk_gen_disable                           src/ASF/sam0/drivers/system/clock/clock_samd20/gclk.o
system_gclk_gen_enable                            src/ASF/sam0/drivers/system/clock/clock_samd20/gclk.o
                                                  src/ASF/sam0/drivers/system/clock/clock_samd20/clock.o
system_gclk_gen_get_hz                            src/ASF/sam0/drivers/system/clock/clock_samd20/gclk.o
                                                  src/ASF/common2/boards/user_board/init.o
                                                  src/ASF/common2/services/delay/sam0/systick_counter.o
system_gclk_gen_is_enabled                        src/ASF/sam0/drivers/system/clock/clock_samd20/gclk.o
system_gclk_gen_set_config                        src/ASF/sam0/drivers/system/clock/clock_samd20/gclk.o
                                                  src/ASF/sam0/drivers/system/clock/clock_samd20/clock.o
system_gclk_init                                  src/ASF/sam0/drivers/system/clock/clock_samd20/gclk.o
                                                  src/ASF/sam0/drivers/system/clock/clock_samd20/clock.o
system_init                                       src/ASF/sam0/drivers/system/system.o
                                                  src/main.o
system_interrupt_clear_pending                    src/ASF/sam0/drivers/system/interrupt/system_interrupt.o
                                                  src/ASF/sam0/drivers/sercom/i2c/i2c_samd20/i2c_master.o
system_interrupt_get_priority                     src/ASF/sam0/drivers/system/interrupt/system_interrupt.o
system_interrupt_is_pending                       src/ASF/sam0/drivers/system/interrupt/system_interrupt.o
system_interrupt_set_pending                      src/ASF/sam0/drivers/system/interrupt/system_interrupt.o
system_interrupt_set_priority                     src/ASF/sam0/drivers/system/interrupt/system_interrupt.o
system_pinmux_group_set_config                    src/ASF/sam0/drivers/system/pinmux/pinmux.o
                                                  src/ASF/sam0/drivers/port/port.o
system_pinmux_group_set_input_sample_mode         src/ASF/sam0/drivers/system/pinmux/pinmux.o
system_pinmux_pin_set_config                      src/ASF/sam0/drivers/system/pinmux/pinmux.o
                                                  src/ASF/sam0/drivers/port/port.o
                                                  src/ASF/sam0/drivers/extint/extint_sam_d_r_h/extint.o
                                                  src/ASF/sam0/drivers/sercom/i2c/i2c_samd20/i2c_master.o
timeout                                           src/DC_sercom.o
wr_buffer                                         src/main.o
wr_cmds                                           src/DC_peripherals.o
write_packet                                      src/main.o
                                                  src/DC_peripherals.o
                                                  src/DC_sercom.o
